Sender: LSF System <lsfadmin@ln01.ai.cato.cnt.uksw.edu.pl>
Subject: Job 74502: <poprad_cds_deep> in cluster <cato> Done

Job <poprad_cds_deep> was submitted from host <ln02.ai.cato.cnt.uksw.edu.pl> by user <jkanturski> in cluster <cato> at Sun Sep 20 15:05:32 2026
Job was executed on host(s) <2*ln01.ai.cato.cnt.uksw.edu.pl>, in queue <short>, as user <jkanturski> in cluster <cato> at Sun Sep 20 15:05:32 2026
                            <2*cn05.ai.cato.cnt.uksw.edu.pl>
                            <2*cn02.ai.cato.cnt.uksw.edu.pl>
                            <2*cn04.ai.cato.cnt.uksw.edu.pl>
                            <2*cn01.ai.cato.cnt.uksw.edu.pl>
                            <2*cn06.ai.cato.cnt.uksw.edu.pl>
</home/jkanturski> was used as the home directory.
</home/jkanturski/CATO/experiments> was used as the working directory.
Started at Sun Sep 20 15:05:32 2026
Terminated at Sun Sep 20 15:06:24 2026
Results reported at Sun Sep 20 15:06:24 2026

Your job looked like:

------------------------------------------------------------
# LSBATCH: User input
#!/bin/bash
#BSUB -J "poprad_cds_deep"
#BSUB -q short
#BSUB -n 12
#BSUB -R "span[ptile=2]"
#BSUB -gpu "num=2:mode=exclusive_process:j_exclusive=yes"
#BSUB -o poprad_cds.%J.log
#BSUB -e poprad_cds.%J.err
#
# Launches distributed training of the LSTM/TCN/hybrid forecasters
# (Sections III.C/D/E, V of paper.tex) on the CATO cluster.
#
# Usage:
#   bsub < submit_deep_models.sh
#
# Edit MODEL/HORIZON/SCRIPT below to select which of the three deep
# configurations and which forecasting horizon to run. For the full
# scaling experiment (Table II of paper.tex), resubmit with different
# #BSUB -n / -R / -gpu values (1 GPU/1 node, 2 GPU/1 node, 4 GPU/2 nodes,
# 12 GPU/6 nodes) and record wall-clock time from the LSF job log.

MODEL=lstm          # one of: lstm, tcn (used only when SCRIPT=train_lstm_tcn_ddp.py)
HORIZON=1          # one of: 1, 7, 30
SCRIPT=train_hybrid.py   # train_lstm_tcn_ddp.py (lstm/tcn) or train_hybrid.py
EXTRA_ARGS="--horizon $HORIZON"   # for train_hybrid.py, use "--horizon $HORIZON" only

module purge
module load compilers/nvidia/hpc_sdk/nompi/21.9

# Master address = first host in allocation
export MASTER_ADDR=$(echo $LSB_MCPU_HOSTS | awk '{print $1}')
export MASTER_PORT=29505
unset MASTER_ADDR  # LSF injects an incompatible value; resolve IPv4 below instead

NODES=($(echo $LSB_MCPU_HOSTS | awk '{for(i=1;i<=NF;i+=2) print $i}'))
NNODES=${#NODES[@]}
MASTER_HOST=${NODES[0]}
MASTER_ADDR=$(getent ahostsv4 $MASTER_HOST | awk '{print $1}' | head -n 1)

echo "MASTER_ADDR=$MASTER_ADDR"
echo "NNODES=$NNODES"
echo "NODES=${NODES[@]}"
echo "MODEL=$MODEL HORIZON=$HORIZON"

for i in "${!NODES[@]}"; do
    NODE=${NODES[$i]}
    blaunch $NODE "
        source /gpfs/catosys/opence/anaconda3/etc/profile.d/conda.sh && \
        conda activate torch2_p9 && \
        export NCCL_DEBUG=INFO && \

(... more ...)
------------------------------------------------------------

Successfully completed.

Resource usage summary:

    CPU time :                                   197.00 sec.
    Max Memory :                                 4881 MB
    Average Memory :                             862.78 MB
    Total Requested Memory :                     -
    Delta Memory :                               -
    Max Swap :                                   -
    Max Processes :                              14
    Max Threads :                                144
    Run time :                                   50 sec.
    Turnaround time :                            52 sec.

The output (if any) follows:

MASTER_ADDR=10.0.0.13
NNODES=6
NODES=ln01.ai.cato.cnt.uksw.edu.pl cn05.ai.cato.cnt.uksw.edu.pl cn02.ai.cato.cnt.uksw.edu.pl cn04.ai.cato.cnt.uksw.edu.pl cn01.ai.cato.cnt.uksw.edu.pl cn06.ai.cato.cnt.uksw.edu.pl
MODEL=lstm HORIZON=1
Starting node_rank=5 on cn06.ai.cato.cnt.uksw.edu.pl
Starting node_rank=0 on ln01.ai.cato.cnt.uksw.edu.pl
Starting node_rank=4 on cn01.ai.cato.cnt.uksw.edu.pl
Starting node_rank=1 on cn05.ai.cato.cnt.uksw.edu.pl
Starting node_rank=3 on cn04.ai.cato.cnt.uksw.edu.pl
Starting node_rank=2 on cn02.ai.cato.cnt.uksw.edu.pl
cn01:421513:421513 [0] NCCL INFO NCCL_SOCKET_IFNAME set by environment to clpriv
cn01:421513:421513 [0] NCCL INFO Bootstrap : Using clpriv:10.0.0.21<0>
cn01:421513:421513 [0] NCCL INFO NET/Plugin : Plugin load (libnccl-net.so) returned 2 : libnccl-net.so: cannot open shared object file: No such file or directory
cn01:421513:421513 [0] NCCL INFO NET/Plugin : No plugin found, using internal implementation
cn01:421513:421513 [0] NCCL INFO cudaDriverVersion 11060
NCCL version 2.17.1+cuda11.8
cn01:421514:421514 [1] NCCL INFO cudaDriverVersion 11060
cn01:421514:421514 [1] NCCL INFO NCCL_SOCKET_IFNAME set by environment to clpriv
cn01:421514:421514 [1] NCCL INFO Bootstrap : Using clpriv:10.0.0.21<0>
ln01:2833902:2833902 [1] NCCL INFO cudaDriverVersion 11060
ln01:2833901:2833901 [0] NCCL INFO cudaDriverVersion 11060
cn01:421514:421514 [1] NCCL INFO NET/Plugin : Plugin load (libnccl-net.so) returned 2 : libnccl-net.so: cannot open shared object file: No such file or directory
cn01:421514:421514 [1] NCCL INFO NET/Plugin : No plugin found, using internal implementation
ln01:2833902:2833902 [1] NCCL INFO NCCL_SOCKET_IFNAME set by environment to clpriv
ln01:2833901:2833901 [0] NCCL INFO NCCL_SOCKET_IFNAME set by environment to clpriv
cn05:2737793:2737793 [0] NCCL INFO cudaDriverVersion 11060
cn05:2737794:2737794 [1] NCCL INFO cudaDriverVersion 11060
ln01:2833901:2833901 [0] NCCL INFO Bootstrap : Using clpriv:10.0.0.13<0>
ln01:2833902:2833902 [1] NCCL INFO Bootstrap : Using clpriv:10.0.0.13<0>
cn05:2737794:2737794 [1] NCCL INFO NCCL_SOCKET_IFNAME set by environment to clpriv
cn05:2737793:2737793 [0] NCCL INFO NCCL_SOCKET_IFNAME set by environment to clpriv
cn05:2737794:2737794 [1] NCCL INFO Bootstrap : Using clpriv:10.0.0.25<0>
cn05:2737793:2737793 [0] NCCL INFO Bootstrap : Using clpriv:10.0.0.25<0>
ln01:2833901:2833901 [0] NCCL INFO NET/Plugin : Plugin load (libnccl-net.so) returned 2 : libnccl-net.so: cannot open shared object file: No such file or directory
ln01:2833901:2833901 [0] NCCL INFO NET/Plugin : No plugin found, using internal implementation
ln01:2833902:2833902 [1] NCCL INFO NET/Plugin : Plugin load (libnccl-net.so) returned 2 : libnccl-net.so: cannot open shared object file: No such file or directory
ln01:2833902:2833902 [1] NCCL INFO NET/Plugin : No plugin found, using internal implementation
cn05:2737793:2737793 [0] NCCL INFO NET/Plugin : Plugin load (libnccl-net.so) returned 2 : libnccl-net.so: cannot open shared object file: No such file or directory
cn05:2737794:2737794 [1] NCCL INFO NET/Plugin : Plugin load (libnccl-net.so) returned 2 : libnccl-net.so: cannot open shared object file: No such file or directory
cn05:2737793:2737793 [0] NCCL INFO NET/Plugin : No plugin found, using internal implementation
cn05:2737794:2737794 [1] NCCL INFO NET/Plugin : No plugin found, using internal implementation
cn06:2274495:2274495 [0] NCCL INFO cudaDriverVersion 11060
cn04:689294:689294 [1] NCCL INFO cudaDriverVersion 11060
cn06:2274496:2274496 [1] NCCL INFO cudaDriverVersion 11060
cn04:689293:689293 [0] NCCL INFO cudaDriverVersion 11060
cn04:689294:689294 [1] NCCL INFO NCCL_SOCKET_IFNAME set by environment to clpriv
cn06:2274495:2274495 [0] NCCL INFO NCCL_SOCKET_IFNAME set by environment to clpriv
cn04:689293:689293 [0] NCCL INFO NCCL_SOCKET_IFNAME set by environment to clpriv
cn06:2274496:2274496 [1] NCCL INFO NCCL_SOCKET_IFNAME set by environment to clpriv
cn02:673302:673302 [0] NCCL INFO cudaDriverVersion 11060
cn02:673303:673303 [1] NCCL INFO cudaDriverVersion 11060
cn02:673302:673302 [0] NCCL INFO NCCL_SOCKET_IFNAME set by environment to clpriv
cn02:673303:673303 [1] NCCL INFO NCCL_SOCKET_IFNAME set by environment to clpriv
cn06:2274496:2274496 [1] NCCL INFO Bootstrap : Using clpriv:10.0.0.26<0>
cn04:689294:689294 [1] NCCL INFO Bootstrap : Using clpriv:10.0.0.24<0>
cn02:673303:673303 [1] NCCL INFO Bootstrap : Using clpriv:10.0.0.22<0>
cn02:673302:673302 [0] NCCL INFO Bootstrap : Using clpriv:10.0.0.22<0>
cn06:2274495:2274495 [0] NCCL INFO Bootstrap : Using clpriv:10.0.0.26<0>
cn04:689293:689293 [0] NCCL INFO Bootstrap : Using clpriv:10.0.0.24<0>
cn02:673303:673303 [1] NCCL INFO NET/Plugin : Plugin load (libnccl-net.so) returned 2 : libnccl-net.so: cannot open shared object file: No such file or directory
cn02:673302:673302 [0] NCCL INFO NET/Plugin : Plugin load (libnccl-net.so) returned 2 : libnccl-net.so: cannot open shared object file: No such file or directory
cn02:673303:673303 [1] NCCL INFO NET/Plugin : No plugin found, using internal implementation
cn02:673302:673302 [0] NCCL INFO NET/Plugin : No plugin found, using internal implementation
cn06:2274496:2274496 [1] NCCL INFO NET/Plugin : Plugin load (libnccl-net.so) returned 2 : libnccl-net.so: cannot open shared object file: No such file or directory
cn04:689294:689294 [1] NCCL INFO NET/Plugin : Plugin load (libnccl-net.so) returned 2 : libnccl-net.so: cannot open shared object file: No such file or directory
cn06:2274495:2274495 [0] NCCL INFO NET/Plugin : Plugin load (libnccl-net.so) returned 2 : libnccl-net.so: cannot open shared object file: No such file or directory
cn04:689294:689294 [1] NCCL INFO NET/Plugin : No plugin found, using internal implementation
cn06:2274496:2274496 [1] NCCL INFO NET/Plugin : No plugin found, using internal implementation
cn06:2274495:2274495 [0] NCCL INFO NET/Plugin : No plugin found, using internal implementation
cn04:689293:689293 [0] NCCL INFO NET/Plugin : Plugin load (libnccl-net.so) returned 2 : libnccl-net.so: cannot open shared object file: No such file or directory
cn04:689293:689293 [0] NCCL INFO NET/Plugin : No plugin found, using internal implementation
cn02:673303:673442 [1] NCCL INFO NCCL_IB_DISABLE set by environment to 0.
cn05:2737793:2737926 [0] NCCL INFO NCCL_IB_DISABLE set by environment to 0.
cn02:673302:673443 [0] NCCL INFO NCCL_IB_DISABLE set by environment to 0.
cn02:673303:673442 [1] NCCL INFO NCCL_SOCKET_IFNAME set by environment to clpriv
cn05:2737793:2737926 [0] NCCL INFO NCCL_SOCKET_IFNAME set by environment to clpriv
cn02:673302:673443 [0] NCCL INFO NCCL_SOCKET_IFNAME set by environment to clpriv
cn05:2737794:2737927 [1] NCCL INFO NCCL_IB_DISABLE set by environment to 0.
ln01:2833902:2834048 [1] NCCL INFO NCCL_IB_DISABLE set by environment to 0.
ln01:2833901:2834049 [0] NCCL INFO NCCL_IB_DISABLE set by environment to 0.
cn05:2737794:2737927 [1] NCCL INFO NCCL_SOCKET_IFNAME set by environment to clpriv
ln01:2833901:2834049 [0] NCCL INFO NCCL_SOCKET_IFNAME set by environment to clpriv
ln01:2833902:2834048 [1] NCCL INFO NCCL_SOCKET_IFNAME set by environment to clpriv
cn06:2274496:2274640 [1] NCCL INFO NCCL_IB_DISABLE set by environment to 0.
cn06:2274496:2274640 [1] NCCL INFO NCCL_SOCKET_IFNAME set by environment to clpriv
cn01:421513:421659 [0] NCCL INFO NCCL_IB_DISABLE set by environment to 0.
cn01:421514:421660 [1] NCCL INFO NCCL_IB_DISABLE set by environment to 0.
cn06:2274495:2274641 [0] NCCL INFO NCCL_IB_DISABLE set by environment to 0.
cn01:421513:421659 [0] NCCL INFO NCCL_SOCKET_IFNAME set by environment to clpriv
cn01:421514:421660 [1] NCCL INFO NCCL_SOCKET_IFNAME set by environment to clpriv
cn06:2274495:2274641 [0] NCCL INFO NCCL_SOCKET_IFNAME set by environment to clpriv
cn04:689294:689437 [1] NCCL INFO NCCL_IB_DISABLE set by environment to 0.
cn04:689293:689438 [0] NCCL INFO NCCL_IB_DISABLE set by environment to 0.
cn04:689294:689437 [1] NCCL INFO NCCL_SOCKET_IFNAME set by environment to clpriv
cn04:689293:689438 [0] NCCL INFO NCCL_SOCKET_IFNAME set by environment to clpriv
cn05:2737793:2737926 [0] NCCL INFO NET/IB : Using [0]mlx5_2:1/IB ; OOB clpriv:10.0.0.25<0>
cn05:2737793:2737926 [0] NCCL INFO Using network IB
cn05:2737794:2737927 [1] NCCL INFO NET/IB : Using [0]mlx5_2:1/IB ; OOB clpriv:10.0.0.25<0>
cn05:2737794:2737927 [1] NCCL INFO Using network IB
cn06:2274495:2274641 [0] NCCL INFO NET/IB : Using [0]mlx5_2:1/IB ; OOB clpriv:10.0.0.26<0>
cn06:2274495:2274641 [0] NCCL INFO Using network IB
cn06:2274496:2274640 [1] NCCL INFO NET/IB : Using [0]mlx5_2:1/IB ; OOB clpriv:10.0.0.26<0>
cn06:2274496:2274640 [1] NCCL INFO Using network IB
ln01:2833902:2834048 [1] NCCL INFO NET/IB : Using [0]mlx5_2:1/IB ; OOB clpriv:10.0.0.13<0>
ln01:2833901:2834049 [0] NCCL INFO NET/IB : Using [0]mlx5_2:1/IB ; OOB clpriv:10.0.0.13<0>
ln01:2833902:2834048 [1] NCCL INFO Using network IB
ln01:2833901:2834049 [0] NCCL INFO Using network IB
cn02:673303:673442 [1] NCCL INFO NET/IB : Using [0]mlx5_2:1/IB ; OOB clpriv:10.0.0.22<0>
cn02:673303:673442 [1] NCCL INFO Using network IB
cn02:673302:673443 [0] NCCL INFO NET/IB : Using [0]mlx5_2:1/IB ; OOB clpriv:10.0.0.22<0>
cn02:673302:673443 [0] NCCL INFO Using network IB
cn01:421514:421660 [1] NCCL INFO NET/IB : Using [0]mlx5_2:1/IB ; OOB clpriv:10.0.0.21<0>
cn01:421514:421660 [1] NCCL INFO Using network IB
cn01:421513:421659 [0] NCCL INFO NET/IB : Using [0]mlx5_2:1/IB ; OOB clpriv:10.0.0.21<0>
cn01:421513:421659 [0] NCCL INFO Using network IB
cn04:689294:689437 [1] NCCL INFO NET/IB : Using [0]mlx5_2:1/IB ; OOB clpriv:10.0.0.24<0>
cn04:689294:689437 [1] NCCL INFO Using network IB
cn04:689293:689438 [0] NCCL INFO NET/IB : Using [0]mlx5_2:1/IB ; OOB clpriv:10.0.0.24<0>
cn04:689293:689438 [0] NCCL INFO Using network IB
cn05:2737794:2737927 [1] NCCL INFO Setting affinity for GPU 1 to ffffffff,ffffffff,00000000,00000000
cn05:2737793:2737926 [0] NCCL INFO Setting affinity for GPU 0 to ffffffff,ffffffff
ln01:2833901:2834049 [0] NCCL INFO Setting affinity for GPU 0 to ffffffff,ffffffff
ln01:2833902:2834048 [1] NCCL INFO Setting affinity for GPU 1 to ffffffff,ffffffff,00000000,00000000
cn04:689294:689437 [1] NCCL INFO Setting affinity for GPU 1 to ffffffff,ffffffff,00000000,00000000
cn04:689293:689438 [0] NCCL INFO Setting affinity for GPU 0 to ffffffff,ffffffff
cn01:421513:421659 [0] NCCL INFO Setting affinity for GPU 0 to ffffffff,ffffffff
cn01:421514:421660 [1] NCCL INFO Setting affinity for GPU 1 to ffffffff,ffffffff,00000000,00000000
cn06:2274495:2274641 [0] NCCL INFO Setting affinity for GPU 0 to ffffffff,ffffffff
cn06:2274496:2274640 [1] NCCL INFO Setting affinity for GPU 1 to ffffffff,ffffffff,00000000,00000000
cn02:673302:673443 [0] NCCL INFO Setting affinity for GPU 0 to ffffffff,ffffffff
cn02:673303:673442 [1] NCCL INFO Setting affinity for GPU 1 to ffffffff,ffffffff,00000000,00000000
cn02:673303:673442 [1] NCCL INFO Trees [0] -1/-1/-1->3->2 [1] 6/-1/-1->3->2
cn02:673303:673442 [1] NCCL INFO P2P Chunksize set to 131072
cn05:2737793:2737926 [0] NCCL INFO Trees [0] 7/-1/-1->6->4 [1] 7/4/-1->6->3
cn04:689293:689438 [0] NCCL INFO Trees [0] 5/6/-1->4->9 [1] 5/-1/-1->4->6
cn04:689293:689438 [0] NCCL INFO P2P Chunksize set to 131072
cn04:689294:689437 [1] NCCL INFO Trees [0] 2/-1/-1->5->4 [1] -1/-1/-1->5->4
cn04:689294:689437 [1] NCCL INFO P2P Chunksize set to 131072
cn05:2737793:2737926 [0] NCCL INFO P2P Chunksize set to 131072
cn05:2737794:2737927 [1] NCCL INFO Trees [0] -1/-1/-1->7->6 [1] 8/-1/-1->7->6
cn05:2737794:2737927 [1] NCCL INFO P2P Chunksize set to 131072
ln01:2833902:2834048 [1] NCCL INFO Trees [0] -1/-1/-1->11->10 [1] -1/-1/-1->11->10
ln01:2833902:2834048 [1] NCCL INFO P2P Chunksize set to 131072
ln01:2833901:2834049 [0] NCCL INFO Trees [0] 11/-1/-1->10->8 [1] 11/2/-1->10->-1
ln01:2833901:2834049 [0] NCCL INFO P2P Chunksize set to 131072
cn06:2274495:2274641 [0] NCCL INFO Trees [0] 9/10/-1->8->0 [1] 9/-1/-1->8->7
cn06:2274495:2274641 [0] NCCL INFO P2P Chunksize set to 131072
cn06:2274496:2274640 [1] NCCL INFO Trees [0] 4/-1/-1->9->8 [1] -1/-1/-1->9->8
cn06:2274496:2274640 [1] NCCL INFO P2P Chunksize set to 131072
cn01:421514:421660 [1] NCCL INFO Trees [0] -1/-1/-1->1->0 [1] -1/-1/-1->1->0
cn01:421514:421660 [1] NCCL INFO P2P Chunksize set to 131072
cn01:421513:421659 [0] NCCL INFO Channel 00/02 :    0   1   2   3   4   5   6   7   8   9  10  11
cn01:421513:421659 [0] NCCL INFO Channel 01/02 :    0   1   2   3   4   5   6   7   8   9  10  11
cn01:421513:421659 [0] NCCL INFO Trees [0] 1/8/-1->0->-1 [1] 1/-1/-1->0->2
cn01:421513:421659 [0] NCCL INFO P2P Chunksize set to 131072
cn02:673302:673443 [0] NCCL INFO Trees [0] 3/-1/-1->2->5 [1] 3/0/-1->2->10
cn02:673302:673443 [0] NCCL INFO P2P Chunksize set to 131072
ln01:2833901:2834049 [0] NCCL INFO Channel 00/0 : 9[3503000] -> 10[404000] [receive] via NET/IB/0
cn05:2737793:2737926 [0] NCCL INFO Channel 00/0 : 5[3503000] -> 6[404000] [receive] via NET/IB/0
cn04:689293:689438 [0] NCCL INFO Channel 00/0 : 3[3503000] -> 4[404000] [receive] via NET/IB/0
cn02:673302:673443 [0] NCCL INFO Channel 00/0 : 1[3503000] -> 2[404000] [receive] via NET/IB/0
cn06:2274495:2274641 [0] NCCL INFO Channel 00/0 : 7[3503000] -> 8[404000] [receive] via NET/IB/0
cn01:421513:421659 [0] NCCL INFO Channel 00/0 : 11[3503000] -> 0[404000] [receive] via NET/IB/0
ln01:2833901:2834049 [0] NCCL INFO Channel 01/0 : 9[3503000] -> 10[404000] [receive] via NET/IB/0
ln01:2833901:2834049 [0] NCCL INFO Channel 00/0 : 10[404000] -> 11[3503000] via P2P/IPC
cn05:2737793:2737926 [0] NCCL INFO Channel 01/0 : 5[3503000] -> 6[404000] [receive] via NET/IB/0
cn04:689293:689438 [0] NCCL INFO Channel 01/0 : 3[3503000] -> 4[404000] [receive] via NET/IB/0
cn02:673302:673443 [0] NCCL INFO Channel 01/0 : 1[3503000] -> 2[404000] [receive] via NET/IB/0
cn02:673302:673443 [0] NCCL INFO Channel 00/0 : 2[404000] -> 3[3503000] via P2P/IPC
cn06:2274495:2274641 [0] NCCL INFO Channel 01/0 : 7[3503000] -> 8[404000] [receive] via NET/IB/0
cn06:2274495:2274641 [0] NCCL INFO Channel 00/0 : 8[404000] -> 9[3503000] via P2P/IPC
cn01:421513:421659 [0] NCCL INFO Channel 01/0 : 11[3503000] -> 0[404000] [receive] via NET/IB/0
cn05:2737793:2737926 [0] NCCL INFO Channel 00/0 : 6[404000] -> 7[3503000] via P2P/IPC
cn01:421513:421659 [0] NCCL INFO Channel 00/0 : 0[404000] -> 1[3503000] via P2P/IPC
cn04:689293:689438 [0] NCCL INFO Channel 00/0 : 4[404000] -> 5[3503000] via P2P/IPC
ln01:2833902:2834048 [1] NCCL INFO Channel 00/0 : 11[3503000] -> 0[404000] [send] via NET/IB/0
ln01:2833901:2834049 [0] NCCL INFO Channel 01/0 : 10[404000] -> 11[3503000] via P2P/IPC
cn02:673302:673443 [0] NCCL INFO Channel 01/0 : 2[404000] -> 3[3503000] via P2P/IPC
cn05:2737794:2737927 [1] NCCL INFO Channel 00/0 : 7[3503000] -> 8[404000] [send] via NET/IB/0
cn04:689294:689437 [1] NCCL INFO Channel 00/0 : 5[3503000] -> 6[404000] [send] via NET/IB/0
cn04:689293:689438 [0] NCCL INFO Channel 01/0 : 4[404000] -> 5[3503000] via P2P/IPC
cn06:2274495:2274641 [0] NCCL INFO Channel 01/0 : 8[404000] -> 9[3503000] via P2P/IPC
cn01:421514:421660 [1] NCCL INFO Channel 00/0 : 1[3503000] -> 2[404000] [send] via NET/IB/0
cn06:2274496:2274640 [1] NCCL INFO Channel 00/0 : 9[3503000] -> 10[404000] [send] via NET/IB/0
cn05:2737793:2737926 [0] NCCL INFO Channel 01/0 : 6[404000] -> 7[3503000] via P2P/IPC
cn01:421513:421659 [0] NCCL INFO Channel 01/0 : 0[404000] -> 1[3503000] via P2P/IPC
cn02:673303:673442 [1] NCCL INFO Channel 00/0 : 3[3503000] -> 4[404000] [send] via NET/IB/0
ln01:2833902:2834048 [1] NCCL INFO Channel 01/0 : 11[3503000] -> 0[404000] [send] via NET/IB/0
cn04:689294:689437 [1] NCCL INFO Channel 01/0 : 5[3503000] -> 6[404000] [send] via NET/IB/0
cn05:2737794:2737927 [1] NCCL INFO Channel 01/0 : 7[3503000] -> 8[404000] [send] via NET/IB/0
cn06:2274496:2274640 [1] NCCL INFO Channel 01/0 : 9[3503000] -> 10[404000] [send] via NET/IB/0
cn01:421514:421660 [1] NCCL INFO Channel 01/0 : 1[3503000] -> 2[404000] [send] via NET/IB/0
cn02:673303:673442 [1] NCCL INFO Channel 01/0 : 3[3503000] -> 4[404000] [send] via NET/IB/0
ln01:2833901:2834049 [0] NCCL INFO Connected all rings
cn06:2274496:2274640 [1] NCCL INFO Connected all rings
ln01:2833902:2834048 [1] NCCL INFO Connected all rings
ln01:2833902:2834048 [1] NCCL INFO Channel 00/0 : 11[3503000] -> 10[404000] via P2P/IPC
cn01:421514:421660 [1] NCCL INFO Connected all rings
cn01:421514:421660 [1] NCCL INFO Channel 00/0 : 1[3503000] -> 0[404000] via P2P/IPC
cn02:673302:673443 [0] NCCL INFO Connected all rings
cn01:421513:421659 [0] NCCL INFO Connected all rings
cn02:673303:673442 [1] NCCL INFO Connected all rings
cn05:2737793:2737926 [0] NCCL INFO Connected all rings
cn05:2737794:2737927 [1] NCCL INFO Connected all rings
cn04:689294:689437 [1] NCCL INFO Connected all rings
cn04:689293:689438 [0] NCCL INFO Connected all rings
cn06:2274495:2274641 [0] NCCL INFO Connected all rings
ln01:2833902:2834048 [1] NCCL INFO Channel 01/0 : 11[3503000] -> 10[404000] via P2P/IPC
cn01:421514:421660 [1] NCCL INFO Channel 01/0 : 1[3503000] -> 0[404000] via P2P/IPC
ln01:2833901:2834049 [0] NCCL INFO Channel 00/0 : 8[404000] -> 10[404000] [receive] via NET/IB/0
cn02:673302:673443 [0] NCCL INFO Channel 01/0 : 0[404000] -> 2[404000] [receive] via NET/IB/0
cn01:421513:421659 [0] NCCL INFO Channel 01/0 : 0[404000] -> 2[404000] [send] via NET/IB/0
cn06:2274496:2274640 [1] NCCL INFO Channel 00/0 : 4[404000] -> 9[3503000] [receive] via NET/IB/0
cn06:2274495:2274641 [0] NCCL INFO Channel 00/0 : 8[404000] -> 10[404000] [send] via NET/IB/0
cn04:689294:689437 [1] NCCL INFO Channel 00/0 : 2[404000] -> 5[3503000] [receive] via NET/IB/0
cn05:2737794:2737927 [1] NCCL INFO Channel 01/0 : 8[404000] -> 7[3503000] [receive] via NET/IB/0
cn05:2737794:2737927 [1] NCCL INFO Channel 00/0 : 7[3503000] -> 6[404000] via P2P/IPC
cn02:673303:673442 [1] NCCL INFO Channel 01/0 : 3[3503000] -> 6[404000] [send] via NET/IB/0
cn05:2737793:2737926 [0] NCCL INFO Channel 00/0 : 4[404000] -> 6[404000] [receive] via NET/IB/0
cn04:689293:689438 [0] NCCL INFO Channel 00/0 : 4[404000] -> 6[404000] [send] via NET/IB/0
cn05:2737794:2737927 [1] NCCL INFO Channel 01/0 : 7[3503000] -> 6[404000] via P2P/IPC
cn02:673302:673443 [0] NCCL INFO Channel 00/0 : 2[404000] -> 5[3503000] [send] via NET/IB/0
cn01:421513:421659 [0] NCCL INFO Channel 00/0 : 8[404000] -> 0[404000] [receive] via NET/IB/0
cn06:2274495:2274641 [0] NCCL INFO Channel 00/0 : 8[404000] -> 0[404000] [send] via NET/IB/0
ln01:2833901:2834049 [0] NCCL INFO Channel 01/0 : 10[404000] -> 2[404000] [send] via NET/IB/0
cn05:2737793:2737926 [0] NCCL INFO Channel 01/0 : 4[404000] -> 6[404000] [receive] via NET/IB/0
cn04:689293:689438 [0] NCCL INFO Channel 01/0 : 4[404000] -> 6[404000] [send] via NET/IB/0
cn04:689294:689437 [1] NCCL INFO Channel 00/0 : 5[3503000] -> 2[404000] [send] via NET/IB/0
cn02:673302:673443 [0] NCCL INFO Channel 01/0 : 10[404000] -> 2[404000] [receive] via NET/IB/0
cn06:2274495:2274641 [0] NCCL INFO Channel 00/0 : 0[404000] -> 8[404000] [receive] via NET/IB/0
cn01:421513:421659 [0] NCCL INFO Channel 00/0 : 0[404000] -> 8[404000] [send] via NET/IB/0
cn05:2737793:2737926 [0] NCCL INFO Channel 01/0 : 3[3503000] -> 6[404000] [receive] via NET/IB/0
cn04:689293:689438 [0] NCCL INFO Channel 00/0 : 4[404000] -> 9[3503000] [send] via NET/IB/0
ln01:2833901:2834049 [0] NCCL INFO Channel 01/0 : 2[404000] -> 10[404000] [receive] via NET/IB/0
cn02:673303:673442 [1] NCCL INFO Channel 01/0 : 6[404000] -> 3[3503000] [receive] via NET/IB/0
cn06:2274496:2274640 [1] NCCL INFO Channel 00/0 : 9[3503000] -> 4[404000] [send] via NET/IB/0
cn02:673302:673443 [0] NCCL INFO Channel 01/0 : 2[404000] -> 10[404000] [send] via NET/IB/0
cn06:2274495:2274641 [0] NCCL INFO Channel 00/0 : 10[404000] -> 8[404000] [receive] via NET/IB/0
cn01:421513:421659 [0] NCCL INFO Channel 01/0 : 2[404000] -> 0[404000] [receive] via NET/IB/0
cn05:2737793:2737926 [0] NCCL INFO Channel 01/0 : 6[404000] -> 3[3503000] [send] via NET/IB/0
cn04:689293:689438 [0] NCCL INFO Channel 00/0 : 9[3503000] -> 4[404000] [receive] via NET/IB/0
cn02:673303:673442 [1] NCCL INFO Channel 00/0 : 3[3503000] -> 2[404000] via P2P/IPC
cn06:2274496:2274640 [1] NCCL INFO Channel 00/0 : 9[3503000] -> 8[404000] via P2P/IPC
ln01:2833901:2834049 [0] NCCL INFO Channel 00/0 : 10[404000] -> 8[404000] [send] via NET/IB/0
cn02:673303:673442 [1] NCCL INFO Channel 01/0 : 3[3503000] -> 2[404000] via P2P/IPC
cn06:2274496:2274640 [1] NCCL INFO Channel 01/0 : 9[3503000] -> 8[404000] via P2P/IPC
cn02:673302:673443 [0] NCCL INFO Channel 00/0 : 5[3503000] -> 2[404000] [receive] via NET/IB/0
cn04:689294:689437 [1] NCCL INFO Channel 00/0 : 5[3503000] -> 4[404000] via P2P/IPC
cn05:2737793:2737926 [0] NCCL INFO Channel 00/0 : 6[404000] -> 4[404000] [send] via NET/IB/0
cn04:689293:689438 [0] NCCL INFO Channel 00/0 : 6[404000] -> 4[404000] [receive] via NET/IB/0
cn04:689294:689437 [1] NCCL INFO Channel 01/0 : 5[3503000] -> 4[404000] via P2P/IPC
ln01:2833902:2834048 [1] NCCL INFO Connected all trees
ln01:2833902:2834048 [1] NCCL INFO threadThresholds 8/8/64 | 96/8/64 | 512 | 512
ln01:2833902:2834048 [1] NCCL INFO 2 coll channels, 0 nvls channels, 2 p2p channels, 2 p2p channels per peer
cn02:673302:673443 [0] NCCL INFO Channel 01/0 : 2[404000] -> 0[404000] [send] via NET/IB/0
cn05:2737793:2737926 [0] NCCL INFO Channel 01/0 : 6[404000] -> 4[404000] [send] via NET/IB/0
cn04:689293:689438 [0] NCCL INFO Channel 01/0 : 6[404000] -> 4[404000] [receive] via NET/IB/0
cn06:2274495:2274641 [0] NCCL INFO Channel 01/0 : 8[404000] -> 7[3503000] [send] via NET/IB/0
cn01:421514:421660 [1] NCCL INFO Connected all trees
cn01:421514:421660 [1] NCCL INFO threadThresholds 8/8/64 | 96/8/64 | 512 | 512
cn01:421514:421660 [1] NCCL INFO 2 coll channels, 0 nvls channels, 2 p2p channels, 2 p2p channels per peer
ln01:2833901:2834049 [0] NCCL INFO Connected all trees
ln01:2833901:2834049 [0] NCCL INFO threadThresholds 8/8/64 | 96/8/64 | 512 | 512
ln01:2833901:2834049 [0] NCCL INFO 2 coll channels, 0 nvls channels, 2 p2p channels, 2 p2p channels per peer
cn05:2737794:2737927 [1] NCCL INFO Connected all trees
cn05:2737794:2737927 [1] NCCL INFO threadThresholds 8/8/64 | 96/8/64 | 512 | 512
cn05:2737794:2737927 [1] NCCL INFO 2 coll channels, 0 nvls channels, 2 p2p channels, 2 p2p channels per peer
cn04:689294:689437 [1] NCCL INFO Connected all trees
cn04:689294:689437 [1] NCCL INFO threadThresholds 8/8/64 | 96/8/64 | 512 | 512
cn04:689294:689437 [1] NCCL INFO 2 coll channels, 0 nvls channels, 2 p2p channels, 2 p2p channels per peer
cn06:2274496:2274640 [1] NCCL INFO Connected all trees
cn06:2274496:2274640 [1] NCCL INFO threadThresholds 8/8/64 | 96/8/64 | 512 | 512
cn06:2274496:2274640 [1] NCCL INFO 2 coll channels, 0 nvls channels, 2 p2p channels, 2 p2p channels per peer
cn02:673302:673443 [0] NCCL INFO Connected all trees
cn06:2274495:2274641 [0] NCCL INFO Connected all trees
cn01:421513:421659 [0] NCCL INFO Connected all trees
cn01:421513:421659 [0] NCCL INFO threadThresholds 8/8/64 | 96/8/64 | 512 | 512
cn01:421513:421659 [0] NCCL INFO 2 coll channels, 0 nvls channels, 2 p2p channels, 2 p2p channels per peer
cn02:673302:673443 [0] NCCL INFO threadThresholds 8/8/64 | 96/8/64 | 512 | 512
cn02:673302:673443 [0] NCCL INFO 2 coll channels, 0 nvls channels, 2 p2p channels, 2 p2p channels per peer
cn06:2274495:2274641 [0] NCCL INFO threadThresholds 8/8/64 | 96/8/64 | 512 | 512
cn06:2274495:2274641 [0] NCCL INFO 2 coll channels, 0 nvls channels, 2 p2p channels, 2 p2p channels per peer
cn02:673303:673442 [1] NCCL INFO Connected all trees
cn02:673303:673442 [1] NCCL INFO threadThresholds 8/8/64 | 96/8/64 | 512 | 512
cn02:673303:673442 [1] NCCL INFO 2 coll channels, 0 nvls channels, 2 p2p channels, 2 p2p channels per peer
ln01:2833902:2834048 [1] NCCL INFO comm 0x1a4d73070 rank 11 nranks 12 cudaDev 1 busId 3503000 commId 0x9dbc5fe2456ec4c1 - Init COMPLETE
ln01:2833901:2834049 [0] NCCL INFO comm 0x178bbd700 rank 10 nranks 12 cudaDev 0 busId 404000 commId 0x9dbc5fe2456ec4c1 - Init COMPLETE
cn04:689293:689438 [0] NCCL INFO Connected all trees
cn05:2737793:2737926 [0] NCCL INFO Connected all trees
cn04:689293:689438 [0] NCCL INFO threadThresholds 8/8/64 | 96/8/64 | 512 | 512
cn04:689293:689438 [0] NCCL INFO 2 coll channels, 0 nvls channels, 2 p2p channels, 2 p2p channels per peer
cn05:2737793:2737926 [0] NCCL INFO threadThresholds 8/8/64 | 96/8/64 | 512 | 512
cn05:2737793:2737926 [0] NCCL INFO 2 coll channels, 0 nvls channels, 2 p2p channels, 2 p2p channels per peer
cn06:2274496:2274640 [1] NCCL INFO comm 0x19a463290 rank 9 nranks 12 cudaDev 1 busId 3503000 commId 0x9dbc5fe2456ec4c1 - Init COMPLETE
cn06:2274495:2274641 [0] NCCL INFO comm 0x1861555d0 rank 8 nranks 12 cudaDev 0 busId 404000 commId 0x9dbc5fe2456ec4c1 - Init COMPLETE
cn02:673302:673443 [0] NCCL INFO comm 0x192c45df0 rank 2 nranks 12 cudaDev 0 busId 404000 commId 0x9dbc5fe2456ec4c1 - Init COMPLETE
cn02:673303:673442 [1] NCCL INFO comm 0x14ce8fc10 rank 3 nranks 12 cudaDev 1 busId 3503000 commId 0x9dbc5fe2456ec4c1 - Init COMPLETE
cn01:421514:421660 [1] NCCL INFO comm 0x155b92550 rank 1 nranks 12 cudaDev 1 busId 3503000 commId 0x9dbc5fe2456ec4c1 - Init COMPLETE
cn01:421513:421659 [0] NCCL INFO comm 0x184e3fe50 rank 0 nranks 12 cudaDev 0 busId 404000 commId 0x9dbc5fe2456ec4c1 - Init COMPLETE
cn05:2737794:2737927 [1] NCCL INFO comm 0x155052180 rank 7 nranks 12 cudaDev 1 busId 3503000 commId 0x9dbc5fe2456ec4c1 - Init COMPLETE
cn04:689294:689437 [1] NCCL INFO comm 0x1966cdcb0 rank 5 nranks 12 cudaDev 1 busId 3503000 commId 0x9dbc5fe2456ec4c1 - Init COMPLETE
cn04:689293:689438 [0] NCCL INFO comm 0x148eefb10 rank 4 nranks 12 cudaDev 0 busId 404000 commId 0x9dbc5fe2456ec4c1 - Init COMPLETE
cn05:2737793:2737926 [0] NCCL INFO comm 0x175642a20 rank 6 nranks 12 cudaDev 0 busId 404000 commId 0x9dbc5fe2456ec4c1 - Init COMPLETE
[hybrid-tcn h=1] epoch 0: val RMSE=40.9801
[hybrid-tcn h=1] epoch 10: val RMSE=11.0542
[hybrid-tcn h=1] epoch 20: val RMSE=15.7234
[hybrid-tcn h=1] early stopping at epoch 21 (best val RMSE=7.9852)
[hybrid h=1] test metrics: {'rmse': 23.075647354125977, 'mae': 22.556806564331055, 'mape': 64.43682909011841, 'directional_accuracy': 0.4826989619377163, 'n': 578}
ln01:2833902:2834053 [1] NCCL INFO [Service thread] Connection closed by localRank 1
ln01:2833901:2834052 [0] NCCL INFO [Service thread] Connection closed by localRank 0
cn04:689293:689444 [0] NCCL INFO [Service thread] Connection closed by localRank 0
cn06:2274496:2274645 [1] NCCL INFO [Service thread] Connection closed by localRank 1
cn01:421513:421667 [0] NCCL INFO [Service thread] Connection closed by localRank 0
cn06:2274495:2274644 [0] NCCL INFO [Service thread] Connection closed by localRank 0
cn04:689294:689443 [1] NCCL INFO [Service thread] Connection closed by localRank 1
cn01:421514:421668 [1] NCCL INFO [Service thread] Connection closed by localRank 1
cn02:673303:673447 [1] NCCL INFO [Service thread] Connection closed by localRank 1
cn05:2737793:2737930 [0] NCCL INFO [Service thread] Connection closed by localRank 0
cn05:2737794:2737931 [1] NCCL INFO [Service thread] Connection closed by localRank 1
cn02:673302:673446 [0] NCCL INFO [Service thread] Connection closed by localRank 0
ln01:2833902:2833902 [1] NCCL INFO comm 0x1a4d73070 rank 11 nranks 12 cudaDev 1 busId 3503000 - Abort COMPLETE
cn05:2737794:2737794 [1] NCCL INFO comm 0x155052180 rank 7 nranks 12 cudaDev 1 busId 3503000 - Abort COMPLETE
cn01:421514:421514 [1] NCCL INFO comm 0x155b92550 rank 1 nranks 12 cudaDev 1 busId 3503000 - Abort COMPLETE
cn06:2274496:2274496 [1] NCCL INFO comm 0x19a463290 rank 9 nranks 12 cudaDev 1 busId 3503000 - Abort COMPLETE
cn05:2737793:2737793 [0] NCCL INFO comm 0x175642a20 rank 6 nranks 12 cudaDev 0 busId 404000 - Abort COMPLETE
ln01:2833901:2833901 [0] NCCL INFO comm 0x178bbd700 rank 10 nranks 12 cudaDev 0 busId 404000 - Abort COMPLETE
cn06:2274495:2274495 [0] NCCL INFO comm 0x1861555d0 rank 8 nranks 12 cudaDev 0 busId 404000 - Abort COMPLETE
cn04:689294:689294 [1] NCCL INFO comm 0x1966cdcb0 rank 5 nranks 12 cudaDev 1 busId 3503000 - Abort COMPLETE
cn02:673303:673303 [1] NCCL INFO comm 0x14ce8fc10 rank 3 nranks 12 cudaDev 1 busId 3503000 - Abort COMPLETE
cn01:421513:421513 [0] NCCL INFO comm 0x184e3fe50 rank 0 nranks 12 cudaDev 0 busId 404000 - Abort COMPLETE
cn02:673302:673302 [0] NCCL INFO comm 0x192c45df0 rank 2 nranks 12 cudaDev 0 busId 404000 - Abort COMPLETE
cn04:689293:689293 [0] NCCL INFO comm 0x148eefb10 rank 4 nranks 12 cudaDev 0 busId 404000 - Abort COMPLETE
Job completed.


PS:

Read file <poprad_cds.74502.err> for stderr output of this job.

