Sender: LSF System <lsfadmin@ln01.ai.cato.cnt.uksw.edu.pl>
Subject: Job 74487: <poprad_cds_deep> in cluster <cato> Done

Job <poprad_cds_deep> was submitted from host <ln02.ai.cato.cnt.uksw.edu.pl> by user <jkanturski> in cluster <cato> at Sat Sep 19 11:28:13 2026
Job was executed on host(s) <2*ln01.ai.cato.cnt.uksw.edu.pl>, in queue <short>, as user <jkanturski> in cluster <cato> at Sat Sep 19 11:28:13 2026
                            <2*cn04.ai.cato.cnt.uksw.edu.pl>
                            <2*cn06.ai.cato.cnt.uksw.edu.pl>
                            <2*cn02.ai.cato.cnt.uksw.edu.pl>
                            <2*cn05.ai.cato.cnt.uksw.edu.pl>
                            <2*cn01.ai.cato.cnt.uksw.edu.pl>
</home/jkanturski> was used as the home directory.
</home/jkanturski/CATO/experiments> was used as the working directory.
Started at Sat Sep 19 11:28:13 2026
Terminated at Sat Sep 19 11:28:59 2026
Results reported at Sat Sep 19 11:28:59 2026

Your job looked like:

------------------------------------------------------------
# LSBATCH: User input
#!/bin/bash
#BSUB -J "poprad_cds_deep"
#BSUB -q short
#BSUB -n 12
#BSUB -R "span[ptile=2]"
#BSUB -gpu "num=2:mode=exclusive_process:j_exclusive=yes"
#BSUB -o poprad_cds.%J.log
#BSUB -e poprad_cds.%J.err
#
# Launches distributed training of the LSTM/TCN/hybrid forecasters
# (Sections III.C/D/E, V of paper.tex) on the CATO cluster.
#
# Usage:
#   bsub < submit_deep_models.sh
#
# Edit MODEL/HORIZON/SCRIPT below to select which of the three deep
# configurations and which forecasting horizon to run. For the full
# scaling experiment (Table II of paper.tex), resubmit with different
# #BSUB -n / -R / -gpu values (1 GPU/1 node, 2 GPU/1 node, 4 GPU/2 nodes,
# 12 GPU/6 nodes) and record wall-clock time from the LSF job log.

MODEL=lstm          # one of: lstm, tcn (used only when SCRIPT=train_lstm_tcn_ddp.py)
HORIZON=1          # one of: 1, 7, 30
SCRIPT=train_lstm_tcn_ddp.py   # train_lstm_tcn_ddp.py (lstm/tcn) or train_hybrid.py
EXTRA_ARGS="--model $MODEL --horizon $HORIZON"   # for train_hybrid.py, use "--horizon $HORIZON" only

module purge
module load compilers/nvidia/hpc_sdk/nompi/21.9

# Master address = first host in allocation
export MASTER_ADDR=$(echo $LSB_MCPU_HOSTS | awk '{print $1}')
export MASTER_PORT=29505
unset MASTER_ADDR  # LSF injects an incompatible value; resolve IPv4 below instead

NODES=($(echo $LSB_MCPU_HOSTS | awk '{for(i=1;i<=NF;i+=2) print $i}'))
NNODES=${#NODES[@]}
MASTER_HOST=${NODES[0]}
MASTER_ADDR=$(getent ahostsv4 $MASTER_HOST | awk '{print $1}' | head -n 1)

echo "MASTER_ADDR=$MASTER_ADDR"
echo "NNODES=$NNODES"
echo "NODES=${NODES[@]}"
echo "MODEL=$MODEL HORIZON=$HORIZON"

for i in "${!NODES[@]}"; do
    NODE=${NODES[$i]}
    blaunch $NODE "
        source /gpfs/catosys/opence/anaconda3/etc/profile.d/conda.sh && \
        conda activate torch2_p9 && \
        export NCCL_DEBUG=INFO && \

(... more ...)
------------------------------------------------------------

Successfully completed.

Resource usage summary:

    CPU time :                                   188.00 sec.
    Max Memory :                                 4190 MB
    Average Memory :                             1739.25 MB
    Total Requested Memory :                     -
    Delta Memory :                               -
    Max Swap :                                   -
    Max Processes :                              13
    Max Threads :                                144
    Run time :                                   44 sec.
    Turnaround time :                            46 sec.

The output (if any) follows:

MASTER_ADDR=10.0.0.13
NNODES=6
NODES=ln01.ai.cato.cnt.uksw.edu.pl cn04.ai.cato.cnt.uksw.edu.pl cn06.ai.cato.cnt.uksw.edu.pl cn02.ai.cato.cnt.uksw.edu.pl cn05.ai.cato.cnt.uksw.edu.pl cn01.ai.cato.cnt.uksw.edu.pl
MODEL=lstm HORIZON=1
Starting node_rank=4 on cn05.ai.cato.cnt.uksw.edu.pl
Starting node_rank=0 on ln01.ai.cato.cnt.uksw.edu.pl
Starting node_rank=2 on cn06.ai.cato.cnt.uksw.edu.pl
Starting node_rank=1 on cn04.ai.cato.cnt.uksw.edu.pl
Starting node_rank=5 on cn01.ai.cato.cnt.uksw.edu.pl
Starting node_rank=3 on cn02.ai.cato.cnt.uksw.edu.pl
cn01:308000:308000 [0] NCCL INFO NCCL_SOCKET_IFNAME set by environment to clpriv
cn01:308000:308000 [0] NCCL INFO Bootstrap : Using clpriv:10.0.0.21<0>
cn01:308000:308000 [0] NCCL INFO NET/Plugin : Plugin load (libnccl-net.so) returned 2 : libnccl-net.so: cannot open shared object file: No such file or directory
cn01:308000:308000 [0] NCCL INFO NET/Plugin : No plugin found, using internal implementation
cn01:308000:308000 [0] NCCL INFO cudaDriverVersion 11060
NCCL version 2.17.1+cuda11.8
cn01:308001:308001 [1] NCCL INFO cudaDriverVersion 11060
cn01:308001:308001 [1] NCCL INFO NCCL_SOCKET_IFNAME set by environment to clpriv
cn01:308001:308001 [1] NCCL INFO Bootstrap : Using clpriv:10.0.0.21<0>
cn01:308001:308001 [1] NCCL INFO NET/Plugin : Plugin load (libnccl-net.so) returned 2 : libnccl-net.so: cannot open shared object file: No such file or directory
cn01:308001:308001 [1] NCCL INFO NET/Plugin : No plugin found, using internal implementation
ln01:2720183:2720183 [1] NCCL INFO cudaDriverVersion 11060
ln01:2720182:2720182 [0] NCCL INFO cudaDriverVersion 11060
ln01:2720183:2720183 [1] NCCL INFO NCCL_SOCKET_IFNAME set by environment to clpriv
ln01:2720182:2720182 [0] NCCL INFO NCCL_SOCKET_IFNAME set by environment to clpriv
ln01:2720183:2720183 [1] NCCL INFO Bootstrap : Using clpriv:10.0.0.13<0>
ln01:2720182:2720182 [0] NCCL INFO Bootstrap : Using clpriv:10.0.0.13<0>
ln01:2720182:2720182 [0] NCCL INFO NET/Plugin : Plugin load (libnccl-net.so) returned 2 : libnccl-net.so: cannot open shared object file: No such file or directory
ln01:2720183:2720183 [1] NCCL INFO NET/Plugin : Plugin load (libnccl-net.so) returned 2 : libnccl-net.so: cannot open shared object file: No such file or directory
ln01:2720182:2720182 [0] NCCL INFO NET/Plugin : No plugin found, using internal implementation
ln01:2720183:2720183 [1] NCCL INFO NET/Plugin : No plugin found, using internal implementation
cn06:2147659:2147659 [1] NCCL INFO cudaDriverVersion 11060
cn06:2147658:2147658 [0] NCCL INFO cudaDriverVersion 11060
cn06:2147658:2147658 [0] NCCL INFO NCCL_SOCKET_IFNAME set by environment to clpriv
cn06:2147659:2147659 [1] NCCL INFO NCCL_SOCKET_IFNAME set by environment to clpriv
cn06:2147658:2147658 [0] NCCL INFO Bootstrap : Using clpriv:10.0.0.26<0>
cn06:2147659:2147659 [1] NCCL INFO Bootstrap : Using clpriv:10.0.0.26<0>
cn06:2147658:2147658 [0] NCCL INFO NET/Plugin : Plugin load (libnccl-net.so) returned 2 : libnccl-net.so: cannot open shared object file: No such file or directory
cn06:2147658:2147658 [0] NCCL INFO NET/Plugin : No plugin found, using internal implementation
cn06:2147659:2147659 [1] NCCL INFO NET/Plugin : Plugin load (libnccl-net.so) returned 2 : libnccl-net.so: cannot open shared object file: No such file or directory
cn06:2147659:2147659 [1] NCCL INFO NET/Plugin : No plugin found, using internal implementation
ln01:2720183:2720310 [1] NCCL INFO NCCL_IB_DISABLE set by environment to 0.
ln01:2720182:2720311 [0] NCCL INFO NCCL_IB_DISABLE set by environment to 0.
cn06:2147659:2147788 [1] NCCL INFO NCCL_IB_DISABLE set by environment to 0.
cn06:2147658:2147789 [0] NCCL INFO NCCL_IB_DISABLE set by environment to 0.
cn06:2147659:2147788 [1] NCCL INFO NCCL_SOCKET_IFNAME set by environment to clpriv
ln01:2720183:2720310 [1] NCCL INFO NCCL_SOCKET_IFNAME set by environment to clpriv
ln01:2720182:2720311 [0] NCCL INFO NCCL_SOCKET_IFNAME set by environment to clpriv
cn06:2147658:2147789 [0] NCCL INFO NCCL_SOCKET_IFNAME set by environment to clpriv
cn01:308001:308131 [1] NCCL INFO NCCL_IB_DISABLE set by environment to 0.
cn01:308000:308130 [0] NCCL INFO NCCL_IB_DISABLE set by environment to 0.
cn01:308001:308131 [1] NCCL INFO NCCL_SOCKET_IFNAME set by environment to clpriv
cn01:308000:308130 [0] NCCL INFO NCCL_SOCKET_IFNAME set by environment to clpriv
cn02:559464:559464 [1] NCCL INFO cudaDriverVersion 11060
cn02:559463:559463 [0] NCCL INFO cudaDriverVersion 11060
cn02:559464:559464 [1] NCCL INFO NCCL_SOCKET_IFNAME set by environment to clpriv
cn02:559463:559463 [0] NCCL INFO NCCL_SOCKET_IFNAME set by environment to clpriv
cn02:559463:559463 [0] NCCL INFO Bootstrap : Using clpriv:10.0.0.22<0>
cn02:559464:559464 [1] NCCL INFO Bootstrap : Using clpriv:10.0.0.22<0>
cn02:559464:559464 [1] NCCL INFO NET/Plugin : Plugin load (libnccl-net.so) returned 2 : libnccl-net.so: cannot open shared object file: No such file or directory
cn02:559463:559463 [0] NCCL INFO NET/Plugin : Plugin load (libnccl-net.so) returned 2 : libnccl-net.so: cannot open shared object file: No such file or directory
cn02:559464:559464 [1] NCCL INFO NET/Plugin : No plugin found, using internal implementation
cn02:559463:559463 [0] NCCL INFO NET/Plugin : No plugin found, using internal implementation
cn05:2607731:2607731 [1] NCCL INFO cudaDriverVersion 11060
cn05:2607730:2607730 [0] NCCL INFO cudaDriverVersion 11060
cn05:2607730:2607730 [0] NCCL INFO NCCL_SOCKET_IFNAME set by environment to clpriv
cn05:2607731:2607731 [1] NCCL INFO NCCL_SOCKET_IFNAME set by environment to clpriv
cn05:2607730:2607730 [0] NCCL INFO Bootstrap : Using clpriv:10.0.0.25<0>
cn05:2607731:2607731 [1] NCCL INFO Bootstrap : Using clpriv:10.0.0.25<0>
cn05:2607731:2607731 [1] NCCL INFO NET/Plugin : Plugin load (libnccl-net.so) returned 2 : libnccl-net.so: cannot open shared object file: No such file or directory
cn05:2607730:2607730 [0] NCCL INFO NET/Plugin : Plugin load (libnccl-net.so) returned 2 : libnccl-net.so: cannot open shared object file: No such file or directory
cn05:2607731:2607731 [1] NCCL INFO NET/Plugin : No plugin found, using internal implementation
cn05:2607730:2607730 [0] NCCL INFO NET/Plugin : No plugin found, using internal implementation
cn02:559464:559653 [1] NCCL INFO NCCL_IB_DISABLE set by environment to 0.
cn02:559463:559654 [0] NCCL INFO NCCL_IB_DISABLE set by environment to 0.
cn02:559464:559653 [1] NCCL INFO NCCL_SOCKET_IFNAME set by environment to clpriv
cn02:559463:559654 [0] NCCL INFO NCCL_SOCKET_IFNAME set by environment to clpriv
cn04:575581:575581 [1] NCCL INFO cudaDriverVersion 11060
cn04:575580:575580 [0] NCCL INFO cudaDriverVersion 11060
cn04:575580:575580 [0] NCCL INFO NCCL_SOCKET_IFNAME set by environment to clpriv
cn04:575581:575581 [1] NCCL INFO NCCL_SOCKET_IFNAME set by environment to clpriv
cn04:575580:575580 [0] NCCL INFO Bootstrap : Using clpriv:10.0.0.24<0>
cn04:575581:575581 [1] NCCL INFO Bootstrap : Using clpriv:10.0.0.24<0>
cn04:575581:575581 [1] NCCL INFO NET/Plugin : Plugin load (libnccl-net.so) returned 2 : libnccl-net.so: cannot open shared object file: No such file or directory
cn04:575580:575580 [0] NCCL INFO NET/Plugin : Plugin load (libnccl-net.so) returned 2 : libnccl-net.so: cannot open shared object file: No such file or directory
cn04:575581:575581 [1] NCCL INFO NET/Plugin : No plugin found, using internal implementation
cn04:575580:575580 [0] NCCL INFO NET/Plugin : No plugin found, using internal implementation
cn06:2147659:2147788 [1] NCCL INFO NET/IB : Using [0]mlx5_2:1/IB ; OOB clpriv:10.0.0.26<0>
cn06:2147658:2147789 [0] NCCL INFO NET/IB : Using [0]mlx5_2:1/IB ; OOB clpriv:10.0.0.26<0>
cn06:2147659:2147788 [1] NCCL INFO Using network IB
cn06:2147658:2147789 [0] NCCL INFO Using network IB
ln01:2720183:2720310 [1] NCCL INFO NET/IB : Using [0]mlx5_2:1/IB ; OOB clpriv:10.0.0.13<0>
ln01:2720183:2720310 [1] NCCL INFO Using network IB
ln01:2720182:2720311 [0] NCCL INFO NET/IB : Using [0]mlx5_2:1/IB ; OOB clpriv:10.0.0.13<0>
ln01:2720182:2720311 [0] NCCL INFO Using network IB
cn05:2607730:2607860 [0] NCCL INFO NCCL_IB_DISABLE set by environment to 0.
cn05:2607731:2607861 [1] NCCL INFO NCCL_IB_DISABLE set by environment to 0.
cn05:2607731:2607861 [1] NCCL INFO NCCL_SOCKET_IFNAME set by environment to clpriv
cn05:2607730:2607860 [0] NCCL INFO NCCL_SOCKET_IFNAME set by environment to clpriv
cn01:308001:308131 [1] NCCL INFO NET/IB : Using [0]mlx5_2:1/IB ; OOB clpriv:10.0.0.21<0>
cn01:308001:308131 [1] NCCL INFO Using network IB
cn01:308000:308130 [0] NCCL INFO NET/IB : Using [0]mlx5_2:1/IB ; OOB clpriv:10.0.0.21<0>
cn01:308000:308130 [0] NCCL INFO Using network IB
cn04:575580:575714 [0] NCCL INFO NCCL_IB_DISABLE set by environment to 0.
cn04:575581:575715 [1] NCCL INFO NCCL_IB_DISABLE set by environment to 0.
cn04:575580:575714 [0] NCCL INFO NCCL_SOCKET_IFNAME set by environment to clpriv
cn04:575581:575715 [1] NCCL INFO NCCL_SOCKET_IFNAME set by environment to clpriv
cn02:559464:559653 [1] NCCL INFO NET/IB : Using [0]mlx5_2:1/IB ; OOB clpriv:10.0.0.22<0>
cn02:559463:559654 [0] NCCL INFO NET/IB : Using [0]mlx5_2:1/IB ; OOB clpriv:10.0.0.22<0>
cn02:559464:559653 [1] NCCL INFO Using network IB
cn02:559463:559654 [0] NCCL INFO Using network IB
cn05:2607731:2607861 [1] NCCL INFO NET/IB : Using [0]mlx5_2:1/IB ; OOB clpriv:10.0.0.25<0>
cn05:2607730:2607860 [0] NCCL INFO NET/IB : Using [0]mlx5_2:1/IB ; OOB clpriv:10.0.0.25<0>
cn05:2607731:2607861 [1] NCCL INFO Using network IB
cn05:2607730:2607860 [0] NCCL INFO Using network IB
cn04:575581:575715 [1] NCCL INFO NET/IB : Using [0]mlx5_2:1/IB ; OOB clpriv:10.0.0.24<0>
cn04:575581:575715 [1] NCCL INFO Using network IB
cn04:575580:575714 [0] NCCL INFO NET/IB : Using [0]mlx5_2:1/IB ; OOB clpriv:10.0.0.24<0>
cn04:575580:575714 [0] NCCL INFO Using network IB
cn05:2607730:2607860 [0] NCCL INFO Setting affinity for GPU 0 to ffffffff,ffffffff
cn05:2607731:2607861 [1] NCCL INFO Setting affinity for GPU 1 to ffffffff,ffffffff,00000000,00000000
cn02:559463:559654 [0] NCCL INFO Setting affinity for GPU 0 to ffffffff,ffffffff
cn02:559464:559653 [1] NCCL INFO Setting affinity for GPU 1 to ffffffff,ffffffff,00000000,00000000
cn01:308000:308130 [0] NCCL INFO Setting affinity for GPU 0 to ffffffff,ffffffff
cn01:308001:308131 [1] NCCL INFO Setting affinity for GPU 1 to ffffffff,ffffffff,00000000,00000000
cn04:575580:575714 [0] NCCL INFO Setting affinity for GPU 0 to ffffffff,ffffffff
cn04:575581:575715 [1] NCCL INFO Setting affinity for GPU 1 to ffffffff,ffffffff,00000000,00000000
ln01:2720182:2720311 [0] NCCL INFO Setting affinity for GPU 0 to ffffffff,ffffffff
ln01:2720183:2720310 [1] NCCL INFO Setting affinity for GPU 1 to ffffffff,ffffffff,00000000,00000000
cn06:2147659:2147788 [1] NCCL INFO Setting affinity for GPU 1 to ffffffff,ffffffff,00000000,00000000
cn06:2147658:2147789 [0] NCCL INFO Setting affinity for GPU 0 to ffffffff,ffffffff
ln01:2720183:2720310 [1] NCCL INFO Trees [0] -1/-1/-1->11->10 [1] -1/-1/-1->11->10
ln01:2720183:2720310 [1] NCCL INFO P2P Chunksize set to 131072
cn06:2147659:2147788 [1] NCCL INFO Trees [0] 4/-1/-1->9->8 [1] -1/-1/-1->9->8
cn06:2147659:2147788 [1] NCCL INFO P2P Chunksize set to 131072
ln01:2720182:2720311 [0] NCCL INFO Trees [0] 11/-1/-1->10->8 [1] 11/2/-1->10->-1
ln01:2720182:2720311 [0] NCCL INFO P2P Chunksize set to 131072
cn01:308000:308130 [0] NCCL INFO Channel 00/02 :    0   1   2   3   4   5   6   7   8   9  10  11
cn01:308000:308130 [0] NCCL INFO Channel 01/02 :    0   1   2   3   4   5   6   7   8   9  10  11
cn01:308000:308130 [0] NCCL INFO Trees [0] 1/8/-1->0->-1 [1] 1/-1/-1->0->2
cn01:308000:308130 [0] NCCL INFO P2P Chunksize set to 131072
cn01:308001:308131 [1] NCCL INFO Trees [0] -1/-1/-1->1->0 [1] -1/-1/-1->1->0
cn01:308001:308131 [1] NCCL INFO P2P Chunksize set to 131072
cn02:559464:559653 [1] NCCL INFO Trees [0] -1/-1/-1->3->2 [1] 6/-1/-1->3->2
cn02:559464:559653 [1] NCCL INFO P2P Chunksize set to 131072
cn02:559463:559654 [0] NCCL INFO Trees [0] 3/-1/-1->2->5 [1] 3/0/-1->2->10
cn02:559463:559654 [0] NCCL INFO P2P Chunksize set to 131072
cn06:2147658:2147789 [0] NCCL INFO Trees [0] 9/10/-1->8->0 [1] 9/-1/-1->8->7
cn05:2607731:2607861 [1] NCCL INFO Trees [0] -1/-1/-1->7->6 [1] 8/-1/-1->7->6
cn04:575580:575714 [0] NCCL INFO Trees [0] 5/6/-1->4->9 [1] 5/-1/-1->4->6
cn04:575581:575715 [1] NCCL INFO Trees [0] 2/-1/-1->5->4 [1] -1/-1/-1->5->4
cn04:575581:575715 [1] NCCL INFO P2P Chunksize set to 131072
cn06:2147658:2147789 [0] NCCL INFO P2P Chunksize set to 131072
cn04:575580:575714 [0] NCCL INFO P2P Chunksize set to 131072
cn05:2607730:2607860 [0] NCCL INFO Trees [0] 7/-1/-1->6->4 [1] 7/4/-1->6->3
cn05:2607731:2607861 [1] NCCL INFO P2P Chunksize set to 131072
cn05:2607730:2607860 [0] NCCL INFO P2P Chunksize set to 131072
ln01:2720182:2720311 [0] NCCL INFO Channel 00/0 : 9[3503000] -> 10[404000] [receive] via NET/IB/0
cn01:308000:308130 [0] NCCL INFO Channel 00/0 : 11[3503000] -> 0[404000] [receive] via NET/IB/0
cn05:2607730:2607860 [0] NCCL INFO Channel 00/0 : 5[3503000] -> 6[404000] [receive] via NET/IB/0
cn02:559463:559654 [0] NCCL INFO Channel 00/0 : 1[3503000] -> 2[404000] [receive] via NET/IB/0
cn06:2147658:2147789 [0] NCCL INFO Channel 00/0 : 7[3503000] -> 8[404000] [receive] via NET/IB/0
cn04:575580:575714 [0] NCCL INFO Channel 00/0 : 3[3503000] -> 4[404000] [receive] via NET/IB/0
ln01:2720182:2720311 [0] NCCL INFO Channel 01/0 : 9[3503000] -> 10[404000] [receive] via NET/IB/0
ln01:2720182:2720311 [0] NCCL INFO Channel 00/0 : 10[404000] -> 11[3503000] via P2P/IPC
cn01:308000:308130 [0] NCCL INFO Channel 01/0 : 11[3503000] -> 0[404000] [receive] via NET/IB/0
cn01:308000:308130 [0] NCCL INFO Channel 00/0 : 0[404000] -> 1[3503000] via P2P/IPC
cn05:2607730:2607860 [0] NCCL INFO Channel 01/0 : 5[3503000] -> 6[404000] [receive] via NET/IB/0
cn05:2607730:2607860 [0] NCCL INFO Channel 00/0 : 6[404000] -> 7[3503000] via P2P/IPC
cn02:559463:559654 [0] NCCL INFO Channel 01/0 : 1[3503000] -> 2[404000] [receive] via NET/IB/0
cn06:2147658:2147789 [0] NCCL INFO Channel 01/0 : 7[3503000] -> 8[404000] [receive] via NET/IB/0
cn04:575580:575714 [0] NCCL INFO Channel 01/0 : 3[3503000] -> 4[404000] [receive] via NET/IB/0
cn04:575580:575714 [0] NCCL INFO Channel 00/0 : 4[404000] -> 5[3503000] via P2P/IPC
cn02:559463:559654 [0] NCCL INFO Channel 00/0 : 2[404000] -> 3[3503000] via P2P/IPC
cn06:2147658:2147789 [0] NCCL INFO Channel 00/0 : 8[404000] -> 9[3503000] via P2P/IPC
ln01:2720182:2720311 [0] NCCL INFO Channel 01/0 : 10[404000] -> 11[3503000] via P2P/IPC
cn06:2147659:2147788 [1] NCCL INFO Channel 00/0 : 9[3503000] -> 10[404000] [send] via NET/IB/0
cn01:308000:308130 [0] NCCL INFO Channel 01/0 : 0[404000] -> 1[3503000] via P2P/IPC
cn05:2607731:2607861 [1] NCCL INFO Channel 00/0 : 7[3503000] -> 8[404000] [send] via NET/IB/0
cn05:2607730:2607860 [0] NCCL INFO Channel 01/0 : 6[404000] -> 7[3503000] via P2P/IPC
cn02:559463:559654 [0] NCCL INFO Channel 01/0 : 2[404000] -> 3[3503000] via P2P/IPC
cn02:559464:559653 [1] NCCL INFO Channel 00/0 : 3[3503000] -> 4[404000] [send] via NET/IB/0
cn04:575581:575715 [1] NCCL INFO Channel 00/0 : 5[3503000] -> 6[404000] [send] via NET/IB/0
cn04:575580:575714 [0] NCCL INFO Channel 01/0 : 4[404000] -> 5[3503000] via P2P/IPC
cn06:2147658:2147789 [0] NCCL INFO Channel 01/0 : 8[404000] -> 9[3503000] via P2P/IPC
cn01:308001:308131 [1] NCCL INFO Channel 00/0 : 1[3503000] -> 2[404000] [send] via NET/IB/0
ln01:2720183:2720310 [1] NCCL INFO Channel 00/0 : 11[3503000] -> 0[404000] [send] via NET/IB/0
cn05:2607731:2607861 [1] NCCL INFO Channel 01/0 : 7[3503000] -> 8[404000] [send] via NET/IB/0
cn02:559464:559653 [1] NCCL INFO Channel 01/0 : 3[3503000] -> 4[404000] [send] via NET/IB/0
cn04:575581:575715 [1] NCCL INFO Channel 01/0 : 5[3503000] -> 6[404000] [send] via NET/IB/0
cn06:2147659:2147788 [1] NCCL INFO Channel 01/0 : 9[3503000] -> 10[404000] [send] via NET/IB/0
cn01:308001:308131 [1] NCCL INFO Channel 01/0 : 1[3503000] -> 2[404000] [send] via NET/IB/0
ln01:2720183:2720310 [1] NCCL INFO Channel 01/0 : 11[3503000] -> 0[404000] [send] via NET/IB/0
cn02:559463:559654 [0] NCCL INFO Connected all rings
cn01:308001:308131 [1] NCCL INFO Connected all rings
cn01:308001:308131 [1] NCCL INFO Channel 00/0 : 1[3503000] -> 0[404000] via P2P/IPC
cn02:559464:559653 [1] NCCL INFO Connected all rings
cn05:2607731:2607861 [1] NCCL INFO Connected all rings
cn04:575580:575714 [0] NCCL INFO Connected all rings
ln01:2720182:2720311 [0] NCCL INFO Connected all rings
cn06:2147658:2147789 [0] NCCL INFO Connected all rings
cn06:2147659:2147788 [1] NCCL INFO Connected all rings
ln01:2720183:2720310 [1] NCCL INFO Connected all rings
ln01:2720183:2720310 [1] NCCL INFO Channel 00/0 : 11[3503000] -> 10[404000] via P2P/IPC
cn01:308000:308130 [0] NCCL INFO Connected all rings
cn05:2607730:2607860 [0] NCCL INFO Connected all rings
cn01:308001:308131 [1] NCCL INFO Channel 01/0 : 1[3503000] -> 0[404000] via P2P/IPC
cn04:575581:575715 [1] NCCL INFO Connected all rings
ln01:2720183:2720310 [1] NCCL INFO Channel 01/0 : 11[3503000] -> 10[404000] via P2P/IPC
cn02:559463:559654 [0] NCCL INFO Channel 01/0 : 0[404000] -> 2[404000] [receive] via NET/IB/0
cn02:559464:559653 [1] NCCL INFO Channel 01/0 : 3[3503000] -> 6[404000] [send] via NET/IB/0
cn06:2147658:2147789 [0] NCCL INFO Channel 00/0 : 8[404000] -> 10[404000] [send] via NET/IB/0
cn05:2607731:2607861 [1] NCCL INFO Channel 01/0 : 8[404000] -> 7[3503000] [receive] via NET/IB/0
cn05:2607731:2607861 [1] NCCL INFO Channel 00/0 : 7[3503000] -> 6[404000] via P2P/IPC
ln01:2720182:2720311 [0] NCCL INFO Channel 00/0 : 8[404000] -> 10[404000] [receive] via NET/IB/0
cn04:575580:575714 [0] NCCL INFO Channel 00/0 : 4[404000] -> 6[404000] [send] via NET/IB/0
cn06:2147659:2147788 [1] NCCL INFO Channel 00/0 : 4[404000] -> 9[3503000] [receive] via NET/IB/0
cn01:308000:308130 [0] NCCL INFO Channel 01/0 : 0[404000] -> 2[404000] [send] via NET/IB/0
cn05:2607730:2607860 [0] NCCL INFO Channel 00/0 : 4[404000] -> 6[404000] [receive] via NET/IB/0
cn04:575581:575715 [1] NCCL INFO Channel 00/0 : 2[404000] -> 5[3503000] [receive] via NET/IB/0
cn05:2607731:2607861 [1] NCCL INFO Channel 01/0 : 7[3503000] -> 6[404000] via P2P/IPC
cn02:559463:559654 [0] NCCL INFO Channel 00/0 : 2[404000] -> 5[3503000] [send] via NET/IB/0
ln01:2720182:2720311 [0] NCCL INFO Channel 01/0 : 10[404000] -> 2[404000] [send] via NET/IB/0
cn04:575580:575714 [0] NCCL INFO Channel 01/0 : 4[404000] -> 6[404000] [send] via NET/IB/0
cn04:575581:575715 [1] NCCL INFO Channel 00/0 : 5[3503000] -> 2[404000] [send] via NET/IB/0
cn06:2147658:2147789 [0] NCCL INFO Channel 00/0 : 8[404000] -> 0[404000] [send] via NET/IB/0
cn01:308000:308130 [0] NCCL INFO Channel 00/0 : 8[404000] -> 0[404000] [receive] via NET/IB/0
cn05:2607730:2607860 [0] NCCL INFO Channel 01/0 : 4[404000] -> 6[404000] [receive] via NET/IB/0
cn02:559463:559654 [0] NCCL INFO Channel 01/0 : 10[404000] -> 2[404000] [receive] via NET/IB/0
ln01:2720182:2720311 [0] NCCL INFO Channel 01/0 : 2[404000] -> 10[404000] [receive] via NET/IB/0
cn01:308000:308130 [0] NCCL INFO Channel 00/0 : 0[404000] -> 8[404000] [send] via NET/IB/0
cn05:2607730:2607860 [0] NCCL INFO Channel 01/0 : 3[3503000] -> 6[404000] [receive] via NET/IB/0
cn04:575580:575714 [0] NCCL INFO Channel 00/0 : 4[404000] -> 9[3503000] [send] via NET/IB/0
cn06:2147658:2147789 [0] NCCL INFO Channel 00/0 : 0[404000] -> 8[404000] [receive] via NET/IB/0
cn02:559463:559654 [0] NCCL INFO Channel 01/0 : 2[404000] -> 10[404000] [send] via NET/IB/0
cn02:559464:559653 [1] NCCL INFO Channel 01/0 : 6[404000] -> 3[3503000] [receive] via NET/IB/0
cn06:2147659:2147788 [1] NCCL INFO Channel 00/0 : 9[3503000] -> 4[404000] [send] via NET/IB/0
ln01:2720182:2720311 [0] NCCL INFO Channel 00/0 : 10[404000] -> 8[404000] [send] via NET/IB/0
cn05:2607730:2607860 [0] NCCL INFO Channel 01/0 : 6[404000] -> 3[3503000] [send] via NET/IB/0
cn02:559464:559653 [1] NCCL INFO Channel 00/0 : 3[3503000] -> 2[404000] via P2P/IPC
cn04:575580:575714 [0] NCCL INFO Channel 00/0 : 9[3503000] -> 4[404000] [receive] via NET/IB/0
cn06:2147659:2147788 [1] NCCL INFO Channel 00/0 : 9[3503000] -> 8[404000] via P2P/IPC
cn06:2147658:2147789 [0] NCCL INFO Channel 00/0 : 10[404000] -> 8[404000] [receive] via NET/IB/0
cn01:308000:308130 [0] NCCL INFO Channel 01/0 : 2[404000] -> 0[404000] [receive] via NET/IB/0
cn02:559463:559654 [0] NCCL INFO Channel 00/0 : 5[3503000] -> 2[404000] [receive] via NET/IB/0
cn02:559464:559653 [1] NCCL INFO Channel 01/0 : 3[3503000] -> 2[404000] via P2P/IPC
cn04:575581:575715 [1] NCCL INFO Channel 00/0 : 5[3503000] -> 4[404000] via P2P/IPC
cn06:2147659:2147788 [1] NCCL INFO Channel 01/0 : 9[3503000] -> 8[404000] via P2P/IPC
cn04:575581:575715 [1] NCCL INFO Channel 01/0 : 5[3503000] -> 4[404000] via P2P/IPC
cn05:2607730:2607860 [0] NCCL INFO Channel 00/0 : 6[404000] -> 4[404000] [send] via NET/IB/0
cn04:575580:575714 [0] NCCL INFO Channel 00/0 : 6[404000] -> 4[404000] [receive] via NET/IB/0
ln01:2720183:2720310 [1] NCCL INFO Connected all trees
ln01:2720183:2720310 [1] NCCL INFO threadThresholds 8/8/64 | 96/8/64 | 512 | 512
ln01:2720183:2720310 [1] NCCL INFO 2 coll channels, 0 nvls channels, 2 p2p channels, 2 p2p channels per peer
cn02:559463:559654 [0] NCCL INFO Channel 01/0 : 2[404000] -> 0[404000] [send] via NET/IB/0
cn05:2607730:2607860 [0] NCCL INFO Channel 01/0 : 6[404000] -> 4[404000] [send] via NET/IB/0
cn04:575580:575714 [0] NCCL INFO Channel 01/0 : 6[404000] -> 4[404000] [receive] via NET/IB/0
cn06:2147658:2147789 [0] NCCL INFO Channel 01/0 : 8[404000] -> 7[3503000] [send] via NET/IB/0
cn01:308001:308131 [1] NCCL INFO Connected all trees
cn01:308001:308131 [1] NCCL INFO threadThresholds 8/8/64 | 96/8/64 | 512 | 512
cn01:308001:308131 [1] NCCL INFO 2 coll channels, 0 nvls channels, 2 p2p channels, 2 p2p channels per peer
ln01:2720182:2720311 [0] NCCL INFO Connected all trees
ln01:2720182:2720311 [0] NCCL INFO threadThresholds 8/8/64 | 96/8/64 | 512 | 512
ln01:2720182:2720311 [0] NCCL INFO 2 coll channels, 0 nvls channels, 2 p2p channels, 2 p2p channels per peer
cn05:2607731:2607861 [1] NCCL INFO Connected all trees
cn05:2607731:2607861 [1] NCCL INFO threadThresholds 8/8/64 | 96/8/64 | 512 | 512
cn05:2607731:2607861 [1] NCCL INFO 2 coll channels, 0 nvls channels, 2 p2p channels, 2 p2p channels per peer
cn01:308000:308130 [0] NCCL INFO Connected all trees
cn01:308000:308130 [0] NCCL INFO threadThresholds 8/8/64 | 96/8/64 | 512 | 512
cn01:308000:308130 [0] NCCL INFO 2 coll channels, 0 nvls channels, 2 p2p channels, 2 p2p channels per peer
cn06:2147658:2147789 [0] NCCL INFO Connected all trees
cn06:2147658:2147789 [0] NCCL INFO threadThresholds 8/8/64 | 96/8/64 | 512 | 512
cn06:2147658:2147789 [0] NCCL INFO 2 coll channels, 0 nvls channels, 2 p2p channels, 2 p2p channels per peer
cn04:575581:575715 [1] NCCL INFO Connected all trees
cn04:575581:575715 [1] NCCL INFO threadThresholds 8/8/64 | 96/8/64 | 512 | 512
cn04:575581:575715 [1] NCCL INFO 2 coll channels, 0 nvls channels, 2 p2p channels, 2 p2p channels per peer
cn02:559463:559654 [0] NCCL INFO Connected all trees
cn02:559463:559654 [0] NCCL INFO threadThresholds 8/8/64 | 96/8/64 | 512 | 512
cn02:559463:559654 [0] NCCL INFO 2 coll channels, 0 nvls channels, 2 p2p channels, 2 p2p channels per peer
ln01:2720183:2720310 [1] NCCL INFO comm 0x1b8e13740 rank 11 nranks 12 cudaDev 1 busId 3503000 commId 0x854ea7db52d20038 - Init COMPLETE
ln01:2720182:2720311 [0] NCCL INFO comm 0x1a805f7e0 rank 10 nranks 12 cudaDev 0 busId 404000 commId 0x854ea7db52d20038 - Init COMPLETE
cn06:2147659:2147788 [1] NCCL INFO Connected all trees
cn06:2147659:2147788 [1] NCCL INFO threadThresholds 8/8/64 | 96/8/64 | 512 | 512
cn06:2147659:2147788 [1] NCCL INFO 2 coll channels, 0 nvls channels, 2 p2p channels, 2 p2p channels per peer
cn02:559464:559653 [1] NCCL INFO Connected all trees
cn02:559464:559653 [1] NCCL INFO threadThresholds 8/8/64 | 96/8/64 | 512 | 512
cn02:559464:559653 [1] NCCL INFO 2 coll channels, 0 nvls channels, 2 p2p channels, 2 p2p channels per peer
cn01:308000:308130 [0] NCCL INFO comm 0x19be13490 rank 0 nranks 12 cudaDev 0 busId 404000 commId 0x854ea7db52d20038 - Init COMPLETE
cn01:308001:308131 [1] NCCL INFO comm 0x1a5820c60 rank 1 nranks 12 cudaDev 1 busId 3503000 commId 0x854ea7db52d20038 - Init COMPLETE
cn04:575580:575714 [0] NCCL INFO Connected all trees
cn04:575580:575714 [0] NCCL INFO threadThresholds 8/8/64 | 96/8/64 | 512 | 512
cn04:575580:575714 [0] NCCL INFO 2 coll channels, 0 nvls channels, 2 p2p channels, 2 p2p channels per peer
cn05:2607730:2607860 [0] NCCL INFO Connected all trees
cn05:2607730:2607860 [0] NCCL INFO threadThresholds 8/8/64 | 96/8/64 | 512 | 512
cn05:2607730:2607860 [0] NCCL INFO 2 coll channels, 0 nvls channels, 2 p2p channels, 2 p2p channels per peer
cn06:2147658:2147789 [0] NCCL INFO comm 0x1adec6cf0 rank 8 nranks 12 cudaDev 0 busId 404000 commId 0x854ea7db52d20038 - Init COMPLETE
cn06:2147659:2147788 [1] NCCL INFO comm 0x19bce5470 rank 9 nranks 12 cudaDev 1 busId 3503000 commId 0x854ea7db52d20038 - Init COMPLETE
cn02:559463:559654 [0] NCCL INFO comm 0x18fe234f0 rank 2 nranks 12 cudaDev 0 busId 404000 commId 0x854ea7db52d20038 - Init COMPLETE
cn02:559464:559653 [1] NCCL INFO comm 0x179e22570 rank 3 nranks 12 cudaDev 1 busId 3503000 commId 0x854ea7db52d20038 - Init COMPLETE
cn05:2607731:2607861 [1] NCCL INFO comm 0x1cc554ce0 rank 7 nranks 12 cudaDev 1 busId 3503000 commId 0x854ea7db52d20038 - Init COMPLETE
cn05:2607730:2607860 [0] NCCL INFO comm 0x17b6ee780 rank 6 nranks 12 cudaDev 0 busId 404000 commId 0x854ea7db52d20038 - Init COMPLETE
cn04:575581:575715 [1] NCCL INFO comm 0x197b2fa00 rank 5 nranks 12 cudaDev 1 busId 3503000 commId 0x854ea7db52d20038 - Init COMPLETE
cn04:575580:575714 [0] NCCL INFO comm 0x18c6334f0 rank 4 nranks 12 cudaDev 0 busId 404000 commId 0x854ea7db52d20038 - Init COMPLETE
[lstm h=1] epoch 0: val RMSE=40.9996
[lstm h=1] epoch 1: val RMSE=40.9032
[lstm h=1] epoch 2: val RMSE=40.7855
[lstm h=1] epoch 3: val RMSE=40.6321
[lstm h=1] epoch 4: val RMSE=40.4245
[lstm h=1] epoch 5: val RMSE=40.1374
[lstm h=1] epoch 6: val RMSE=39.7587
[lstm h=1] epoch 7: val RMSE=39.3092
[lstm h=1] epoch 8: val RMSE=38.8448
[lstm h=1] epoch 9: val RMSE=38.4082
[lstm h=1] epoch 10: val RMSE=38.0088
[lstm h=1] epoch 11: val RMSE=37.6389
[lstm h=1] epoch 12: val RMSE=37.2900
[lstm h=1] epoch 13: val RMSE=36.9583
[lstm h=1] epoch 14: val RMSE=36.6416
[lstm h=1] epoch 15: val RMSE=36.3393
[lstm h=1] epoch 16: val RMSE=36.0524
[lstm h=1] epoch 17: val RMSE=35.7862
[lstm h=1] epoch 18: val RMSE=35.5437
[lstm h=1] epoch 19: val RMSE=35.3220
[lstm h=1] epoch 20: val RMSE=35.1162
[lstm h=1] epoch 21: val RMSE=34.9221
[lstm h=1] epoch 22: val RMSE=34.7366
[lstm h=1] epoch 23: val RMSE=34.5575
[lstm h=1] epoch 24: val RMSE=34.3832
[lstm h=1] epoch 25: val RMSE=34.2129
[lstm h=1] epoch 26: val RMSE=34.0455
[lstm h=1] epoch 27: val RMSE=33.8807
[lstm h=1] epoch 28: val RMSE=33.7181
[lstm h=1] epoch 29: val RMSE=33.5578
[lstm h=1] epoch 30: val RMSE=33.3995
[lstm h=1] epoch 31: val RMSE=33.2430
[lstm h=1] epoch 32: val RMSE=33.0879
[lstm h=1] epoch 33: val RMSE=32.9342
[lstm h=1] epoch 34: val RMSE=32.7820
[lstm h=1] epoch 35: val RMSE=32.6312
[lstm h=1] epoch 36: val RMSE=32.4816
[lstm h=1] epoch 37: val RMSE=32.3329
[lstm h=1] epoch 38: val RMSE=32.1854
[lstm h=1] epoch 39: val RMSE=32.0390
[lstm h=1] epoch 40: val RMSE=31.8936
[lstm h=1] epoch 41: val RMSE=31.7490
[lstm h=1] epoch 42: val RMSE=31.6052
[lstm h=1] epoch 43: val RMSE=31.4625
[lstm h=1] epoch 44: val RMSE=31.3208
[lstm h=1] epoch 45: val RMSE=31.1800
[lstm h=1] epoch 46: val RMSE=31.0399
[lstm h=1] epoch 47: val RMSE=30.9007
[lstm h=1] epoch 48: val RMSE=30.7622
[lstm h=1] epoch 49: val RMSE=30.6247
[lstm h=1] epoch 50: val RMSE=30.4879
[lstm h=1] epoch 51: val RMSE=30.3516
[lstm h=1] epoch 52: val RMSE=30.2158
[lstm h=1] epoch 53: val RMSE=30.0805
[lstm h=1] epoch 54: val RMSE=29.9458
[lstm h=1] epoch 55: val RMSE=29.8116
[lstm h=1] epoch 56: val RMSE=29.6778
[lstm h=1] epoch 57: val RMSE=29.5447
[lstm h=1] epoch 58: val RMSE=29.4123
[lstm h=1] epoch 59: val RMSE=29.2806
[lstm h=1] epoch 60: val RMSE=29.1496
[lstm h=1] epoch 61: val RMSE=29.0189
[lstm h=1] epoch 62: val RMSE=28.8887
[lstm h=1] epoch 63: val RMSE=28.7591
[lstm h=1] epoch 64: val RMSE=28.6300
[lstm h=1] epoch 65: val RMSE=28.5012
[lstm h=1] epoch 66: val RMSE=28.3728
[lstm h=1] epoch 67: val RMSE=28.2446
[lstm h=1] epoch 68: val RMSE=28.1166
[lstm h=1] epoch 69: val RMSE=27.9891
[lstm h=1] epoch 70: val RMSE=27.8619
[lstm h=1] epoch 71: val RMSE=27.7352
[lstm h=1] epoch 72: val RMSE=27.6089
[lstm h=1] epoch 73: val RMSE=27.4831
[lstm h=1] epoch 74: val RMSE=27.3576
[lstm h=1] epoch 75: val RMSE=27.2326
[lstm h=1] epoch 76: val RMSE=27.1080
[lstm h=1] epoch 77: val RMSE=26.9839
[lstm h=1] epoch 78: val RMSE=26.8601
[lstm h=1] epoch 79: val RMSE=26.7367
[lstm h=1] epoch 80: val RMSE=26.6137
[lstm h=1] epoch 81: val RMSE=26.4912
[lstm h=1] epoch 82: val RMSE=26.3692
[lstm h=1] epoch 83: val RMSE=26.2480
[lstm h=1] epoch 84: val RMSE=26.1271
[lstm h=1] epoch 85: val RMSE=26.0065
[lstm h=1] epoch 86: val RMSE=25.8861
[lstm h=1] epoch 87: val RMSE=25.7659
[lstm h=1] epoch 88: val RMSE=25.6463
[lstm h=1] epoch 89: val RMSE=25.5271
[lstm h=1] epoch 90: val RMSE=25.4079
[lstm h=1] epoch 91: val RMSE=25.2889
[lstm h=1] epoch 92: val RMSE=25.1702
[lstm h=1] epoch 93: val RMSE=25.0519
[lstm h=1] epoch 94: val RMSE=24.9338
[lstm h=1] epoch 95: val RMSE=24.8161
[lstm h=1] epoch 96: val RMSE=24.6986
[lstm h=1] epoch 97: val RMSE=24.5814
[lstm h=1] epoch 98: val RMSE=24.4645
[lstm h=1] epoch 99: val RMSE=24.3480
[lstm h=1] test metrics: {'rmse': 20.56723976135254, 'mae': 19.582862854003906, 'mape': 52.79713273048401, 'directional_accuracy': 0.5069204152249135, 'n': 578}
cn01:308001:308136 [1] NCCL INFO [Service thread] Connection closed by localRank 1
ln01:2720183:2720316 [1] NCCL INFO [Service thread] Connection closed by localRank 1
cn05:2607731:2607865 [1] NCCL INFO [Service thread] Connection closed by localRank 1
ln01:2720182:2720315 [0] NCCL INFO [Service thread] Connection closed by localRank 0
cn01:308000:308135 [0] NCCL INFO [Service thread] Connection closed by localRank 0
cn05:2607730:2607864 [0] NCCL INFO [Service thread] Connection closed by localRank 0
cn02:559463:559657 [0] NCCL INFO [Service thread] Connection closed by localRank 0
cn02:559464:559658 [1] NCCL INFO [Service thread] Connection closed by localRank 1
cn06:2147659:2147792 [1] NCCL INFO [Service thread] Connection closed by localRank 1
cn06:2147658:2147793 [0] NCCL INFO [Service thread] Connection closed by localRank 0
cn04:575581:575719 [1] NCCL INFO [Service thread] Connection closed by localRank 1
cn04:575580:575718 [0] NCCL INFO [Service thread] Connection closed by localRank 0
ln01:2720183:2720183 [1] NCCL INFO comm 0x1b8e13740 rank 11 nranks 12 cudaDev 1 busId 3503000 - Abort COMPLETE
cn01:308001:308001 [1] NCCL INFO comm 0x1a5820c60 rank 1 nranks 12 cudaDev 1 busId 3503000 - Abort COMPLETE
cn05:2607731:2607731 [1] NCCL INFO comm 0x1cc554ce0 rank 7 nranks 12 cudaDev 1 busId 3503000 - Abort COMPLETE
cn02:559464:559464 [1] NCCL INFO comm 0x179e22570 rank 3 nranks 12 cudaDev 1 busId 3503000 - Abort COMPLETE
ln01:2720182:2720182 [0] NCCL INFO comm 0x1a805f7e0 rank 10 nranks 12 cudaDev 0 busId 404000 - Abort COMPLETE
cn06:2147659:2147659 [1] NCCL INFO comm 0x19bce5470 rank 9 nranks 12 cudaDev 1 busId 3503000 - Abort COMPLETE
cn04:575581:575581 [1] NCCL INFO comm 0x197b2fa00 rank 5 nranks 12 cudaDev 1 busId 3503000 - Abort COMPLETE
cn01:308000:308000 [0] NCCL INFO comm 0x19be13490 rank 0 nranks 12 cudaDev 0 busId 404000 - Abort COMPLETE
cn05:2607730:2607730 [0] NCCL INFO comm 0x17b6ee780 rank 6 nranks 12 cudaDev 0 busId 404000 - Abort COMPLETE
cn02:559463:559463 [0] NCCL INFO comm 0x18fe234f0 rank 2 nranks 12 cudaDev 0 busId 404000 - Abort COMPLETE
cn06:2147658:2147658 [0] NCCL INFO comm 0x1adec6cf0 rank 8 nranks 12 cudaDev 0 busId 404000 - Abort COMPLETE
cn04:575580:575580 [0] NCCL INFO comm 0x18c6334f0 rank 4 nranks 12 cudaDev 0 busId 404000 - Abort COMPLETE
Job completed.


PS:

Read file <poprad_cds.74487.err> for stderr output of this job.

