Sender: LSF System <lsfadmin@cn04.ai.cato.cnt.uksw.edu.pl>
Subject: Job 74485: <poprad_cds_deep> in cluster <cato> Done

Job <poprad_cds_deep> was submitted from host <ln02.ai.cato.cnt.uksw.edu.pl> by user <jkanturski> in cluster <cato> at Fri Sep 18 20:02:32 2026
Job was executed on host(s) <2*cn04.ai.cato.cnt.uksw.edu.pl>, in queue <short>, as user <jkanturski> in cluster <cato> at Fri Sep 18 20:02:32 2026
                            <2*cn02.ai.cato.cnt.uksw.edu.pl>
                            <2*cn05.ai.cato.cnt.uksw.edu.pl>
                            <2*cn01.ai.cato.cnt.uksw.edu.pl>
                            <2*cn06.ai.cato.cnt.uksw.edu.pl>
                            <2*ln01.ai.cato.cnt.uksw.edu.pl>
</home/jkanturski> was used as the home directory.
</home/jkanturski/CATO/experiments> was used as the working directory.
Started at Fri Sep 18 20:02:32 2026
Terminated at Fri Sep 18 20:03:21 2026
Results reported at Fri Sep 18 20:03:21 2026

Your job looked like:

------------------------------------------------------------
# LSBATCH: User input
#!/bin/bash
#BSUB -J "poprad_cds_deep"
#BSUB -q short
#BSUB -n 12
#BSUB -R "span[ptile=2]"
#BSUB -gpu "num=2:mode=exclusive_process:j_exclusive=yes"
#BSUB -o poprad_cds.%J.log
#BSUB -e poprad_cds.%J.err
#
# Launches distributed training of the LSTM/TCN/hybrid forecasters
# (Sections III.C/D/E, V of paper.tex) on the CATO cluster.
#
# Usage:
#   bsub < submit_deep_models.sh
#
# Edit MODEL/HORIZON/SCRIPT below to select which of the three deep
# configurations and which forecasting horizon to run. For the full
# scaling experiment (Table II of paper.tex), resubmit with different
# #BSUB -n / -R / -gpu values (1 GPU/1 node, 2 GPU/1 node, 4 GPU/2 nodes,
# 12 GPU/6 nodes) and record wall-clock time from the LSF job log.

MODEL=tcn          # one of: lstm, tcn (used only when SCRIPT=train_lstm_tcn_ddp.py)
HORIZON=7          # one of: 1, 7, 30
SCRIPT=train_lstm_tcn_ddp.py   # train_lstm_tcn_ddp.py (lstm/tcn) or train_hybrid.py
EXTRA_ARGS="--model $MODEL --horizon $HORIZON"   # for train_hybrid.py, use "--horizon $HORIZON" only

module purge
module load compilers/nvidia/hpc_sdk/nompi/21.9

# Master address = first host in allocation
export MASTER_ADDR=$(echo $LSB_MCPU_HOSTS | awk '{print $1}')
export MASTER_PORT=29505
unset MASTER_ADDR  # LSF injects an incompatible value; resolve IPv4 below instead

NODES=($(echo $LSB_MCPU_HOSTS | awk '{for(i=1;i<=NF;i+=2) print $i}'))
NNODES=${#NODES[@]}
MASTER_HOST=${NODES[0]}
MASTER_ADDR=$(getent ahostsv4 $MASTER_HOST | awk '{print $1}' | head -n 1)

echo "MASTER_ADDR=$MASTER_ADDR"
echo "NNODES=$NNODES"
echo "NODES=${NODES[@]}"
echo "MODEL=$MODEL HORIZON=$HORIZON"

for i in "${!NODES[@]}"; do
    NODE=${NODES[$i]}
    blaunch $NODE "
        source /gpfs/catosys/opence/anaconda3/etc/profile.d/conda.sh && \
        conda activate torch2_p9 && \
        export NCCL_DEBUG=INFO && \

(... more ...)
------------------------------------------------------------

Successfully completed.

Resource usage summary:

    CPU time :                                   162.00 sec.
    Max Memory :                                 2983 MB
    Average Memory :                             530.88 MB
    Total Requested Memory :                     -
    Delta Memory :                               -
    Max Swap :                                   -
    Max Processes :                              14
    Max Threads :                                140
    Run time :                                   41 sec.
    Turnaround time :                            49 sec.

The output (if any) follows:

MASTER_ADDR=10.0.0.24
NNODES=6
NODES=cn04.ai.cato.cnt.uksw.edu.pl cn02.ai.cato.cnt.uksw.edu.pl cn05.ai.cato.cnt.uksw.edu.pl cn01.ai.cato.cnt.uksw.edu.pl cn06.ai.cato.cnt.uksw.edu.pl ln01.ai.cato.cnt.uksw.edu.pl
MODEL=tcn HORIZON=7
Starting node_rank=2 on cn05.ai.cato.cnt.uksw.edu.pl
Starting node_rank=4 on cn06.ai.cato.cnt.uksw.edu.pl
Starting node_rank=5 on ln01.ai.cato.cnt.uksw.edu.pl
Starting node_rank=1 on cn02.ai.cato.cnt.uksw.edu.pl
Starting node_rank=0 on cn04.ai.cato.cnt.uksw.edu.pl
Starting node_rank=3 on cn01.ai.cato.cnt.uksw.edu.pl
cn01:245639:245639 [0] NCCL INFO NCCL_SOCKET_IFNAME set by environment to clpriv
cn01:245639:245639 [0] NCCL INFO Bootstrap : Using clpriv:10.0.0.21<0>
cn01:245639:245639 [0] NCCL INFO NET/Plugin : Plugin load (libnccl-net.so) returned 2 : libnccl-net.so: cannot open shared object file: No such file or directory
cn01:245639:245639 [0] NCCL INFO NET/Plugin : No plugin found, using internal implementation
cn01:245639:245639 [0] NCCL INFO cudaDriverVersion 11060
NCCL version 2.17.1+cuda11.8
cn06:2078252:2078252 [0] NCCL INFO cudaDriverVersion 11060
cn06:2078253:2078253 [1] NCCL INFO cudaDriverVersion 11060
cn06:2078252:2078252 [0] NCCL INFO NCCL_SOCKET_IFNAME set by environment to clpriv
cn06:2078253:2078253 [1] NCCL INFO NCCL_SOCKET_IFNAME set by environment to clpriv
cn06:2078253:2078253 [1] NCCL INFO Bootstrap : Using clpriv:10.0.0.26<0>
cn06:2078252:2078252 [0] NCCL INFO Bootstrap : Using clpriv:10.0.0.26<0>
cn06:2078253:2078253 [1] NCCL INFO NET/Plugin : Plugin load (libnccl-net.so) returned 2 : libnccl-net.so: cannot open shared object file: No such file or directory
cn06:2078252:2078252 [0] NCCL INFO NET/Plugin : Plugin load (libnccl-net.so) returned 2 : libnccl-net.so: cannot open shared object file: No such file or directory
cn06:2078253:2078253 [1] NCCL INFO NET/Plugin : No plugin found, using internal implementation
cn06:2078252:2078252 [0] NCCL INFO NET/Plugin : No plugin found, using internal implementation
ln01:2657792:2657792 [1] NCCL INFO cudaDriverVersion 11060
ln01:2657791:2657791 [0] NCCL INFO cudaDriverVersion 11060
ln01:2657791:2657791 [0] NCCL INFO NCCL_SOCKET_IFNAME set by environment to clpriv
ln01:2657792:2657792 [1] NCCL INFO NCCL_SOCKET_IFNAME set by environment to clpriv
ln01:2657791:2657791 [0] NCCL INFO Bootstrap : Using clpriv:10.0.0.13<0>
ln01:2657792:2657792 [1] NCCL INFO Bootstrap : Using clpriv:10.0.0.13<0>
ln01:2657791:2657791 [0] NCCL INFO NET/Plugin : Plugin load (libnccl-net.so) returned 2 : libnccl-net.so: cannot open shared object file: No such file or directory
ln01:2657791:2657791 [0] NCCL INFO NET/Plugin : No plugin found, using internal implementation
ln01:2657792:2657792 [1] NCCL INFO NET/Plugin : Plugin load (libnccl-net.so) returned 2 : libnccl-net.so: cannot open shared object file: No such file or directory
ln01:2657792:2657792 [1] NCCL INFO NET/Plugin : No plugin found, using internal implementation
cn01:245640:245640 [1] NCCL INFO cudaDriverVersion 11060
cn01:245640:245640 [1] NCCL INFO NCCL_SOCKET_IFNAME set by environment to clpriv
cn01:245640:245640 [1] NCCL INFO Bootstrap : Using clpriv:10.0.0.21<0>
cn01:245640:245640 [1] NCCL INFO NET/Plugin : Plugin load (libnccl-net.so) returned 2 : libnccl-net.so: cannot open shared object file: No such file or directory
cn01:245640:245640 [1] NCCL INFO NET/Plugin : No plugin found, using internal implementation
cn02:497208:497208 [0] NCCL INFO cudaDriverVersion 11060
cn02:497208:497208 [0] NCCL INFO NCCL_SOCKET_IFNAME set by environment to clpriv
cn02:497208:497208 [0] NCCL INFO Bootstrap : Using clpriv:10.0.0.22<0>
cn02:497208:497208 [0] NCCL INFO NET/Plugin : Plugin load (libnccl-net.so) returned 2 : libnccl-net.so: cannot open shared object file: No such file or directory
cn02:497208:497208 [0] NCCL INFO NET/Plugin : No plugin found, using internal implementation
cn02:497209:497209 [1] NCCL INFO cudaDriverVersion 11060
cn02:497209:497209 [1] NCCL INFO NCCL_SOCKET_IFNAME set by environment to clpriv
cn02:497209:497209 [1] NCCL INFO Bootstrap : Using clpriv:10.0.0.22<0>
cn02:497209:497209 [1] NCCL INFO NET/Plugin : Plugin load (libnccl-net.so) returned 2 : libnccl-net.so: cannot open shared object file: No such file or directory
cn02:497209:497209 [1] NCCL INFO NET/Plugin : No plugin found, using internal implementation
cn06:2078253:2078389 [1] NCCL INFO NCCL_IB_DISABLE set by environment to 0.
cn06:2078252:2078390 [0] NCCL INFO NCCL_IB_DISABLE set by environment to 0.
cn06:2078253:2078389 [1] NCCL INFO NCCL_SOCKET_IFNAME set by environment to clpriv
cn06:2078252:2078390 [0] NCCL INFO NCCL_SOCKET_IFNAME set by environment to clpriv
cn05:2536239:2536239 [1] NCCL INFO cudaDriverVersion 11060
cn05:2536239:2536239 [1] NCCL INFO NCCL_SOCKET_IFNAME set by environment to clpriv
cn05:2536239:2536239 [1] NCCL INFO Bootstrap : Using clpriv:10.0.0.25<0>
cn05:2536239:2536239 [1] NCCL INFO NET/Plugin : Plugin load (libnccl-net.so) returned 2 : libnccl-net.so: cannot open shared object file: No such file or directory
cn05:2536239:2536239 [1] NCCL INFO NET/Plugin : No plugin found, using internal implementation
ln01:2657792:2657920 [1] NCCL INFO NCCL_IB_DISABLE set by environment to 0.
cn05:2536238:2536238 [0] NCCL INFO cudaDriverVersion 11060
ln01:2657791:2657921 [0] NCCL INFO NCCL_IB_DISABLE set by environment to 0.
ln01:2657792:2657920 [1] NCCL INFO NCCL_SOCKET_IFNAME set by environment to clpriv
cn05:2536238:2536238 [0] NCCL INFO NCCL_SOCKET_IFNAME set by environment to clpriv
cn05:2536238:2536238 [0] NCCL INFO Bootstrap : Using clpriv:10.0.0.25<0>
ln01:2657791:2657921 [0] NCCL INFO NCCL_SOCKET_IFNAME set by environment to clpriv
cn05:2536238:2536238 [0] NCCL INFO NET/Plugin : Plugin load (libnccl-net.so) returned 2 : libnccl-net.so: cannot open shared object file: No such file or directory
cn05:2536238:2536238 [0] NCCL INFO NET/Plugin : No plugin found, using internal implementation
cn01:245639:245770 [0] NCCL INFO NCCL_IB_DISABLE set by environment to 0.
cn01:245639:245770 [0] NCCL INFO NCCL_SOCKET_IFNAME set by environment to clpriv
cn01:245640:245771 [1] NCCL INFO NCCL_IB_DISABLE set by environment to 0.
cn01:245640:245771 [1] NCCL INFO NCCL_SOCKET_IFNAME set by environment to clpriv
cn04:513360:513360 [1] NCCL INFO cudaDriverVersion 11060
cn04:513360:513360 [1] NCCL INFO NCCL_SOCKET_IFNAME set by environment to clpriv
cn04:513360:513360 [1] NCCL INFO Bootstrap : Using clpriv:10.0.0.24<0>
cn04:513360:513360 [1] NCCL INFO NET/Plugin : Plugin load (libnccl-net.so) returned 2 : libnccl-net.so: cannot open shared object file: No such file or directory
cn04:513360:513360 [1] NCCL INFO NET/Plugin : No plugin found, using internal implementation
cn04:513359:513359 [0] NCCL INFO cudaDriverVersion 11060
cn04:513359:513359 [0] NCCL INFO NCCL_SOCKET_IFNAME set by environment to clpriv
cn04:513359:513359 [0] NCCL INFO Bootstrap : Using clpriv:10.0.0.24<0>
cn04:513359:513359 [0] NCCL INFO NET/Plugin : Plugin load (libnccl-net.so) returned 2 : libnccl-net.so: cannot open shared object file: No such file or directory
cn04:513359:513359 [0] NCCL INFO NET/Plugin : No plugin found, using internal implementation
cn02:497208:497336 [0] NCCL INFO NCCL_IB_DISABLE set by environment to 0.
cn02:497209:497335 [1] NCCL INFO NCCL_IB_DISABLE set by environment to 0.
cn02:497208:497336 [0] NCCL INFO NCCL_SOCKET_IFNAME set by environment to clpriv
cn02:497209:497335 [1] NCCL INFO NCCL_SOCKET_IFNAME set by environment to clpriv
cn05:2536238:2536364 [0] NCCL INFO NCCL_IB_DISABLE set by environment to 0.
cn05:2536239:2536365 [1] NCCL INFO NCCL_IB_DISABLE set by environment to 0.
cn05:2536238:2536364 [0] NCCL INFO NCCL_SOCKET_IFNAME set by environment to clpriv
cn05:2536239:2536365 [1] NCCL INFO NCCL_SOCKET_IFNAME set by environment to clpriv
cn04:513359:513487 [0] NCCL INFO NCCL_IB_DISABLE set by environment to 0.
cn04:513360:513488 [1] NCCL INFO NCCL_IB_DISABLE set by environment to 0.
cn04:513359:513487 [0] NCCL INFO NCCL_SOCKET_IFNAME set by environment to clpriv
cn04:513360:513488 [1] NCCL INFO NCCL_SOCKET_IFNAME set by environment to clpriv
cn06:2078252:2078390 [0] NCCL INFO NET/IB : Using [0]mlx5_2:1/IB ; OOB clpriv:10.0.0.26<0>
cn06:2078252:2078390 [0] NCCL INFO Using network IB
cn06:2078253:2078389 [1] NCCL INFO NET/IB : Using [0]mlx5_2:1/IB ; OOB clpriv:10.0.0.26<0>
cn06:2078253:2078389 [1] NCCL INFO Using network IB
ln01:2657791:2657921 [0] NCCL INFO NET/IB : Using [0]mlx5_2:1/IB ; OOB clpriv:10.0.0.13<0>
ln01:2657791:2657921 [0] NCCL INFO Using network IB
ln01:2657792:2657920 [1] NCCL INFO NET/IB : Using [0]mlx5_2:1/IB ; OOB clpriv:10.0.0.13<0>
ln01:2657792:2657920 [1] NCCL INFO Using network IB
cn02:497208:497336 [0] NCCL INFO NET/IB : Using [0]mlx5_2:1/IB ; OOB clpriv:10.0.0.22<0>
cn02:497208:497336 [0] NCCL INFO Using network IB
cn02:497209:497335 [1] NCCL INFO NET/IB : Using [0]mlx5_2:1/IB ; OOB clpriv:10.0.0.22<0>
cn02:497209:497335 [1] NCCL INFO Using network IB
cn01:245639:245770 [0] NCCL INFO NET/IB : Using [0]mlx5_2:1/IB ; OOB clpriv:10.0.0.21<0>
cn01:245639:245770 [0] NCCL INFO Using network IB
cn01:245640:245771 [1] NCCL INFO NET/IB : Using [0]mlx5_2:1/IB ; OOB clpriv:10.0.0.21<0>
cn01:245640:245771 [1] NCCL INFO Using network IB
cn05:2536239:2536365 [1] NCCL INFO NET/IB : Using [0]mlx5_2:1/IB ; OOB clpriv:10.0.0.25<0>
cn05:2536239:2536365 [1] NCCL INFO Using network IB
cn05:2536238:2536364 [0] NCCL INFO NET/IB : Using [0]mlx5_2:1/IB ; OOB clpriv:10.0.0.25<0>
cn05:2536238:2536364 [0] NCCL INFO Using network IB
cn04:513359:513487 [0] NCCL INFO NET/IB : Using [0]mlx5_2:1/IB ; OOB clpriv:10.0.0.24<0>
cn04:513359:513487 [0] NCCL INFO Using network IB
cn04:513360:513488 [1] NCCL INFO NET/IB : Using [0]mlx5_2:1/IB ; OOB clpriv:10.0.0.24<0>
cn04:513360:513488 [1] NCCL INFO Using network IB
cn05:2536239:2536365 [1] NCCL INFO Setting affinity for GPU 1 to ffffffff,ffffffff,00000000,00000000
cn05:2536238:2536364 [0] NCCL INFO Setting affinity for GPU 0 to ffffffff,ffffffff
ln01:2657792:2657920 [1] NCCL INFO Setting affinity for GPU 1 to ffffffff,ffffffff,00000000,00000000
cn01:245640:245771 [1] NCCL INFO Setting affinity for GPU 1 to ffffffff,ffffffff,00000000,00000000
ln01:2657791:2657921 [0] NCCL INFO Setting affinity for GPU 0 to ffffffff,ffffffff
cn01:245639:245770 [0] NCCL INFO Setting affinity for GPU 0 to ffffffff,ffffffff
cn04:513359:513487 [0] NCCL INFO Setting affinity for GPU 0 to ffffffff,ffffffff
cn04:513360:513488 [1] NCCL INFO Setting affinity for GPU 1 to ffffffff,ffffffff,00000000,00000000
cn02:497208:497336 [0] NCCL INFO Setting affinity for GPU 0 to ffffffff,ffffffff
cn02:497209:497335 [1] NCCL INFO Setting affinity for GPU 1 to ffffffff,ffffffff,00000000,00000000
cn06:2078252:2078390 [0] NCCL INFO Setting affinity for GPU 0 to ffffffff,ffffffff
cn06:2078253:2078389 [1] NCCL INFO Setting affinity for GPU 1 to ffffffff,ffffffff,00000000,00000000
cn06:2078253:2078389 [1] NCCL INFO Trees [0] 4/-1/-1->9->8 [1] -1/-1/-1->9->8
ln01:2657792:2657920 [1] NCCL INFO Trees [0] -1/-1/-1->11->10 [1] -1/-1/-1->11->10
cn06:2078253:2078389 [1] NCCL INFO P2P Chunksize set to 131072
ln01:2657791:2657921 [0] NCCL INFO Trees [0] 11/-1/-1->10->8 [1] 11/2/-1->10->-1
ln01:2657791:2657921 [0] NCCL INFO P2P Chunksize set to 131072
ln01:2657792:2657920 [1] NCCL INFO P2P Chunksize set to 131072
cn02:497208:497336 [0] NCCL INFO Trees [0] 3/-1/-1->2->5 [1] 3/0/-1->2->10
cn02:497208:497336 [0] NCCL INFO P2P Chunksize set to 131072
cn02:497209:497335 [1] NCCL INFO Trees [0] -1/-1/-1->3->2 [1] 6/-1/-1->3->2
cn01:245640:245771 [1] NCCL INFO Trees [0] -1/-1/-1->1->0 [1] -1/-1/-1->1->0
cn04:513360:513488 [1] NCCL INFO Trees [0] 2/-1/-1->5->4 [1] -1/-1/-1->5->4
cn04:513360:513488 [1] NCCL INFO P2P Chunksize set to 131072
cn04:513359:513487 [0] NCCL INFO Trees [0] 5/6/-1->4->9 [1] 5/-1/-1->4->6
cn04:513359:513487 [0] NCCL INFO P2P Chunksize set to 131072
cn02:497209:497335 [1] NCCL INFO P2P Chunksize set to 131072
cn05:2536239:2536365 [1] NCCL INFO Trees [0] -1/-1/-1->7->6 [1] 8/-1/-1->7->6
cn06:2078252:2078390 [0] NCCL INFO Trees [0] 9/10/-1->8->0 [1] 9/-1/-1->8->7
cn06:2078252:2078390 [0] NCCL INFO P2P Chunksize set to 131072
cn05:2536239:2536365 [1] NCCL INFO P2P Chunksize set to 131072
cn05:2536238:2536364 [0] NCCL INFO Trees [0] 7/-1/-1->6->4 [1] 7/4/-1->6->3
cn05:2536238:2536364 [0] NCCL INFO P2P Chunksize set to 131072
cn01:245640:245771 [1] NCCL INFO P2P Chunksize set to 131072
cn01:245639:245770 [0] NCCL INFO Channel 00/02 :    0   1   2   3   4   5   6   7   8   9  10  11
cn01:245639:245770 [0] NCCL INFO Channel 01/02 :    0   1   2   3   4   5   6   7   8   9  10  11
cn01:245639:245770 [0] NCCL INFO Trees [0] 1/8/-1->0->-1 [1] 1/-1/-1->0->2
cn01:245639:245770 [0] NCCL INFO P2P Chunksize set to 131072
cn04:513359:513487 [0] NCCL INFO Channel 00/0 : 3[3503000] -> 4[404000] [receive] via NET/IB/0
cn06:2078252:2078390 [0] NCCL INFO Channel 00/0 : 7[3503000] -> 8[404000] [receive] via NET/IB/0
ln01:2657791:2657921 [0] NCCL INFO Channel 00/0 : 9[3503000] -> 10[404000] [receive] via NET/IB/0
cn02:497208:497336 [0] NCCL INFO Channel 00/0 : 1[3503000] -> 2[404000] [receive] via NET/IB/0
cn01:245639:245770 [0] NCCL INFO Channel 00/0 : 11[3503000] -> 0[404000] [receive] via NET/IB/0
cn05:2536238:2536364 [0] NCCL INFO Channel 00/0 : 5[3503000] -> 6[404000] [receive] via NET/IB/0
cn04:513359:513487 [0] NCCL INFO Channel 01/0 : 3[3503000] -> 4[404000] [receive] via NET/IB/0
cn04:513359:513487 [0] NCCL INFO Channel 00/0 : 4[404000] -> 5[3503000] via P2P/IPC
ln01:2657791:2657921 [0] NCCL INFO Channel 01/0 : 9[3503000] -> 10[404000] [receive] via NET/IB/0
cn06:2078252:2078390 [0] NCCL INFO Channel 01/0 : 7[3503000] -> 8[404000] [receive] via NET/IB/0
cn01:245639:245770 [0] NCCL INFO Channel 01/0 : 11[3503000] -> 0[404000] [receive] via NET/IB/0
cn06:2078252:2078390 [0] NCCL INFO Channel 00/0 : 8[404000] -> 9[3503000] via P2P/IPC
cn02:497208:497336 [0] NCCL INFO Channel 01/0 : 1[3503000] -> 2[404000] [receive] via NET/IB/0
cn02:497208:497336 [0] NCCL INFO Channel 00/0 : 2[404000] -> 3[3503000] via P2P/IPC
ln01:2657791:2657921 [0] NCCL INFO Channel 00/0 : 10[404000] -> 11[3503000] via P2P/IPC
cn05:2536238:2536364 [0] NCCL INFO Channel 01/0 : 5[3503000] -> 6[404000] [receive] via NET/IB/0
cn01:245639:245770 [0] NCCL INFO Channel 00/0 : 0[404000] -> 1[3503000] via P2P/IPC
cn05:2536238:2536364 [0] NCCL INFO Channel 00/0 : 6[404000] -> 7[3503000] via P2P/IPC
cn06:2078253:2078389 [1] NCCL INFO Channel 00/0 : 9[3503000] -> 10[404000] [send] via NET/IB/0
cn02:497209:497335 [1] NCCL INFO Channel 00/0 : 3[3503000] -> 4[404000] [send] via NET/IB/0
ln01:2657792:2657920 [1] NCCL INFO Channel 00/0 : 11[3503000] -> 0[404000] [send] via NET/IB/0
cn04:513360:513488 [1] NCCL INFO Channel 00/0 : 5[3503000] -> 6[404000] [send] via NET/IB/0
cn04:513359:513487 [0] NCCL INFO Channel 01/0 : 4[404000] -> 5[3503000] via P2P/IPC
cn01:245640:245771 [1] NCCL INFO Channel 00/0 : 1[3503000] -> 2[404000] [send] via NET/IB/0
cn02:497208:497336 [0] NCCL INFO Channel 01/0 : 2[404000] -> 3[3503000] via P2P/IPC
cn06:2078252:2078390 [0] NCCL INFO Channel 01/0 : 8[404000] -> 9[3503000] via P2P/IPC
cn05:2536239:2536365 [1] NCCL INFO Channel 00/0 : 7[3503000] -> 8[404000] [send] via NET/IB/0
cn05:2536238:2536364 [0] NCCL INFO Channel 01/0 : 6[404000] -> 7[3503000] via P2P/IPC
ln01:2657791:2657921 [0] NCCL INFO Channel 01/0 : 10[404000] -> 11[3503000] via P2P/IPC
cn01:245639:245770 [0] NCCL INFO Channel 01/0 : 0[404000] -> 1[3503000] via P2P/IPC
cn02:497209:497335 [1] NCCL INFO Channel 01/0 : 3[3503000] -> 4[404000] [send] via NET/IB/0
cn06:2078253:2078389 [1] NCCL INFO Channel 01/0 : 9[3503000] -> 10[404000] [send] via NET/IB/0
cn01:245640:245771 [1] NCCL INFO Channel 01/0 : 1[3503000] -> 2[404000] [send] via NET/IB/0
cn05:2536239:2536365 [1] NCCL INFO Channel 01/0 : 7[3503000] -> 8[404000] [send] via NET/IB/0
cn04:513360:513488 [1] NCCL INFO Channel 01/0 : 5[3503000] -> 6[404000] [send] via NET/IB/0
ln01:2657792:2657920 [1] NCCL INFO Channel 01/0 : 11[3503000] -> 0[404000] [send] via NET/IB/0
cn05:2536239:2536365 [1] NCCL INFO Connected all rings
cn06:2078252:2078390 [0] NCCL INFO Connected all rings
cn01:245640:245771 [1] NCCL INFO Connected all rings
cn01:245640:245771 [1] NCCL INFO Channel 00/0 : 1[3503000] -> 0[404000] via P2P/IPC
cn02:497208:497336 [0] NCCL INFO Connected all rings
cn05:2536238:2536364 [0] NCCL INFO Connected all rings
cn04:513360:513488 [1] NCCL INFO Connected all rings
cn06:2078253:2078389 [1] NCCL INFO Connected all rings
ln01:2657792:2657920 [1] NCCL INFO Connected all rings
ln01:2657791:2657921 [0] NCCL INFO Connected all rings
ln01:2657792:2657920 [1] NCCL INFO Channel 00/0 : 11[3503000] -> 10[404000] via P2P/IPC
cn01:245639:245770 [0] NCCL INFO Connected all rings
cn02:497209:497335 [1] NCCL INFO Connected all rings
cn04:513359:513487 [0] NCCL INFO Connected all rings
cn01:245640:245771 [1] NCCL INFO Channel 01/0 : 1[3503000] -> 0[404000] via P2P/IPC
ln01:2657792:2657920 [1] NCCL INFO Channel 01/0 : 11[3503000] -> 10[404000] via P2P/IPC
cn06:2078252:2078390 [0] NCCL INFO Channel 00/0 : 8[404000] -> 10[404000] [send] via NET/IB/0
cn05:2536239:2536365 [1] NCCL INFO Channel 01/0 : 8[404000] -> 7[3503000] [receive] via NET/IB/0
cn05:2536239:2536365 [1] NCCL INFO Channel 00/0 : 7[3503000] -> 6[404000] via P2P/IPC
cn02:497208:497336 [0] NCCL INFO Channel 01/0 : 0[404000] -> 2[404000] [receive] via NET/IB/0
cn04:513360:513488 [1] NCCL INFO Channel 00/0 : 2[404000] -> 5[3503000] [receive] via NET/IB/0
ln01:2657791:2657921 [0] NCCL INFO Channel 00/0 : 8[404000] -> 10[404000] [receive] via NET/IB/0
cn06:2078253:2078389 [1] NCCL INFO Channel 00/0 : 4[404000] -> 9[3503000] [receive] via NET/IB/0
cn05:2536238:2536364 [0] NCCL INFO Channel 00/0 : 4[404000] -> 6[404000] [receive] via NET/IB/0
cn04:513359:513487 [0] NCCL INFO Channel 00/0 : 4[404000] -> 6[404000] [send] via NET/IB/0
cn01:245639:245770 [0] NCCL INFO Channel 01/0 : 0[404000] -> 2[404000] [send] via NET/IB/0
cn05:2536239:2536365 [1] NCCL INFO Channel 01/0 : 7[3503000] -> 6[404000] via P2P/IPC
cn02:497209:497335 [1] NCCL INFO Channel 01/0 : 3[3503000] -> 6[404000] [send] via NET/IB/0
cn06:2078252:2078390 [0] NCCL INFO Channel 00/0 : 8[404000] -> 0[404000] [send] via NET/IB/0
ln01:2657791:2657921 [0] NCCL INFO Channel 01/0 : 10[404000] -> 2[404000] [send] via NET/IB/0
cn04:513359:513487 [0] NCCL INFO Channel 01/0 : 4[404000] -> 6[404000] [send] via NET/IB/0
cn01:245639:245770 [0] NCCL INFO Channel 00/0 : 8[404000] -> 0[404000] [receive] via NET/IB/0
cn05:2536238:2536364 [0] NCCL INFO Channel 01/0 : 4[404000] -> 6[404000] [receive] via NET/IB/0
cn02:497208:497336 [0] NCCL INFO Channel 00/0 : 2[404000] -> 5[3503000] [send] via NET/IB/0
cn06:2078252:2078390 [0] NCCL INFO Channel 00/0 : 0[404000] -> 8[404000] [receive] via NET/IB/0
cn04:513360:513488 [1] NCCL INFO Channel 00/0 : 5[3503000] -> 2[404000] [send] via NET/IB/0
cn01:245639:245770 [0] NCCL INFO Channel 00/0 : 0[404000] -> 8[404000] [send] via NET/IB/0
cn05:2536238:2536364 [0] NCCL INFO Channel 01/0 : 3[3503000] -> 6[404000] [receive] via NET/IB/0
cn02:497208:497336 [0] NCCL INFO Channel 01/0 : 10[404000] -> 2[404000] [receive] via NET/IB/0
cn04:513359:513487 [0] NCCL INFO Channel 00/0 : 4[404000] -> 9[3503000] [send] via NET/IB/0
cn02:497209:497335 [1] NCCL INFO Channel 01/0 : 6[404000] -> 3[3503000] [receive] via NET/IB/0
cn06:2078252:2078390 [0] NCCL INFO Channel 00/0 : 10[404000] -> 8[404000] [receive] via NET/IB/0
cn06:2078253:2078389 [1] NCCL INFO Channel 00/0 : 9[3503000] -> 4[404000] [send] via NET/IB/0
ln01:2657791:2657921 [0] NCCL INFO Channel 01/0 : 2[404000] -> 10[404000] [receive] via NET/IB/0
cn01:245639:245770 [0] NCCL INFO Channel 01/0 : 2[404000] -> 0[404000] [receive] via NET/IB/0
cn05:2536238:2536364 [0] NCCL INFO Channel 01/0 : 6[404000] -> 3[3503000] [send] via NET/IB/0
cn02:497209:497335 [1] NCCL INFO Channel 00/0 : 3[3503000] -> 2[404000] via P2P/IPC
cn02:497208:497336 [0] NCCL INFO Channel 01/0 : 2[404000] -> 10[404000] [send] via NET/IB/0
cn04:513359:513487 [0] NCCL INFO Channel 00/0 : 9[3503000] -> 4[404000] [receive] via NET/IB/0
cn06:2078253:2078389 [1] NCCL INFO Channel 00/0 : 9[3503000] -> 8[404000] via P2P/IPC
cn06:2078253:2078389 [1] NCCL INFO Channel 01/0 : 9[3503000] -> 8[404000] via P2P/IPC
ln01:2657791:2657921 [0] NCCL INFO Channel 00/0 : 10[404000] -> 8[404000] [send] via NET/IB/0
cn02:497209:497335 [1] NCCL INFO Channel 01/0 : 3[3503000] -> 2[404000] via P2P/IPC
cn02:497208:497336 [0] NCCL INFO Channel 00/0 : 5[3503000] -> 2[404000] [receive] via NET/IB/0
cn05:2536238:2536364 [0] NCCL INFO Channel 00/0 : 6[404000] -> 4[404000] [send] via NET/IB/0
cn04:513360:513488 [1] NCCL INFO Channel 00/0 : 5[3503000] -> 4[404000] via P2P/IPC
cn04:513359:513487 [0] NCCL INFO Channel 00/0 : 6[404000] -> 4[404000] [receive] via NET/IB/0
cn04:513360:513488 [1] NCCL INFO Channel 01/0 : 5[3503000] -> 4[404000] via P2P/IPC
ln01:2657792:2657920 [1] NCCL INFO Connected all trees
ln01:2657792:2657920 [1] NCCL INFO threadThresholds 8/8/64 | 96/8/64 | 512 | 512
ln01:2657792:2657920 [1] NCCL INFO 2 coll channels, 0 nvls channels, 2 p2p channels, 2 p2p channels per peer
cn02:497208:497336 [0] NCCL INFO Channel 01/0 : 2[404000] -> 0[404000] [send] via NET/IB/0
cn05:2536238:2536364 [0] NCCL INFO Channel 01/0 : 6[404000] -> 4[404000] [send] via NET/IB/0
cn04:513359:513487 [0] NCCL INFO Channel 01/0 : 6[404000] -> 4[404000] [receive] via NET/IB/0
cn06:2078252:2078390 [0] NCCL INFO Channel 01/0 : 8[404000] -> 7[3503000] [send] via NET/IB/0
cn01:245640:245771 [1] NCCL INFO Connected all trees
cn01:245640:245771 [1] NCCL INFO threadThresholds 8/8/64 | 96/8/64 | 512 | 512
cn01:245640:245771 [1] NCCL INFO 2 coll channels, 0 nvls channels, 2 p2p channels, 2 p2p channels per peer
cn02:497209:497335 [1] NCCL INFO Connected all trees
cn02:497209:497335 [1] NCCL INFO threadThresholds 8/8/64 | 96/8/64 | 512 | 512
cn02:497209:497335 [1] NCCL INFO 2 coll channels, 0 nvls channels, 2 p2p channels, 2 p2p channels per peer
ln01:2657791:2657921 [0] NCCL INFO Connected all trees
ln01:2657791:2657921 [0] NCCL INFO threadThresholds 8/8/64 | 96/8/64 | 512 | 512
ln01:2657791:2657921 [0] NCCL INFO 2 coll channels, 0 nvls channels, 2 p2p channels, 2 p2p channels per peer
cn04:513360:513488 [1] NCCL INFO Connected all trees
cn04:513360:513488 [1] NCCL INFO threadThresholds 8/8/64 | 96/8/64 | 512 | 512
cn04:513360:513488 [1] NCCL INFO 2 coll channels, 0 nvls channels, 2 p2p channels, 2 p2p channels per peer
cn05:2536239:2536365 [1] NCCL INFO Connected all trees
cn05:2536239:2536365 [1] NCCL INFO threadThresholds 8/8/64 | 96/8/64 | 512 | 512
cn05:2536239:2536365 [1] NCCL INFO 2 coll channels, 0 nvls channels, 2 p2p channels, 2 p2p channels per peer
cn06:2078252:2078390 [0] NCCL INFO Connected all trees
cn06:2078252:2078390 [0] NCCL INFO threadThresholds 8/8/64 | 96/8/64 | 512 | 512
cn06:2078252:2078390 [0] NCCL INFO 2 coll channels, 0 nvls channels, 2 p2p channels, 2 p2p channels per peer
cn06:2078253:2078389 [1] NCCL INFO Connected all trees
cn06:2078253:2078389 [1] NCCL INFO threadThresholds 8/8/64 | 96/8/64 | 512 | 512
cn06:2078253:2078389 [1] NCCL INFO 2 coll channels, 0 nvls channels, 2 p2p channels, 2 p2p channels per peer
cn01:245639:245770 [0] NCCL INFO Connected all trees
cn01:245639:245770 [0] NCCL INFO threadThresholds 8/8/64 | 96/8/64 | 512 | 512
cn01:245639:245770 [0] NCCL INFO 2 coll channels, 0 nvls channels, 2 p2p channels, 2 p2p channels per peer
cn02:497208:497336 [0] NCCL INFO Connected all trees
cn02:497208:497336 [0] NCCL INFO threadThresholds 8/8/64 | 96/8/64 | 512 | 512
cn02:497208:497336 [0] NCCL INFO 2 coll channels, 0 nvls channels, 2 p2p channels, 2 p2p channels per peer
cn05:2536238:2536364 [0] NCCL INFO Connected all trees
cn05:2536238:2536364 [0] NCCL INFO threadThresholds 8/8/64 | 96/8/64 | 512 | 512
cn05:2536238:2536364 [0] NCCL INFO 2 coll channels, 0 nvls channels, 2 p2p channels, 2 p2p channels per peer
cn04:513359:513487 [0] NCCL INFO Connected all trees
cn04:513359:513487 [0] NCCL INFO threadThresholds 8/8/64 | 96/8/64 | 512 | 512
cn04:513359:513487 [0] NCCL INFO 2 coll channels, 0 nvls channels, 2 p2p channels, 2 p2p channels per peer
ln01:2657791:2657921 [0] NCCL INFO comm 0x1a0b89600 rank 10 nranks 12 cudaDev 0 busId 404000 commId 0x79d59e62cd49cf95 - Init COMPLETE
ln01:2657792:2657920 [1] NCCL INFO comm 0x17b98b7b0 rank 11 nranks 12 cudaDev 1 busId 3503000 commId 0x79d59e62cd49cf95 - Init COMPLETE
cn06:2078252:2078390 [0] NCCL INFO comm 0x18014f060 rank 8 nranks 12 cudaDev 0 busId 404000 commId 0x79d59e62cd49cf95 - Init COMPLETE
cn06:2078253:2078389 [1] NCCL INFO comm 0x17ea0f3b0 rank 9 nranks 12 cudaDev 1 busId 3503000 commId 0x79d59e62cd49cf95 - Init COMPLETE
cn01:245640:245771 [1] NCCL INFO comm 0x1771ee130 rank 1 nranks 12 cudaDev 1 busId 3503000 commId 0x79d59e62cd49cf95 - Init COMPLETE
cn01:245639:245770 [0] NCCL INFO comm 0x1811fae80 rank 0 nranks 12 cudaDev 0 busId 404000 commId 0x79d59e62cd49cf95 - Init COMPLETE
cn02:497209:497335 [1] NCCL INFO comm 0x19331b780 rank 3 nranks 12 cudaDev 1 busId 3503000 commId 0x79d59e62cd49cf95 - Init COMPLETE
cn02:497208:497336 [0] NCCL INFO comm 0x19155b920 rank 2 nranks 12 cudaDev 0 busId 404000 commId 0x79d59e62cd49cf95 - Init COMPLETE
cn05:2536239:2536365 [1] NCCL INFO comm 0x1a546d7d0 rank 7 nranks 12 cudaDev 1 busId 3503000 commId 0x79d59e62cd49cf95 - Init COMPLETE
cn05:2536238:2536364 [0] NCCL INFO comm 0x14d2acf70 rank 6 nranks 12 cudaDev 0 busId 404000 commId 0x79d59e62cd49cf95 - Init COMPLETE
cn04:513360:513488 [1] NCCL INFO comm 0x18d129860 rank 5 nranks 12 cudaDev 1 busId 3503000 commId 0x79d59e62cd49cf95 - Init COMPLETE
cn04:513359:513487 [0] NCCL INFO comm 0x1869ed5d0 rank 4 nranks 12 cudaDev 0 busId 404000 commId 0x79d59e62cd49cf95 - Init COMPLETE
[tcn h=7] epoch 0: val RMSE=40.2470
[tcn h=7] epoch 1: val RMSE=40.0508
[tcn h=7] epoch 2: val RMSE=39.7786
[tcn h=7] epoch 3: val RMSE=39.3083
[tcn h=7] epoch 4: val RMSE=38.4378
[tcn h=7] epoch 5: val RMSE=36.7806
[tcn h=7] epoch 6: val RMSE=33.5794
[tcn h=7] epoch 7: val RMSE=27.5544
[tcn h=7] epoch 8: val RMSE=16.7819
[tcn h=7] epoch 9: val RMSE=6.2026
[tcn h=7] epoch 10: val RMSE=11.5539
[tcn h=7] epoch 11: val RMSE=7.8100
[tcn h=7] epoch 12: val RMSE=17.1922
[tcn h=7] epoch 13: val RMSE=23.3527
[tcn h=7] epoch 14: val RMSE=25.7954
[tcn h=7] epoch 15: val RMSE=25.8901
[tcn h=7] epoch 16: val RMSE=24.4104
[tcn h=7] epoch 17: val RMSE=21.9004
[tcn h=7] epoch 18: val RMSE=19.2624
[tcn h=7] epoch 19: val RMSE=17.1665
[tcn h=7] early stopping at epoch 19 (best val RMSE=6.2026)
[tcn h=7] test metrics: {'rmse': 12.79161262512207, 'mae': 10.033947944641113, 'mape': 26.92869007587433, 'directional_accuracy': 0.5397923875432526, 'n': 578}
cn02:497209:497340 [1] NCCL INFO [Service thread] Connection closed by localRank 1
cn02:497208:497339 [0] NCCL INFO [Service thread] Connection closed by localRank 0
cn06:2078253:2078396 [1] NCCL INFO [Service thread] Connection closed by localRank 1
cn04:513360:513493 [1] NCCL INFO [Service thread] Connection closed by localRank 1
cn06:2078252:2078395 [0] NCCL INFO [Service thread] Connection closed by localRank 0
ln01:2657792:2657924 [1] NCCL INFO [Service thread] Connection closed by localRank 1
cn01:245639:245776 [0] NCCL INFO [Service thread] Connection closed by localRank 0
cn05:2536238:2536369 [0] NCCL INFO [Service thread] Connection closed by localRank 0
ln01:2657791:2657925 [0] NCCL INFO [Service thread] Connection closed by localRank 0
cn04:513359:513492 [0] NCCL INFO [Service thread] Connection closed by localRank 0
cn05:2536239:2536368 [1] NCCL INFO [Service thread] Connection closed by localRank 1
cn01:245640:245775 [1] NCCL INFO [Service thread] Connection closed by localRank 1
ln01:2657792:2657792 [1] NCCL INFO comm 0x17b98b7b0 rank 11 nranks 12 cudaDev 1 busId 3503000 - Abort COMPLETE
cn01:245640:245640 [1] NCCL INFO comm 0x1771ee130 rank 1 nranks 12 cudaDev 1 busId 3503000 - Abort COMPLETE
cn05:2536239:2536239 [1] NCCL INFO comm 0x1a546d7d0 rank 7 nranks 12 cudaDev 1 busId 3503000 - Abort COMPLETE
cn04:513360:513360 [1] NCCL INFO comm 0x18d129860 rank 5 nranks 12 cudaDev 1 busId 3503000 - Abort COMPLETE
cn06:2078253:2078253 [1] NCCL INFO comm 0x17ea0f3b0 rank 9 nranks 12 cudaDev 1 busId 3503000 - Abort COMPLETE
cn02:497209:497209 [1] NCCL INFO comm 0x19331b780 rank 3 nranks 12 cudaDev 1 busId 3503000 - Abort COMPLETE
cn04:513359:513359 [0] NCCL INFO comm 0x1869ed5d0 rank 4 nranks 12 cudaDev 0 busId 404000 - Abort COMPLETE
cn01:245639:245639 [0] NCCL INFO comm 0x1811fae80 rank 0 nranks 12 cudaDev 0 busId 404000 - Abort COMPLETE
ln01:2657791:2657791 [0] NCCL INFO comm 0x1a0b89600 rank 10 nranks 12 cudaDev 0 busId 404000 - Abort COMPLETE
cn06:2078252:2078252 [0] NCCL INFO comm 0x18014f060 rank 8 nranks 12 cudaDev 0 busId 404000 - Abort COMPLETE
cn05:2536238:2536238 [0] NCCL INFO comm 0x14d2acf70 rank 6 nranks 12 cudaDev 0 busId 404000 - Abort COMPLETE
cn02:497208:497208 [0] NCCL INFO comm 0x19155b920 rank 2 nranks 12 cudaDev 0 busId 404000 - Abort COMPLETE
Job completed.


PS:

Read file <poprad_cds.74485.err> for stderr output of this job.

