Sender: LSF System <lsfadmin@cn02.ai.cato.cnt.uksw.edu.pl>
Subject: Job 74504: <poprad_cds_deep> in cluster <cato> Done

Job <poprad_cds_deep> was submitted from host <ln02.ai.cato.cnt.uksw.edu.pl> by user <jkanturski> in cluster <cato> at Sun Sep 20 15:12:22 2026
Job was executed on host(s) <2*cn02.ai.cato.cnt.uksw.edu.pl>, in queue <short>, as user <jkanturski> in cluster <cato> at Sun Sep 20 15:12:23 2026
                            <2*cn06.ai.cato.cnt.uksw.edu.pl>
                            <2*cn05.ai.cato.cnt.uksw.edu.pl>
                            <2*cn04.ai.cato.cnt.uksw.edu.pl>
                            <2*cn01.ai.cato.cnt.uksw.edu.pl>
                            <2*ln01.ai.cato.cnt.uksw.edu.pl>
</home/jkanturski> was used as the home directory.
</home/jkanturski/CATO/experiments> was used as the working directory.
Started at Sun Sep 20 15:12:23 2026
Terminated at Sun Sep 20 15:13:28 2026
Results reported at Sun Sep 20 15:13:28 2026

Your job looked like:

------------------------------------------------------------
# LSBATCH: User input
#!/bin/bash
#BSUB -J "poprad_cds_deep"
#BSUB -q short
#BSUB -n 12
#BSUB -R "span[ptile=2]"
#BSUB -gpu "num=2:mode=exclusive_process:j_exclusive=yes"
#BSUB -o poprad_cds.%J.log
#BSUB -e poprad_cds.%J.err
#
# Launches distributed training of the LSTM/TCN/hybrid forecasters
# (Sections III.C/D/E, V of paper.tex) on the CATO cluster.
#
# Usage:
#   bsub < submit_deep_models.sh
#
# Edit MODEL/HORIZON/SCRIPT below to select which of the three deep
# configurations and which forecasting horizon to run. For the full
# scaling experiment (Table II of paper.tex), resubmit with different
# #BSUB -n / -R / -gpu values (1 GPU/1 node, 2 GPU/1 node, 4 GPU/2 nodes,
# 12 GPU/6 nodes) and record wall-clock time from the LSF job log.

MODEL=lstm          # one of: lstm, tcn (used only when SCRIPT=train_lstm_tcn_ddp.py)
HORIZON=30          # one of: 1, 7, 30
SCRIPT=train_hybrid.py   # train_lstm_tcn_ddp.py (lstm/tcn) or train_hybrid.py
EXTRA_ARGS="--horizon $HORIZON"   # for train_hybrid.py, use "--horizon $HORIZON" only

module purge
module load compilers/nvidia/hpc_sdk/nompi/21.9

# Master address = first host in allocation
export MASTER_ADDR=$(echo $LSB_MCPU_HOSTS | awk '{print $1}')
export MASTER_PORT=29505
unset MASTER_ADDR  # LSF injects an incompatible value; resolve IPv4 below instead

NODES=($(echo $LSB_MCPU_HOSTS | awk '{for(i=1;i<=NF;i+=2) print $i}'))
NNODES=${#NODES[@]}
MASTER_HOST=${NODES[0]}
MASTER_ADDR=$(getent ahostsv4 $MASTER_HOST | awk '{print $1}' | head -n 1)

echo "MASTER_ADDR=$MASTER_ADDR"
echo "NNODES=$NNODES"
echo "NODES=${NODES[@]}"
echo "MODEL=$MODEL HORIZON=$HORIZON"

for i in "${!NODES[@]}"; do
    NODE=${NODES[$i]}
    blaunch $NODE "
        source /gpfs/catosys/opence/anaconda3/etc/profile.d/conda.sh && \
        conda activate torch2_p9 && \
        export NCCL_DEBUG=INFO && \

(... more ...)
------------------------------------------------------------

Successfully completed.

Resource usage summary:

    CPU time :                                   188.36 sec.
    Max Memory :                                 3162 MB
    Average Memory :                             681.82 MB
    Total Requested Memory :                     -
    Delta Memory :                               -
    Max Swap :                                   -
    Max Processes :                              15
    Max Threads :                                140
    Run time :                                   64 sec.
    Turnaround time :                            66 sec.

The output (if any) follows:

MASTER_ADDR=10.0.0.22
NNODES=6
NODES=cn02.ai.cato.cnt.uksw.edu.pl cn06.ai.cato.cnt.uksw.edu.pl cn05.ai.cato.cnt.uksw.edu.pl cn04.ai.cato.cnt.uksw.edu.pl cn01.ai.cato.cnt.uksw.edu.pl ln01.ai.cato.cnt.uksw.edu.pl
MODEL=lstm HORIZON=30
Starting node_rank=5 on ln01.ai.cato.cnt.uksw.edu.pl
Starting node_rank=2 on cn05.ai.cato.cnt.uksw.edu.pl
Starting node_rank=1 on cn06.ai.cato.cnt.uksw.edu.pl
Starting node_rank=4 on cn01.ai.cato.cnt.uksw.edu.pl
Starting node_rank=3 on cn04.ai.cato.cnt.uksw.edu.pl
Starting node_rank=0 on cn02.ai.cato.cnt.uksw.edu.pl
cn01:422755:422755 [0] NCCL INFO NCCL_SOCKET_IFNAME set by environment to clpriv
cn01:422755:422755 [0] NCCL INFO Bootstrap : Using clpriv:10.0.0.21<0>
cn01:422755:422755 [0] NCCL INFO NET/Plugin : Plugin load (libnccl-net.so) returned 2 : libnccl-net.so: cannot open shared object file: No such file or directory
cn01:422755:422755 [0] NCCL INFO NET/Plugin : No plugin found, using internal implementation
cn01:422755:422755 [0] NCCL INFO cudaDriverVersion 11060
NCCL version 2.17.1+cuda11.8
cn01:422756:422756 [1] NCCL INFO cudaDriverVersion 11060
cn01:422756:422756 [1] NCCL INFO NCCL_SOCKET_IFNAME set by environment to clpriv
cn01:422756:422756 [1] NCCL INFO Bootstrap : Using clpriv:10.0.0.21<0>
cn01:422756:422756 [1] NCCL INFO NET/Plugin : Plugin load (libnccl-net.so) returned 2 : libnccl-net.so: cannot open shared object file: No such file or directory
cn01:422756:422756 [1] NCCL INFO NET/Plugin : No plugin found, using internal implementation
ln01:2835125:2835125 [0] NCCL INFO cudaDriverVersion 11060
ln01:2835126:2835126 [1] NCCL INFO cudaDriverVersion 11060
ln01:2835126:2835126 [1] NCCL INFO NCCL_SOCKET_IFNAME set by environment to clpriv
ln01:2835125:2835125 [0] NCCL INFO NCCL_SOCKET_IFNAME set by environment to clpriv
ln01:2835126:2835126 [1] NCCL INFO Bootstrap : Using clpriv:10.0.0.13<0>
ln01:2835125:2835125 [0] NCCL INFO Bootstrap : Using clpriv:10.0.0.13<0>
cn05:2739105:2739105 [1] NCCL INFO cudaDriverVersion 11060
cn05:2739104:2739104 [0] NCCL INFO cudaDriverVersion 11060
ln01:2835126:2835126 [1] NCCL INFO NET/Plugin : Plugin load (libnccl-net.so) returned 2 : libnccl-net.so: cannot open shared object file: No such file or directory
ln01:2835125:2835125 [0] NCCL INFO NET/Plugin : Plugin load (libnccl-net.so) returned 2 : libnccl-net.so: cannot open shared object file: No such file or directory
ln01:2835126:2835126 [1] NCCL INFO NET/Plugin : No plugin found, using internal implementation
ln01:2835125:2835125 [0] NCCL INFO NET/Plugin : No plugin found, using internal implementation
cn05:2739104:2739104 [0] NCCL INFO NCCL_SOCKET_IFNAME set by environment to clpriv
cn05:2739105:2739105 [1] NCCL INFO NCCL_SOCKET_IFNAME set by environment to clpriv
cn05:2739105:2739105 [1] NCCL INFO Bootstrap : Using clpriv:10.0.0.25<0>
cn05:2739104:2739104 [0] NCCL INFO Bootstrap : Using clpriv:10.0.0.25<0>
cn05:2739104:2739104 [0] NCCL INFO NET/Plugin : Plugin load (libnccl-net.so) returned 2 : libnccl-net.so: cannot open shared object file: No such file or directory
cn06:2275751:2275751 [1] NCCL INFO cudaDriverVersion 11060
cn06:2275750:2275750 [0] NCCL INFO cudaDriverVersion 11060
cn05:2739105:2739105 [1] NCCL INFO NET/Plugin : Plugin load (libnccl-net.so) returned 2 : libnccl-net.so: cannot open shared object file: No such file or directory
cn05:2739104:2739104 [0] NCCL INFO NET/Plugin : No plugin found, using internal implementation
cn05:2739105:2739105 [1] NCCL INFO NET/Plugin : No plugin found, using internal implementation
cn06:2275751:2275751 [1] NCCL INFO NCCL_SOCKET_IFNAME set by environment to clpriv
cn06:2275750:2275750 [0] NCCL INFO NCCL_SOCKET_IFNAME set by environment to clpriv
cn06:2275751:2275751 [1] NCCL INFO Bootstrap : Using clpriv:10.0.0.26<0>
cn06:2275750:2275750 [0] NCCL INFO Bootstrap : Using clpriv:10.0.0.26<0>
cn06:2275751:2275751 [1] NCCL INFO NET/Plugin : Plugin load (libnccl-net.so) returned 2 : libnccl-net.so: cannot open shared object file: No such file or directory
cn06:2275750:2275750 [0] NCCL INFO NET/Plugin : Plugin load (libnccl-net.so) returned 2 : libnccl-net.so: cannot open shared object file: No such file or directory
cn06:2275751:2275751 [1] NCCL INFO NET/Plugin : No plugin found, using internal implementation
cn06:2275750:2275750 [0] NCCL INFO NET/Plugin : No plugin found, using internal implementation
cn04:690559:690559 [0] NCCL INFO cudaDriverVersion 11060
cn04:690559:690559 [0] NCCL INFO NCCL_SOCKET_IFNAME set by environment to clpriv
cn04:690559:690559 [0] NCCL INFO Bootstrap : Using clpriv:10.0.0.24<0>
cn04:690559:690559 [0] NCCL INFO NET/Plugin : Plugin load (libnccl-net.so) returned 2 : libnccl-net.so: cannot open shared object file: No such file or directory
cn04:690559:690559 [0] NCCL INFO NET/Plugin : No plugin found, using internal implementation
cn04:690560:690560 [1] NCCL INFO cudaDriverVersion 11060
cn04:690560:690560 [1] NCCL INFO NCCL_SOCKET_IFNAME set by environment to clpriv
cn04:690560:690560 [1] NCCL INFO Bootstrap : Using clpriv:10.0.0.24<0>
cn04:690560:690560 [1] NCCL INFO NET/Plugin : Plugin load (libnccl-net.so) returned 2 : libnccl-net.so: cannot open shared object file: No such file or directory
cn04:690560:690560 [1] NCCL INFO NET/Plugin : No plugin found, using internal implementation
ln01:2835126:2835269 [1] NCCL INFO NCCL_IB_DISABLE set by environment to 0.
ln01:2835125:2835268 [0] NCCL INFO NCCL_IB_DISABLE set by environment to 0.
ln01:2835126:2835269 [1] NCCL INFO NCCL_SOCKET_IFNAME set by environment to clpriv
ln01:2835125:2835268 [0] NCCL INFO NCCL_SOCKET_IFNAME set by environment to clpriv
cn01:422755:422903 [0] NCCL INFO NCCL_IB_DISABLE set by environment to 0.
cn01:422756:422904 [1] NCCL INFO NCCL_IB_DISABLE set by environment to 0.
cn01:422755:422903 [0] NCCL INFO NCCL_SOCKET_IFNAME set by environment to clpriv
cn01:422756:422904 [1] NCCL INFO NCCL_SOCKET_IFNAME set by environment to clpriv
cn06:2275751:2275892 [1] NCCL INFO NCCL_IB_DISABLE set by environment to 0.
cn06:2275750:2275893 [0] NCCL INFO NCCL_IB_DISABLE set by environment to 0.
cn06:2275751:2275892 [1] NCCL INFO NCCL_SOCKET_IFNAME set by environment to clpriv
cn05:2739104:2739237 [0] NCCL INFO NCCL_IB_DISABLE set by environment to 0.
cn06:2275750:2275893 [0] NCCL INFO NCCL_SOCKET_IFNAME set by environment to clpriv
cn02:674562:674562 [1] NCCL INFO cudaDriverVersion 11060
cn05:2739105:2739238 [1] NCCL INFO NCCL_IB_DISABLE set by environment to 0.
cn02:674562:674562 [1] NCCL INFO NCCL_SOCKET_IFNAME set by environment to clpriv
cn02:674562:674562 [1] NCCL INFO Bootstrap : Using clpriv:10.0.0.22<0>
cn02:674562:674562 [1] NCCL INFO NET/Plugin : Plugin load (libnccl-net.so) returned 2 : libnccl-net.so: cannot open shared object file: No such file or directory
cn02:674562:674562 [1] NCCL INFO NET/Plugin : No plugin found, using internal implementation
cn05:2739105:2739238 [1] NCCL INFO NCCL_SOCKET_IFNAME set by environment to clpriv
cn05:2739104:2739237 [0] NCCL INFO NCCL_SOCKET_IFNAME set by environment to clpriv
cn02:674561:674561 [0] NCCL INFO cudaDriverVersion 11060
cn02:674561:674561 [0] NCCL INFO NCCL_SOCKET_IFNAME set by environment to clpriv
cn02:674561:674561 [0] NCCL INFO Bootstrap : Using clpriv:10.0.0.22<0>
cn02:674561:674561 [0] NCCL INFO NET/Plugin : Plugin load (libnccl-net.so) returned 2 : libnccl-net.so: cannot open shared object file: No such file or directory
cn02:674561:674561 [0] NCCL INFO NET/Plugin : No plugin found, using internal implementation
cn04:690559:690709 [0] NCCL INFO NCCL_IB_DISABLE set by environment to 0.
cn04:690560:690710 [1] NCCL INFO NCCL_IB_DISABLE set by environment to 0.
cn04:690559:690709 [0] NCCL INFO NCCL_SOCKET_IFNAME set by environment to clpriv
cn04:690560:690710 [1] NCCL INFO NCCL_SOCKET_IFNAME set by environment to clpriv
cn02:674562:674709 [1] NCCL INFO NCCL_IB_DISABLE set by environment to 0.
cn02:674561:674710 [0] NCCL INFO NCCL_IB_DISABLE set by environment to 0.
cn02:674562:674709 [1] NCCL INFO NCCL_SOCKET_IFNAME set by environment to clpriv
cn02:674561:674710 [0] NCCL INFO NCCL_SOCKET_IFNAME set by environment to clpriv
ln01:2835126:2835269 [1] NCCL INFO NET/IB : Using [0]mlx5_2:1/IB ; OOB clpriv:10.0.0.13<0>
ln01:2835125:2835268 [0] NCCL INFO NET/IB : Using [0]mlx5_2:1/IB ; OOB clpriv:10.0.0.13<0>
ln01:2835126:2835269 [1] NCCL INFO Using network IB
ln01:2835125:2835268 [0] NCCL INFO Using network IB
cn06:2275751:2275892 [1] NCCL INFO NET/IB : Using [0]mlx5_2:1/IB ; OOB clpriv:10.0.0.26<0>
cn06:2275750:2275893 [0] NCCL INFO NET/IB : Using [0]mlx5_2:1/IB ; OOB clpriv:10.0.0.26<0>
cn06:2275751:2275892 [1] NCCL INFO Using network IB
cn06:2275750:2275893 [0] NCCL INFO Using network IB
cn05:2739104:2739237 [0] NCCL INFO NET/IB : Using [0]mlx5_2:1/IB ; OOB clpriv:10.0.0.25<0>
cn05:2739104:2739237 [0] NCCL INFO Using network IB
cn05:2739105:2739238 [1] NCCL INFO NET/IB : Using [0]mlx5_2:1/IB ; OOB clpriv:10.0.0.25<0>
cn05:2739105:2739238 [1] NCCL INFO Using network IB
cn01:422755:422903 [0] NCCL INFO NET/IB : Using [0]mlx5_2:1/IB ; OOB clpriv:10.0.0.21<0>
cn01:422756:422904 [1] NCCL INFO NET/IB : Using [0]mlx5_2:1/IB ; OOB clpriv:10.0.0.21<0>
cn01:422756:422904 [1] NCCL INFO Using network IB
cn01:422755:422903 [0] NCCL INFO Using network IB
cn02:674562:674709 [1] NCCL INFO NET/IB : Using [0]mlx5_2:1/IB ; OOB clpriv:10.0.0.22<0>
cn02:674561:674710 [0] NCCL INFO NET/IB : Using [0]mlx5_2:1/IB ; OOB clpriv:10.0.0.22<0>
cn02:674562:674709 [1] NCCL INFO Using network IB
cn02:674561:674710 [0] NCCL INFO Using network IB
cn04:690560:690710 [1] NCCL INFO NET/IB : Using [0]mlx5_2:1/IB ; OOB clpriv:10.0.0.24<0>
cn04:690560:690710 [1] NCCL INFO Using network IB
cn04:690559:690709 [0] NCCL INFO NET/IB : Using [0]mlx5_2:1/IB ; OOB clpriv:10.0.0.24<0>
cn04:690559:690709 [0] NCCL INFO Using network IB
cn05:2739105:2739238 [1] NCCL INFO Setting affinity for GPU 1 to ffffffff,ffffffff,00000000,00000000
cn05:2739104:2739237 [0] NCCL INFO Setting affinity for GPU 0 to ffffffff,ffffffff
ln01:2835125:2835268 [0] NCCL INFO Setting affinity for GPU 0 to ffffffff,ffffffff
ln01:2835126:2835269 [1] NCCL INFO Setting affinity for GPU 1 to ffffffff,ffffffff,00000000,00000000
cn04:690559:690709 [0] NCCL INFO Setting affinity for GPU 0 to ffffffff,ffffffff
cn04:690560:690710 [1] NCCL INFO Setting affinity for GPU 1 to ffffffff,ffffffff,00000000,00000000
cn02:674562:674709 [1] NCCL INFO Setting affinity for GPU 1 to ffffffff,ffffffff,00000000,00000000
cn02:674561:674710 [0] NCCL INFO Setting affinity for GPU 0 to ffffffff,ffffffff
cn06:2275751:2275892 [1] NCCL INFO Setting affinity for GPU 1 to ffffffff,ffffffff,00000000,00000000
cn06:2275750:2275893 [0] NCCL INFO Setting affinity for GPU 0 to ffffffff,ffffffff
cn01:422756:422904 [1] NCCL INFO Setting affinity for GPU 1 to ffffffff,ffffffff,00000000,00000000
cn01:422755:422903 [0] NCCL INFO Setting affinity for GPU 0 to ffffffff,ffffffff
cn01:422756:422904 [1] NCCL INFO Trees [0] -1/-1/-1->1->0 [1] -1/-1/-1->1->0
cn01:422756:422904 [1] NCCL INFO P2P Chunksize set to 131072
cn02:674562:674709 [1] NCCL INFO Trees [0] -1/-1/-1->3->2 [1] 6/-1/-1->3->2
cn02:674562:674709 [1] NCCL INFO P2P Chunksize set to 131072
ln01:2835126:2835269 [1] NCCL INFO Trees [0] -1/-1/-1->11->10 [1] -1/-1/-1->11->10
cn06:2275751:2275892 [1] NCCL INFO Trees [0] 4/-1/-1->9->8 [1] -1/-1/-1->9->8
cn02:674561:674710 [0] NCCL INFO Trees [0] 3/-1/-1->2->5 [1] 3/0/-1->2->10
cn02:674561:674710 [0] NCCL INFO P2P Chunksize set to 131072
ln01:2835126:2835269 [1] NCCL INFO P2P Chunksize set to 131072
cn04:690560:690710 [1] NCCL INFO Trees [0] 2/-1/-1->5->4 [1] -1/-1/-1->5->4
cn04:690560:690710 [1] NCCL INFO P2P Chunksize set to 131072
cn04:690559:690709 [0] NCCL INFO Trees [0] 5/6/-1->4->9 [1] 5/-1/-1->4->6
cn04:690559:690709 [0] NCCL INFO P2P Chunksize set to 131072
cn05:2739105:2739238 [1] NCCL INFO Trees [0] -1/-1/-1->7->6 [1] 8/-1/-1->7->6
cn05:2739105:2739238 [1] NCCL INFO P2P Chunksize set to 131072
cn05:2739104:2739237 [0] NCCL INFO Trees [0] 7/-1/-1->6->4 [1] 7/4/-1->6->3
cn06:2275751:2275892 [1] NCCL INFO P2P Chunksize set to 131072
cn06:2275750:2275893 [0] NCCL INFO Trees [0] 9/10/-1->8->0 [1] 9/-1/-1->8->7
cn06:2275750:2275893 [0] NCCL INFO P2P Chunksize set to 131072
cn05:2739104:2739237 [0] NCCL INFO P2P Chunksize set to 131072
ln01:2835125:2835268 [0] NCCL INFO Trees [0] 11/-1/-1->10->8 [1] 11/2/-1->10->-1
cn01:422755:422903 [0] NCCL INFO Channel 00/02 :    0   1   2   3   4   5   6   7   8   9  10  11
cn01:422755:422903 [0] NCCL INFO Channel 01/02 :    0   1   2   3   4   5   6   7   8   9  10  11
cn01:422755:422903 [0] NCCL INFO Trees [0] 1/8/-1->0->-1 [1] 1/-1/-1->0->2
cn01:422755:422903 [0] NCCL INFO P2P Chunksize set to 131072
ln01:2835125:2835268 [0] NCCL INFO P2P Chunksize set to 131072
ln01:2835125:2835268 [0] NCCL INFO Channel 00/0 : 9[3503000] -> 10[404000] [receive] via NET/IB/0
cn02:674561:674710 [0] NCCL INFO Channel 00/0 : 1[3503000] -> 2[404000] [receive] via NET/IB/0
cn06:2275750:2275893 [0] NCCL INFO Channel 00/0 : 7[3503000] -> 8[404000] [receive] via NET/IB/0
cn04:690559:690709 [0] NCCL INFO Channel 00/0 : 3[3503000] -> 4[404000] [receive] via NET/IB/0
cn05:2739104:2739237 [0] NCCL INFO Channel 00/0 : 5[3503000] -> 6[404000] [receive] via NET/IB/0
cn01:422755:422903 [0] NCCL INFO Channel 00/0 : 11[3503000] -> 0[404000] [receive] via NET/IB/0
ln01:2835125:2835268 [0] NCCL INFO Channel 01/0 : 9[3503000] -> 10[404000] [receive] via NET/IB/0
cn02:674561:674710 [0] NCCL INFO Channel 01/0 : 1[3503000] -> 2[404000] [receive] via NET/IB/0
cn02:674561:674710 [0] NCCL INFO Channel 00/0 : 2[404000] -> 3[3503000] via P2P/IPC
ln01:2835125:2835268 [0] NCCL INFO Channel 00/0 : 10[404000] -> 11[3503000] via P2P/IPC
cn01:422755:422903 [0] NCCL INFO Channel 01/0 : 11[3503000] -> 0[404000] [receive] via NET/IB/0
cn01:422755:422903 [0] NCCL INFO Channel 00/0 : 0[404000] -> 1[3503000] via P2P/IPC
cn04:690559:690709 [0] NCCL INFO Channel 01/0 : 3[3503000] -> 4[404000] [receive] via NET/IB/0
cn05:2739104:2739237 [0] NCCL INFO Channel 01/0 : 5[3503000] -> 6[404000] [receive] via NET/IB/0
cn04:690559:690709 [0] NCCL INFO Channel 00/0 : 4[404000] -> 5[3503000] via P2P/IPC
cn05:2739104:2739237 [0] NCCL INFO Channel 00/0 : 6[404000] -> 7[3503000] via P2P/IPC
cn06:2275750:2275893 [0] NCCL INFO Channel 01/0 : 7[3503000] -> 8[404000] [receive] via NET/IB/0
cn06:2275750:2275893 [0] NCCL INFO Channel 00/0 : 8[404000] -> 9[3503000] via P2P/IPC
cn02:674561:674710 [0] NCCL INFO Channel 01/0 : 2[404000] -> 3[3503000] via P2P/IPC
ln01:2835126:2835269 [1] NCCL INFO Channel 00/0 : 11[3503000] -> 0[404000] [send] via NET/IB/0
cn04:690560:690710 [1] NCCL INFO Channel 00/0 : 5[3503000] -> 6[404000] [send] via NET/IB/0
cn01:422756:422904 [1] NCCL INFO Channel 00/0 : 1[3503000] -> 2[404000] [send] via NET/IB/0
cn05:2739105:2739238 [1] NCCL INFO Channel 00/0 : 7[3503000] -> 8[404000] [send] via NET/IB/0
cn04:690559:690709 [0] NCCL INFO Channel 01/0 : 4[404000] -> 5[3503000] via P2P/IPC
cn06:2275751:2275892 [1] NCCL INFO Channel 00/0 : 9[3503000] -> 10[404000] [send] via NET/IB/0
cn02:674562:674709 [1] NCCL INFO Channel 00/0 : 3[3503000] -> 4[404000] [send] via NET/IB/0
ln01:2835125:2835268 [0] NCCL INFO Channel 01/0 : 10[404000] -> 11[3503000] via P2P/IPC
cn06:2275750:2275893 [0] NCCL INFO Channel 01/0 : 8[404000] -> 9[3503000] via P2P/IPC
cn01:422755:422903 [0] NCCL INFO Channel 01/0 : 0[404000] -> 1[3503000] via P2P/IPC
cn05:2739104:2739237 [0] NCCL INFO Channel 01/0 : 6[404000] -> 7[3503000] via P2P/IPC
ln01:2835126:2835269 [1] NCCL INFO Channel 01/0 : 11[3503000] -> 0[404000] [send] via NET/IB/0
cn04:690560:690710 [1] NCCL INFO Channel 01/0 : 5[3503000] -> 6[404000] [send] via NET/IB/0
cn01:422756:422904 [1] NCCL INFO Channel 01/0 : 1[3503000] -> 2[404000] [send] via NET/IB/0
cn06:2275751:2275892 [1] NCCL INFO Channel 01/0 : 9[3503000] -> 10[404000] [send] via NET/IB/0
cn02:674562:674709 [1] NCCL INFO Channel 01/0 : 3[3503000] -> 4[404000] [send] via NET/IB/0
cn05:2739105:2739238 [1] NCCL INFO Channel 01/0 : 7[3503000] -> 8[404000] [send] via NET/IB/0
cn02:674562:674709 [1] NCCL INFO Connected all rings
cn04:690559:690709 [0] NCCL INFO Connected all rings
ln01:2835126:2835269 [1] NCCL INFO Connected all rings
cn02:674561:674710 [0] NCCL INFO Connected all rings
ln01:2835126:2835269 [1] NCCL INFO Channel 00/0 : 11[3503000] -> 10[404000] via P2P/IPC
cn01:422756:422904 [1] NCCL INFO Connected all rings
cn01:422756:422904 [1] NCCL INFO Channel 00/0 : 1[3503000] -> 0[404000] via P2P/IPC
ln01:2835125:2835268 [0] NCCL INFO Connected all rings
cn06:2275751:2275892 [1] NCCL INFO Connected all rings
cn01:422755:422903 [0] NCCL INFO Connected all rings
cn04:690560:690710 [1] NCCL INFO Connected all rings
cn05:2739104:2739237 [0] NCCL INFO Connected all rings
cn05:2739105:2739238 [1] NCCL INFO Connected all rings
cn06:2275750:2275893 [0] NCCL INFO Connected all rings
ln01:2835126:2835269 [1] NCCL INFO Channel 01/0 : 11[3503000] -> 10[404000] via P2P/IPC
cn01:422756:422904 [1] NCCL INFO Channel 01/0 : 1[3503000] -> 0[404000] via P2P/IPC
cn04:690559:690709 [0] NCCL INFO Channel 00/0 : 4[404000] -> 6[404000] [send] via NET/IB/0
cn02:674562:674709 [1] NCCL INFO Channel 01/0 : 3[3503000] -> 6[404000] [send] via NET/IB/0
cn02:674561:674710 [0] NCCL INFO Channel 01/0 : 0[404000] -> 2[404000] [receive] via NET/IB/0
cn06:2275751:2275892 [1] NCCL INFO Channel 00/0 : 4[404000] -> 9[3503000] [receive] via NET/IB/0
ln01:2835125:2835268 [0] NCCL INFO Channel 00/0 : 8[404000] -> 10[404000] [receive] via NET/IB/0
cn01:422755:422903 [0] NCCL INFO Channel 01/0 : 0[404000] -> 2[404000] [send] via NET/IB/0
cn04:690560:690710 [1] NCCL INFO Channel 00/0 : 2[404000] -> 5[3503000] [receive] via NET/IB/0
cn05:2739104:2739237 [0] NCCL INFO Channel 00/0 : 4[404000] -> 6[404000] [receive] via NET/IB/0
cn06:2275750:2275893 [0] NCCL INFO Channel 00/0 : 8[404000] -> 10[404000] [send] via NET/IB/0
cn05:2739105:2739238 [1] NCCL INFO Channel 01/0 : 8[404000] -> 7[3503000] [receive] via NET/IB/0
cn05:2739105:2739238 [1] NCCL INFO Channel 00/0 : 7[3503000] -> 6[404000] via P2P/IPC
cn04:690559:690709 [0] NCCL INFO Channel 01/0 : 4[404000] -> 6[404000] [send] via NET/IB/0
ln01:2835125:2835268 [0] NCCL INFO Channel 01/0 : 10[404000] -> 2[404000] [send] via NET/IB/0
cn05:2739105:2739238 [1] NCCL INFO Channel 01/0 : 7[3503000] -> 6[404000] via P2P/IPC
cn02:674561:674710 [0] NCCL INFO Channel 00/0 : 2[404000] -> 5[3503000] [send] via NET/IB/0
cn01:422755:422903 [0] NCCL INFO Channel 00/0 : 8[404000] -> 0[404000] [receive] via NET/IB/0
cn05:2739104:2739237 [0] NCCL INFO Channel 01/0 : 4[404000] -> 6[404000] [receive] via NET/IB/0
cn06:2275750:2275893 [0] NCCL INFO Channel 00/0 : 8[404000] -> 0[404000] [send] via NET/IB/0
cn04:690560:690710 [1] NCCL INFO Channel 00/0 : 5[3503000] -> 2[404000] [send] via NET/IB/0
cn04:690559:690709 [0] NCCL INFO Channel 00/0 : 4[404000] -> 9[3503000] [send] via NET/IB/0
cn02:674561:674710 [0] NCCL INFO Channel 01/0 : 10[404000] -> 2[404000] [receive] via NET/IB/0
cn01:422755:422903 [0] NCCL INFO Channel 00/0 : 0[404000] -> 8[404000] [send] via NET/IB/0
cn05:2739104:2739237 [0] NCCL INFO Channel 01/0 : 3[3503000] -> 6[404000] [receive] via NET/IB/0
cn06:2275751:2275892 [1] NCCL INFO Channel 00/0 : 9[3503000] -> 4[404000] [send] via NET/IB/0
ln01:2835125:2835268 [0] NCCL INFO Channel 01/0 : 2[404000] -> 10[404000] [receive] via NET/IB/0
cn06:2275750:2275893 [0] NCCL INFO Channel 00/0 : 0[404000] -> 8[404000] [receive] via NET/IB/0
cn04:690559:690709 [0] NCCL INFO Channel 00/0 : 9[3503000] -> 4[404000] [receive] via NET/IB/0
cn06:2275751:2275892 [1] NCCL INFO Channel 00/0 : 9[3503000] -> 8[404000] via P2P/IPC
cn02:674562:674709 [1] NCCL INFO Channel 01/0 : 6[404000] -> 3[3503000] [receive] via NET/IB/0
cn02:674561:674710 [0] NCCL INFO Channel 01/0 : 2[404000] -> 10[404000] [send] via NET/IB/0
cn01:422755:422903 [0] NCCL INFO Channel 01/0 : 2[404000] -> 0[404000] [receive] via NET/IB/0
cn05:2739104:2739237 [0] NCCL INFO Channel 01/0 : 6[404000] -> 3[3503000] [send] via NET/IB/0
cn02:674562:674709 [1] NCCL INFO Channel 00/0 : 3[3503000] -> 2[404000] via P2P/IPC
cn06:2275751:2275892 [1] NCCL INFO Channel 01/0 : 9[3503000] -> 8[404000] via P2P/IPC
ln01:2835125:2835268 [0] NCCL INFO Channel 00/0 : 10[404000] -> 8[404000] [send] via NET/IB/0
cn02:674562:674709 [1] NCCL INFO Channel 01/0 : 3[3503000] -> 2[404000] via P2P/IPC
cn06:2275750:2275893 [0] NCCL INFO Channel 00/0 : 10[404000] -> 8[404000] [receive] via NET/IB/0
cn02:674561:674710 [0] NCCL INFO Channel 00/0 : 5[3503000] -> 2[404000] [receive] via NET/IB/0
cn04:690559:690709 [0] NCCL INFO Channel 00/0 : 6[404000] -> 4[404000] [receive] via NET/IB/0
cn04:690560:690710 [1] NCCL INFO Channel 00/0 : 5[3503000] -> 4[404000] via P2P/IPC
cn05:2739104:2739237 [0] NCCL INFO Channel 00/0 : 6[404000] -> 4[404000] [send] via NET/IB/0
cn04:690560:690710 [1] NCCL INFO Channel 01/0 : 5[3503000] -> 4[404000] via P2P/IPC
ln01:2835126:2835269 [1] NCCL INFO Connected all trees
ln01:2835126:2835269 [1] NCCL INFO threadThresholds 8/8/64 | 96/8/64 | 512 | 512
ln01:2835126:2835269 [1] NCCL INFO 2 coll channels, 0 nvls channels, 2 p2p channels, 2 p2p channels per peer
cn04:690559:690709 [0] NCCL INFO Channel 01/0 : 6[404000] -> 4[404000] [receive] via NET/IB/0
cn02:674561:674710 [0] NCCL INFO Channel 01/0 : 2[404000] -> 0[404000] [send] via NET/IB/0
cn05:2739104:2739237 [0] NCCL INFO Channel 01/0 : 6[404000] -> 4[404000] [send] via NET/IB/0
cn06:2275750:2275893 [0] NCCL INFO Channel 01/0 : 8[404000] -> 7[3503000] [send] via NET/IB/0
cn01:422756:422904 [1] NCCL INFO Connected all trees
cn01:422756:422904 [1] NCCL INFO threadThresholds 8/8/64 | 96/8/64 | 512 | 512
cn01:422756:422904 [1] NCCL INFO 2 coll channels, 0 nvls channels, 2 p2p channels, 2 p2p channels per peer
ln01:2835125:2835268 [0] NCCL INFO Connected all trees
ln01:2835125:2835268 [0] NCCL INFO threadThresholds 8/8/64 | 96/8/64 | 512 | 512
ln01:2835125:2835268 [0] NCCL INFO 2 coll channels, 0 nvls channels, 2 p2p channels, 2 p2p channels per peer
cn05:2739105:2739238 [1] NCCL INFO Connected all trees
cn05:2739105:2739238 [1] NCCL INFO threadThresholds 8/8/64 | 96/8/64 | 512 | 512
cn05:2739105:2739238 [1] NCCL INFO 2 coll channels, 0 nvls channels, 2 p2p channels, 2 p2p channels per peer
cn02:674562:674709 [1] NCCL INFO Connected all trees
cn02:674562:674709 [1] NCCL INFO threadThresholds 8/8/64 | 96/8/64 | 512 | 512
cn02:674562:674709 [1] NCCL INFO 2 coll channels, 0 nvls channels, 2 p2p channels, 2 p2p channels per peer
cn04:690560:690710 [1] NCCL INFO Connected all trees
cn04:690560:690710 [1] NCCL INFO threadThresholds 8/8/64 | 96/8/64 | 512 | 512
cn04:690560:690710 [1] NCCL INFO 2 coll channels, 0 nvls channels, 2 p2p channels, 2 p2p channels per peer
cn06:2275751:2275892 [1] NCCL INFO Connected all trees
cn06:2275751:2275892 [1] NCCL INFO threadThresholds 8/8/64 | 96/8/64 | 512 | 512
cn06:2275751:2275892 [1] NCCL INFO 2 coll channels, 0 nvls channels, 2 p2p channels, 2 p2p channels per peer
cn02:674561:674710 [0] NCCL INFO Connected all trees
cn02:674561:674710 [0] NCCL INFO threadThresholds 8/8/64 | 96/8/64 | 512 | 512
cn02:674561:674710 [0] NCCL INFO 2 coll channels, 0 nvls channels, 2 p2p channels, 2 p2p channels per peer
cn04:690559:690709 [0] NCCL INFO Connected all trees
cn05:2739104:2739237 [0] NCCL INFO Connected all trees
cn04:690559:690709 [0] NCCL INFO threadThresholds 8/8/64 | 96/8/64 | 512 | 512
cn04:690559:690709 [0] NCCL INFO 2 coll channels, 0 nvls channels, 2 p2p channels, 2 p2p channels per peer
cn05:2739104:2739237 [0] NCCL INFO threadThresholds 8/8/64 | 96/8/64 | 512 | 512
cn05:2739104:2739237 [0] NCCL INFO 2 coll channels, 0 nvls channels, 2 p2p channels, 2 p2p channels per peer
ln01:2835126:2835269 [1] NCCL INFO comm 0x15409fc60 rank 11 nranks 12 cudaDev 1 busId 3503000 commId 0x7829106f745d246c - Init COMPLETE
ln01:2835125:2835268 [0] NCCL INFO comm 0x166ca1cb0 rank 10 nranks 12 cudaDev 0 busId 404000 commId 0x7829106f745d246c - Init COMPLETE
cn01:422755:422903 [0] NCCL INFO Connected all trees
cn06:2275750:2275893 [0] NCCL INFO Connected all trees
cn01:422755:422903 [0] NCCL INFO threadThresholds 8/8/64 | 96/8/64 | 512 | 512
cn01:422755:422903 [0] NCCL INFO 2 coll channels, 0 nvls channels, 2 p2p channels, 2 p2p channels per peer
cn06:2275750:2275893 [0] NCCL INFO threadThresholds 8/8/64 | 96/8/64 | 512 | 512
cn06:2275750:2275893 [0] NCCL INFO 2 coll channels, 0 nvls channels, 2 p2p channels, 2 p2p channels per peer
cn02:674562:674709 [1] NCCL INFO comm 0x1852b0300 rank 3 nranks 12 cudaDev 1 busId 3503000 commId 0x7829106f745d246c - Init COMPLETE
cn02:674561:674710 [0] NCCL INFO comm 0x18bfe3560 rank 2 nranks 12 cudaDev 0 busId 404000 commId 0x7829106f745d246c - Init COMPLETE
cn06:2275751:2275892 [1] NCCL INFO comm 0x17aa01270 rank 9 nranks 12 cudaDev 1 busId 3503000 commId 0x7829106f745d246c - Init COMPLETE
cn06:2275750:2275893 [0] NCCL INFO comm 0x185e37030 rank 8 nranks 12 cudaDev 0 busId 404000 commId 0x7829106f745d246c - Init COMPLETE
cn01:422756:422904 [1] NCCL INFO comm 0x189510d80 rank 1 nranks 12 cudaDev 1 busId 3503000 commId 0x7829106f745d246c - Init COMPLETE
cn04:690560:690710 [1] NCCL INFO comm 0x1a21b01c0 rank 5 nranks 12 cudaDev 1 busId 3503000 commId 0x7829106f745d246c - Init COMPLETE
cn01:422755:422903 [0] NCCL INFO comm 0x17fa11850 rank 0 nranks 12 cudaDev 0 busId 404000 commId 0x7829106f745d246c - Init COMPLETE
cn05:2739105:2739238 [1] NCCL INFO comm 0x1783f3e00 rank 7 nranks 12 cudaDev 1 busId 3503000 commId 0x7829106f745d246c - Init COMPLETE
cn04:690559:690709 [0] NCCL INFO comm 0x1927d0070 rank 4 nranks 12 cudaDev 0 busId 404000 commId 0x7829106f745d246c - Init COMPLETE
cn05:2739104:2739237 [0] NCCL INFO comm 0x1a47117e0 rank 6 nranks 12 cudaDev 0 busId 404000 commId 0x7829106f745d246c - Init COMPLETE
[hybrid-tcn h=30] epoch 0: val RMSE=38.2856
[hybrid-tcn h=30] epoch 10: val RMSE=17.1001
[hybrid-tcn h=30] early stopping at epoch 19 (best val RMSE=7.8062)
[hybrid h=30] test metrics: {'rmse': 34.11324691772461, 'mae': 25.587800979614258, 'mape': 73.21367263793945, 'directional_accuracy': 0.5761245674740484, 'n': 578}
cn02:674562:674713 [1] NCCL INFO [Service thread] Connection closed by localRank 1
cn01:422755:422911 [0] NCCL INFO [Service thread] Connection closed by localRank 0
cn02:674561:674714 [0] NCCL INFO [Service thread] Connection closed by localRank 0
cn05:2739104:2739241 [0] NCCL INFO [Service thread] Connection closed by localRank 0
cn01:422756:422910 [1] NCCL INFO [Service thread] Connection closed by localRank 1
cn06:2275751:2275897 [1] NCCL INFO [Service thread] Connection closed by localRank 1
ln01:2835125:2835272 [0] NCCL INFO [Service thread] Connection closed by localRank 0
cn04:690559:690718 [0] NCCL INFO [Service thread] Connection closed by localRank 0
cn06:2275750:2275898 [0] NCCL INFO [Service thread] Connection closed by localRank 0
cn05:2739105:2739242 [1] NCCL INFO [Service thread] Connection closed by localRank 1
ln01:2835126:2835273 [1] NCCL INFO [Service thread] Connection closed by localRank 1
cn04:690560:690719 [1] NCCL INFO [Service thread] Connection closed by localRank 1
cn06:2275751:2275751 [1] NCCL INFO comm 0x17aa01270 rank 9 nranks 12 cudaDev 1 busId 3503000 - Abort COMPLETE
cn02:674562:674562 [1] NCCL INFO comm 0x1852b0300 rank 3 nranks 12 cudaDev 1 busId 3503000 - Abort COMPLETE
cn06:2275750:2275750 [0] NCCL INFO comm 0x185e37030 rank 8 nranks 12 cudaDev 0 busId 404000 - Abort COMPLETE
cn01:422756:422756 [1] NCCL INFO comm 0x189510d80 rank 1 nranks 12 cudaDev 1 busId 3503000 - Abort COMPLETE
ln01:2835126:2835126 [1] NCCL INFO comm 0x15409fc60 rank 11 nranks 12 cudaDev 1 busId 3503000 - Abort COMPLETE
cn05:2739105:2739105 [1] NCCL INFO comm 0x1783f3e00 rank 7 nranks 12 cudaDev 1 busId 3503000 - Abort COMPLETE
cn02:674561:674561 [0] NCCL INFO comm 0x18bfe3560 rank 2 nranks 12 cudaDev 0 busId 404000 - Abort COMPLETE
ln01:2835125:2835125 [0] NCCL INFO comm 0x166ca1cb0 rank 10 nranks 12 cudaDev 0 busId 404000 - Abort COMPLETE
cn04:690560:690560 [1] NCCL INFO comm 0x1a21b01c0 rank 5 nranks 12 cudaDev 1 busId 3503000 - Abort COMPLETE
cn05:2739104:2739104 [0] NCCL INFO comm 0x1a47117e0 rank 6 nranks 12 cudaDev 0 busId 404000 - Abort COMPLETE
cn01:422755:422755 [0] NCCL INFO comm 0x17fa11850 rank 0 nranks 12 cudaDev 0 busId 404000 - Abort COMPLETE
cn04:690559:690559 [0] NCCL INFO comm 0x1927d0070 rank 4 nranks 12 cudaDev 0 busId 404000 - Abort COMPLETE
Job completed.


PS:

Read file <poprad_cds.74504.err> for stderr output of this job.

