Sender: LSF System <lsfadmin@cn06.ai.cato.cnt.uksw.edu.pl>
Subject: Job 74489: <poprad_cds_deep> in cluster <cato> Done

Job <poprad_cds_deep> was submitted from host <ln02.ai.cato.cnt.uksw.edu.pl> by user <jkanturski> in cluster <cato> at Sat Sep 19 11:34:04 2026
Job was executed on host(s) <2*cn06.ai.cato.cnt.uksw.edu.pl>, in queue <short>, as user <jkanturski> in cluster <cato> at Sat Sep 19 11:34:05 2026
                            <2*cn01.ai.cato.cnt.uksw.edu.pl>
                            <2*cn05.ai.cato.cnt.uksw.edu.pl>
                            <2*cn04.ai.cato.cnt.uksw.edu.pl>
                            <2*cn02.ai.cato.cnt.uksw.edu.pl>
                            <2*ln01.ai.cato.cnt.uksw.edu.pl>
</home/jkanturski> was used as the home directory.
</home/jkanturski/CATO/experiments> was used as the working directory.
Started at Sat Sep 19 11:34:05 2026
Terminated at Sat Sep 19 11:34:49 2026
Results reported at Sat Sep 19 11:34:49 2026

Your job looked like:

------------------------------------------------------------
# LSBATCH: User input
#!/bin/bash
#BSUB -J "poprad_cds_deep"
#BSUB -q short
#BSUB -n 12
#BSUB -R "span[ptile=2]"
#BSUB -gpu "num=2:mode=exclusive_process:j_exclusive=yes"
#BSUB -o poprad_cds.%J.log
#BSUB -e poprad_cds.%J.err
#
# Launches distributed training of the LSTM/TCN/hybrid forecasters
# (Sections III.C/D/E, V of paper.tex) on the CATO cluster.
#
# Usage:
#   bsub < submit_deep_models.sh
#
# Edit MODEL/HORIZON/SCRIPT below to select which of the three deep
# configurations and which forecasting horizon to run. For the full
# scaling experiment (Table II of paper.tex), resubmit with different
# #BSUB -n / -R / -gpu values (1 GPU/1 node, 2 GPU/1 node, 4 GPU/2 nodes,
# 12 GPU/6 nodes) and record wall-clock time from the LSF job log.

MODEL=lstm          # one of: lstm, tcn (used only when SCRIPT=train_lstm_tcn_ddp.py)
HORIZON=30          # one of: 1, 7, 30
SCRIPT=train_lstm_tcn_ddp.py   # train_lstm_tcn_ddp.py (lstm/tcn) or train_hybrid.py
EXTRA_ARGS="--model $MODEL --horizon $HORIZON"   # for train_hybrid.py, use "--horizon $HORIZON" only

module purge
module load compilers/nvidia/hpc_sdk/nompi/21.9

# Master address = first host in allocation
export MASTER_ADDR=$(echo $LSB_MCPU_HOSTS | awk '{print $1}')
export MASTER_PORT=29505
unset MASTER_ADDR  # LSF injects an incompatible value; resolve IPv4 below instead

NODES=($(echo $LSB_MCPU_HOSTS | awk '{for(i=1;i<=NF;i+=2) print $i}'))
NNODES=${#NODES[@]}
MASTER_HOST=${NODES[0]}
MASTER_ADDR=$(getent ahostsv4 $MASTER_HOST | awk '{print $1}' | head -n 1)

echo "MASTER_ADDR=$MASTER_ADDR"
echo "NNODES=$NNODES"
echo "NODES=${NODES[@]}"
echo "MODEL=$MODEL HORIZON=$HORIZON"

for i in "${!NODES[@]}"; do
    NODE=${NODES[$i]}
    blaunch $NODE "
        source /gpfs/catosys/opence/anaconda3/etc/profile.d/conda.sh && \
        conda activate torch2_p9 && \
        export NCCL_DEBUG=INFO && \

(... more ...)
------------------------------------------------------------

Successfully completed.

Resource usage summary:

    CPU time :                                   180.00 sec.
    Max Memory :                                 4154 MB
    Average Memory :                             2110.62 MB
    Total Requested Memory :                     -
    Delta Memory :                               -
    Max Swap :                                   -
    Max Processes :                              14
    Max Threads :                                134
    Run time :                                   42 sec.
    Turnaround time :                            45 sec.

The output (if any) follows:

MASTER_ADDR=10.0.0.26
NNODES=6
NODES=cn06.ai.cato.cnt.uksw.edu.pl cn01.ai.cato.cnt.uksw.edu.pl cn05.ai.cato.cnt.uksw.edu.pl cn04.ai.cato.cnt.uksw.edu.pl cn02.ai.cato.cnt.uksw.edu.pl ln01.ai.cato.cnt.uksw.edu.pl
MODEL=lstm HORIZON=30
Starting node_rank=2 on cn05.ai.cato.cnt.uksw.edu.pl
Starting node_rank=0 on cn06.ai.cato.cnt.uksw.edu.pl
Starting node_rank=5 on ln01.ai.cato.cnt.uksw.edu.pl
Starting node_rank=3 on cn04.ai.cato.cnt.uksw.edu.pl
Starting node_rank=4 on cn02.ai.cato.cnt.uksw.edu.pl
Starting node_rank=1 on cn01.ai.cato.cnt.uksw.edu.pl
cn01:308590:308590 [0] NCCL INFO NCCL_SOCKET_IFNAME set by environment to clpriv
cn01:308590:308590 [0] NCCL INFO Bootstrap : Using clpriv:10.0.0.21<0>
cn01:308590:308590 [0] NCCL INFO NET/Plugin : Plugin load (libnccl-net.so) returned 2 : libnccl-net.so: cannot open shared object file: No such file or directory
cn01:308590:308590 [0] NCCL INFO NET/Plugin : No plugin found, using internal implementation
cn01:308590:308590 [0] NCCL INFO cudaDriverVersion 11060
NCCL version 2.17.1+cuda11.8
cn01:308591:308591 [1] NCCL INFO cudaDriverVersion 11060
cn01:308591:308591 [1] NCCL INFO NCCL_SOCKET_IFNAME set by environment to clpriv
cn01:308591:308591 [1] NCCL INFO Bootstrap : Using clpriv:10.0.0.21<0>
cn01:308591:308591 [1] NCCL INFO NET/Plugin : Plugin load (libnccl-net.so) returned 2 : libnccl-net.so: cannot open shared object file: No such file or directory
cn01:308591:308591 [1] NCCL INFO NET/Plugin : No plugin found, using internal implementation
ln01:2720768:2720768 [0] NCCL INFO cudaDriverVersion 11060
ln01:2720769:2720769 [1] NCCL INFO cudaDriverVersion 11060
ln01:2720769:2720769 [1] NCCL INFO NCCL_SOCKET_IFNAME set by environment to clpriv
ln01:2720768:2720768 [0] NCCL INFO NCCL_SOCKET_IFNAME set by environment to clpriv
ln01:2720769:2720769 [1] NCCL INFO Bootstrap : Using clpriv:10.0.0.13<0>
ln01:2720768:2720768 [0] NCCL INFO Bootstrap : Using clpriv:10.0.0.13<0>
cn05:2608363:2608363 [1] NCCL INFO cudaDriverVersion 11060
cn05:2608362:2608362 [0] NCCL INFO cudaDriverVersion 11060
ln01:2720769:2720769 [1] NCCL INFO NET/Plugin : Plugin load (libnccl-net.so) returned 2 : libnccl-net.so: cannot open shared object file: No such file or directory
ln01:2720768:2720768 [0] NCCL INFO NET/Plugin : Plugin load (libnccl-net.so) returned 2 : libnccl-net.so: cannot open shared object file: No such file or directory
ln01:2720769:2720769 [1] NCCL INFO NET/Plugin : No plugin found, using internal implementation
ln01:2720768:2720768 [0] NCCL INFO NET/Plugin : No plugin found, using internal implementation
cn05:2608362:2608362 [0] NCCL INFO NCCL_SOCKET_IFNAME set by environment to clpriv
cn05:2608363:2608363 [1] NCCL INFO NCCL_SOCKET_IFNAME set by environment to clpriv
cn05:2608363:2608363 [1] NCCL INFO Bootstrap : Using clpriv:10.0.0.25<0>
cn05:2608362:2608362 [0] NCCL INFO Bootstrap : Using clpriv:10.0.0.25<0>
cn05:2608363:2608363 [1] NCCL INFO NET/Plugin : Plugin load (libnccl-net.so) returned 2 : libnccl-net.so: cannot open shared object file: No such file or directory
cn05:2608363:2608363 [1] NCCL INFO NET/Plugin : No plugin found, using internal implementation
cn05:2608362:2608362 [0] NCCL INFO NET/Plugin : Plugin load (libnccl-net.so) returned 2 : libnccl-net.so: cannot open shared object file: No such file or directory
cn05:2608362:2608362 [0] NCCL INFO NET/Plugin : No plugin found, using internal implementation
cn06:2148394:2148394 [1] NCCL INFO cudaDriverVersion 11060
cn06:2148393:2148393 [0] NCCL INFO cudaDriverVersion 11060
cn06:2148393:2148393 [0] NCCL INFO NCCL_SOCKET_IFNAME set by environment to clpriv
cn06:2148394:2148394 [1] NCCL INFO NCCL_SOCKET_IFNAME set by environment to clpriv
cn06:2148393:2148393 [0] NCCL INFO Bootstrap : Using clpriv:10.0.0.26<0>
cn06:2148394:2148394 [1] NCCL INFO Bootstrap : Using clpriv:10.0.0.26<0>
cn06:2148393:2148393 [0] NCCL INFO NET/Plugin : Plugin load (libnccl-net.so) returned 2 : libnccl-net.so: cannot open shared object file: No such file or directory
cn06:2148393:2148393 [0] NCCL INFO NET/Plugin : No plugin found, using internal implementation
cn06:2148394:2148394 [1] NCCL INFO NET/Plugin : Plugin load (libnccl-net.so) returned 2 : libnccl-net.so: cannot open shared object file: No such file or directory
cn06:2148394:2148394 [1] NCCL INFO NET/Plugin : No plugin found, using internal implementation
cn04:576168:576168 [0] NCCL INFO cudaDriverVersion 11060
cn04:576169:576169 [1] NCCL INFO cudaDriverVersion 11060
cn04:576169:576169 [1] NCCL INFO NCCL_SOCKET_IFNAME set by environment to clpriv
cn04:576168:576168 [0] NCCL INFO NCCL_SOCKET_IFNAME set by environment to clpriv
cn04:576169:576169 [1] NCCL INFO Bootstrap : Using clpriv:10.0.0.24<0>
cn04:576168:576168 [0] NCCL INFO Bootstrap : Using clpriv:10.0.0.24<0>
cn04:576169:576169 [1] NCCL INFO NET/Plugin : Plugin load (libnccl-net.so) returned 2 : libnccl-net.so: cannot open shared object file: No such file or directory
cn04:576168:576168 [0] NCCL INFO NET/Plugin : Plugin load (libnccl-net.so) returned 2 : libnccl-net.so: cannot open shared object file: No such file or directory
cn04:576169:576169 [1] NCCL INFO NET/Plugin : No plugin found, using internal implementation
cn04:576168:576168 [0] NCCL INFO NET/Plugin : No plugin found, using internal implementation
cn02:560106:560106 [0] NCCL INFO cudaDriverVersion 11060
cn02:560107:560107 [1] NCCL INFO cudaDriverVersion 11060
cn02:560107:560107 [1] NCCL INFO NCCL_SOCKET_IFNAME set by environment to clpriv
cn02:560106:560106 [0] NCCL INFO NCCL_SOCKET_IFNAME set by environment to clpriv
cn02:560106:560106 [0] NCCL INFO Bootstrap : Using clpriv:10.0.0.22<0>
cn02:560107:560107 [1] NCCL INFO Bootstrap : Using clpriv:10.0.0.22<0>
cn02:560107:560107 [1] NCCL INFO NET/Plugin : Plugin load (libnccl-net.so) returned 2 : libnccl-net.so: cannot open shared object file: No such file or directory
cn02:560107:560107 [1] NCCL INFO NET/Plugin : No plugin found, using internal implementation
cn02:560106:560106 [0] NCCL INFO NET/Plugin : Plugin load (libnccl-net.so) returned 2 : libnccl-net.so: cannot open shared object file: No such file or directory
cn02:560106:560106 [0] NCCL INFO NET/Plugin : No plugin found, using internal implementation
ln01:2720769:2720909 [1] NCCL INFO NCCL_IB_DISABLE set by environment to 0.
ln01:2720768:2720910 [0] NCCL INFO NCCL_IB_DISABLE set by environment to 0.
ln01:2720769:2720909 [1] NCCL INFO NCCL_SOCKET_IFNAME set by environment to clpriv
cn01:308590:308733 [0] NCCL INFO NCCL_IB_DISABLE set by environment to 0.
cn01:308591:308734 [1] NCCL INFO NCCL_IB_DISABLE set by environment to 0.
ln01:2720768:2720910 [0] NCCL INFO NCCL_SOCKET_IFNAME set by environment to clpriv
cn01:308590:308733 [0] NCCL INFO NCCL_SOCKET_IFNAME set by environment to clpriv
cn01:308591:308734 [1] NCCL INFO NCCL_SOCKET_IFNAME set by environment to clpriv
cn06:2148393:2148533 [0] NCCL INFO NCCL_IB_DISABLE set by environment to 0.
cn06:2148394:2148534 [1] NCCL INFO NCCL_IB_DISABLE set by environment to 0.
cn06:2148393:2148533 [0] NCCL INFO NCCL_SOCKET_IFNAME set by environment to clpriv
cn06:2148394:2148534 [1] NCCL INFO NCCL_SOCKET_IFNAME set by environment to clpriv
cn05:2608362:2608502 [0] NCCL INFO NCCL_IB_DISABLE set by environment to 0.
cn05:2608363:2608503 [1] NCCL INFO NCCL_IB_DISABLE set by environment to 0.
cn05:2608363:2608503 [1] NCCL INFO NCCL_SOCKET_IFNAME set by environment to clpriv
cn05:2608362:2608502 [0] NCCL INFO NCCL_SOCKET_IFNAME set by environment to clpriv
cn04:576169:576308 [1] NCCL INFO NCCL_IB_DISABLE set by environment to 0.
cn04:576168:576309 [0] NCCL INFO NCCL_IB_DISABLE set by environment to 0.
cn04:576169:576308 [1] NCCL INFO NCCL_SOCKET_IFNAME set by environment to clpriv
cn04:576168:576309 [0] NCCL INFO NCCL_SOCKET_IFNAME set by environment to clpriv
cn02:560107:560234 [1] NCCL INFO NCCL_IB_DISABLE set by environment to 0.
cn02:560106:560235 [0] NCCL INFO NCCL_IB_DISABLE set by environment to 0.
cn02:560107:560234 [1] NCCL INFO NCCL_SOCKET_IFNAME set by environment to clpriv
cn02:560106:560235 [0] NCCL INFO NCCL_SOCKET_IFNAME set by environment to clpriv
cn05:2608362:2608502 [0] NCCL INFO NET/IB : Using [0]mlx5_2:1/IB ; OOB clpriv:10.0.0.25<0>
cn06:2148394:2148534 [1] NCCL INFO NET/IB : Using [0]mlx5_2:1/IB ; OOB clpriv:10.0.0.26<0>
cn06:2148394:2148534 [1] NCCL INFO Using network IB
cn06:2148393:2148533 [0] NCCL INFO NET/IB : Using [0]mlx5_2:1/IB ; OOB clpriv:10.0.0.26<0>
cn06:2148393:2148533 [0] NCCL INFO Using network IB
cn05:2608362:2608502 [0] NCCL INFO Using network IB
cn05:2608363:2608503 [1] NCCL INFO NET/IB : Using [0]mlx5_2:1/IB ; OOB clpriv:10.0.0.25<0>
cn05:2608363:2608503 [1] NCCL INFO Using network IB
ln01:2720769:2720909 [1] NCCL INFO NET/IB : Using [0]mlx5_2:1/IB ; OOB clpriv:10.0.0.13<0>
ln01:2720769:2720909 [1] NCCL INFO Using network IB
ln01:2720768:2720910 [0] NCCL INFO NET/IB : Using [0]mlx5_2:1/IB ; OOB clpriv:10.0.0.13<0>
ln01:2720768:2720910 [0] NCCL INFO Using network IB
cn02:560106:560235 [0] NCCL INFO NET/IB : Using [0]mlx5_2:1/IB ; OOB clpriv:10.0.0.22<0>
cn02:560106:560235 [0] NCCL INFO Using network IB
cn02:560107:560234 [1] NCCL INFO NET/IB : Using [0]mlx5_2:1/IB ; OOB clpriv:10.0.0.22<0>
cn02:560107:560234 [1] NCCL INFO Using network IB
cn01:308591:308734 [1] NCCL INFO NET/IB : Using [0]mlx5_2:1/IB ; OOB clpriv:10.0.0.21<0>
cn01:308591:308734 [1] NCCL INFO Using network IB
cn01:308590:308733 [0] NCCL INFO NET/IB : Using [0]mlx5_2:1/IB ; OOB clpriv:10.0.0.21<0>
cn01:308590:308733 [0] NCCL INFO Using network IB
cn04:576169:576308 [1] NCCL INFO NET/IB : Using [0]mlx5_2:1/IB ; OOB clpriv:10.0.0.24<0>
cn04:576169:576308 [1] NCCL INFO Using network IB
cn04:576168:576309 [0] NCCL INFO NET/IB : Using [0]mlx5_2:1/IB ; OOB clpriv:10.0.0.24<0>
cn04:576168:576309 [0] NCCL INFO Using network IB
cn05:2608362:2608502 [0] NCCL INFO Setting affinity for GPU 0 to ffffffff,ffffffff
cn05:2608363:2608503 [1] NCCL INFO Setting affinity for GPU 1 to ffffffff,ffffffff,00000000,00000000
cn02:560107:560234 [1] NCCL INFO Setting affinity for GPU 1 to ffffffff,ffffffff,00000000,00000000
cn02:560106:560235 [0] NCCL INFO Setting affinity for GPU 0 to ffffffff,ffffffff
cn01:308591:308734 [1] NCCL INFO Setting affinity for GPU 1 to ffffffff,ffffffff,00000000,00000000
cn04:576168:576309 [0] NCCL INFO Setting affinity for GPU 0 to ffffffff,ffffffff
cn01:308590:308733 [0] NCCL INFO Setting affinity for GPU 0 to ffffffff,ffffffff
cn04:576169:576308 [1] NCCL INFO Setting affinity for GPU 1 to ffffffff,ffffffff,00000000,00000000
ln01:2720769:2720909 [1] NCCL INFO Setting affinity for GPU 1 to ffffffff,ffffffff,00000000,00000000
ln01:2720768:2720910 [0] NCCL INFO Setting affinity for GPU 0 to ffffffff,ffffffff
cn06:2148393:2148533 [0] NCCL INFO Setting affinity for GPU 0 to ffffffff,ffffffff
cn06:2148394:2148534 [1] NCCL INFO Setting affinity for GPU 1 to ffffffff,ffffffff,00000000,00000000
cn06:2148394:2148534 [1] NCCL INFO Trees [0] 4/-1/-1->9->8 [1] -1/-1/-1->9->8
cn06:2148394:2148534 [1] NCCL INFO P2P Chunksize set to 131072
ln01:2720768:2720910 [0] NCCL INFO Trees [0] 11/-1/-1->10->8 [1] 11/2/-1->10->-1
ln01:2720768:2720910 [0] NCCL INFO P2P Chunksize set to 131072
ln01:2720769:2720909 [1] NCCL INFO Trees [0] -1/-1/-1->11->10 [1] -1/-1/-1->11->10
ln01:2720769:2720909 [1] NCCL INFO P2P Chunksize set to 131072
cn02:560106:560235 [0] NCCL INFO Trees [0] 3/-1/-1->2->5 [1] 3/0/-1->2->10
cn02:560106:560235 [0] NCCL INFO P2P Chunksize set to 131072
cn02:560107:560234 [1] NCCL INFO Trees [0] -1/-1/-1->3->2 [1] 6/-1/-1->3->2
cn02:560107:560234 [1] NCCL INFO P2P Chunksize set to 131072
cn01:308591:308734 [1] NCCL INFO Trees [0] -1/-1/-1->1->0 [1] -1/-1/-1->1->0
cn01:308591:308734 [1] NCCL INFO P2P Chunksize set to 131072
cn01:308590:308733 [0] NCCL INFO Channel 00/02 :    0   1   2   3   4   5   6   7   8   9  10  11
cn01:308590:308733 [0] NCCL INFO Channel 01/02 :    0   1   2   3   4   5   6   7   8   9  10  11
cn01:308590:308733 [0] NCCL INFO Trees [0] 1/8/-1->0->-1 [1] 1/-1/-1->0->2
cn01:308590:308733 [0] NCCL INFO P2P Chunksize set to 131072
cn04:576168:576309 [0] NCCL INFO Trees [0] 5/6/-1->4->9 [1] 5/-1/-1->4->6
cn04:576168:576309 [0] NCCL INFO P2P Chunksize set to 131072
cn04:576169:576308 [1] NCCL INFO Trees [0] 2/-1/-1->5->4 [1] -1/-1/-1->5->4
cn05:2608363:2608503 [1] NCCL INFO Trees [0] -1/-1/-1->7->6 [1] 8/-1/-1->7->6
cn06:2148393:2148533 [0] NCCL INFO Trees [0] 9/10/-1->8->0 [1] 9/-1/-1->8->7
cn06:2148393:2148533 [0] NCCL INFO P2P Chunksize set to 131072
cn04:576169:576308 [1] NCCL INFO P2P Chunksize set to 131072
cn05:2608363:2608503 [1] NCCL INFO P2P Chunksize set to 131072
cn05:2608362:2608502 [0] NCCL INFO Trees [0] 7/-1/-1->6->4 [1] 7/4/-1->6->3
cn05:2608362:2608502 [0] NCCL INFO P2P Chunksize set to 131072
ln01:2720768:2720910 [0] NCCL INFO Channel 00/0 : 9[3503000] -> 10[404000] [receive] via NET/IB/0
cn02:560106:560235 [0] NCCL INFO Channel 00/0 : 1[3503000] -> 2[404000] [receive] via NET/IB/0
cn04:576168:576309 [0] NCCL INFO Channel 00/0 : 3[3503000] -> 4[404000] [receive] via NET/IB/0
cn01:308590:308733 [0] NCCL INFO Channel 00/0 : 11[3503000] -> 0[404000] [receive] via NET/IB/0
cn05:2608362:2608502 [0] NCCL INFO Channel 00/0 : 5[3503000] -> 6[404000] [receive] via NET/IB/0
cn06:2148393:2148533 [0] NCCL INFO Channel 00/0 : 7[3503000] -> 8[404000] [receive] via NET/IB/0
ln01:2720768:2720910 [0] NCCL INFO Channel 01/0 : 9[3503000] -> 10[404000] [receive] via NET/IB/0
ln01:2720768:2720910 [0] NCCL INFO Channel 00/0 : 10[404000] -> 11[3503000] via P2P/IPC
cn02:560106:560235 [0] NCCL INFO Channel 01/0 : 1[3503000] -> 2[404000] [receive] via NET/IB/0
cn02:560106:560235 [0] NCCL INFO Channel 00/0 : 2[404000] -> 3[3503000] via P2P/IPC
cn04:576168:576309 [0] NCCL INFO Channel 01/0 : 3[3503000] -> 4[404000] [receive] via NET/IB/0
cn04:576168:576309 [0] NCCL INFO Channel 00/0 : 4[404000] -> 5[3503000] via P2P/IPC
cn01:308590:308733 [0] NCCL INFO Channel 01/0 : 11[3503000] -> 0[404000] [receive] via NET/IB/0
cn01:308590:308733 [0] NCCL INFO Channel 00/0 : 0[404000] -> 1[3503000] via P2P/IPC
cn05:2608362:2608502 [0] NCCL INFO Channel 01/0 : 5[3503000] -> 6[404000] [receive] via NET/IB/0
cn05:2608362:2608502 [0] NCCL INFO Channel 00/0 : 6[404000] -> 7[3503000] via P2P/IPC
cn06:2148393:2148533 [0] NCCL INFO Channel 01/0 : 7[3503000] -> 8[404000] [receive] via NET/IB/0
cn06:2148393:2148533 [0] NCCL INFO Channel 00/0 : 8[404000] -> 9[3503000] via P2P/IPC
cn02:560106:560235 [0] NCCL INFO Channel 01/0 : 2[404000] -> 3[3503000] via P2P/IPC
ln01:2720768:2720910 [0] NCCL INFO Channel 01/0 : 10[404000] -> 11[3503000] via P2P/IPC
cn04:576168:576309 [0] NCCL INFO Channel 01/0 : 4[404000] -> 5[3503000] via P2P/IPC
cn01:308591:308734 [1] NCCL INFO Channel 00/0 : 1[3503000] -> 2[404000] [send] via NET/IB/0
cn05:2608363:2608503 [1] NCCL INFO Channel 00/0 : 7[3503000] -> 8[404000] [send] via NET/IB/0
ln01:2720769:2720909 [1] NCCL INFO Channel 00/0 : 11[3503000] -> 0[404000] [send] via NET/IB/0
cn02:560107:560234 [1] NCCL INFO Channel 00/0 : 3[3503000] -> 4[404000] [send] via NET/IB/0
cn06:2148394:2148534 [1] NCCL INFO Channel 00/0 : 9[3503000] -> 10[404000] [send] via NET/IB/0
cn04:576169:576308 [1] NCCL INFO Channel 00/0 : 5[3503000] -> 6[404000] [send] via NET/IB/0
cn06:2148393:2148533 [0] NCCL INFO Channel 01/0 : 8[404000] -> 9[3503000] via P2P/IPC
cn01:308590:308733 [0] NCCL INFO Channel 01/0 : 0[404000] -> 1[3503000] via P2P/IPC
cn05:2608362:2608502 [0] NCCL INFO Channel 01/0 : 6[404000] -> 7[3503000] via P2P/IPC
cn01:308591:308734 [1] NCCL INFO Channel 01/0 : 1[3503000] -> 2[404000] [send] via NET/IB/0
cn05:2608363:2608503 [1] NCCL INFO Channel 01/0 : 7[3503000] -> 8[404000] [send] via NET/IB/0
ln01:2720769:2720909 [1] NCCL INFO Channel 01/0 : 11[3503000] -> 0[404000] [send] via NET/IB/0
cn04:576169:576308 [1] NCCL INFO Channel 01/0 : 5[3503000] -> 6[404000] [send] via NET/IB/0
cn02:560107:560234 [1] NCCL INFO Channel 01/0 : 3[3503000] -> 4[404000] [send] via NET/IB/0
cn06:2148394:2148534 [1] NCCL INFO Channel 01/0 : 9[3503000] -> 10[404000] [send] via NET/IB/0
cn02:560106:560235 [0] NCCL INFO Connected all rings
cn01:308591:308734 [1] NCCL INFO Connected all rings
cn01:308591:308734 [1] NCCL INFO Channel 00/0 : 1[3503000] -> 0[404000] via P2P/IPC
cn02:560107:560234 [1] NCCL INFO Connected all rings
cn04:576168:576309 [0] NCCL INFO Connected all rings
cn05:2608363:2608503 [1] NCCL INFO Connected all rings
cn06:2148393:2148533 [0] NCCL INFO Connected all rings
ln01:2720769:2720909 [1] NCCL INFO Connected all rings
ln01:2720769:2720909 [1] NCCL INFO Channel 00/0 : 11[3503000] -> 10[404000] via P2P/IPC
ln01:2720768:2720910 [0] NCCL INFO Connected all rings
cn06:2148394:2148534 [1] NCCL INFO Connected all rings
cn05:2608362:2608502 [0] NCCL INFO Connected all rings
cn04:576169:576308 [1] NCCL INFO Connected all rings
cn01:308590:308733 [0] NCCL INFO Connected all rings
cn01:308591:308734 [1] NCCL INFO Channel 01/0 : 1[3503000] -> 0[404000] via P2P/IPC
ln01:2720769:2720909 [1] NCCL INFO Channel 01/0 : 11[3503000] -> 10[404000] via P2P/IPC
cn02:560106:560235 [0] NCCL INFO Channel 01/0 : 0[404000] -> 2[404000] [receive] via NET/IB/0
cn02:560107:560234 [1] NCCL INFO Channel 01/0 : 3[3503000] -> 6[404000] [send] via NET/IB/0
cn04:576168:576309 [0] NCCL INFO Channel 00/0 : 4[404000] -> 6[404000] [send] via NET/IB/0
cn05:2608363:2608503 [1] NCCL INFO Channel 01/0 : 8[404000] -> 7[3503000] [receive] via NET/IB/0
cn05:2608363:2608503 [1] NCCL INFO Channel 00/0 : 7[3503000] -> 6[404000] via P2P/IPC
cn06:2148394:2148534 [1] NCCL INFO Channel 00/0 : 4[404000] -> 9[3503000] [receive] via NET/IB/0
cn06:2148393:2148533 [0] NCCL INFO Channel 00/0 : 8[404000] -> 10[404000] [send] via NET/IB/0
cn04:576169:576308 [1] NCCL INFO Channel 00/0 : 2[404000] -> 5[3503000] [receive] via NET/IB/0
cn05:2608362:2608502 [0] NCCL INFO Channel 00/0 : 4[404000] -> 6[404000] [receive] via NET/IB/0
ln01:2720768:2720910 [0] NCCL INFO Channel 00/0 : 8[404000] -> 10[404000] [receive] via NET/IB/0
cn01:308590:308733 [0] NCCL INFO Channel 01/0 : 0[404000] -> 2[404000] [send] via NET/IB/0
cn05:2608363:2608503 [1] NCCL INFO Channel 01/0 : 7[3503000] -> 6[404000] via P2P/IPC
cn04:576168:576309 [0] NCCL INFO Channel 01/0 : 4[404000] -> 6[404000] [send] via NET/IB/0
cn05:2608362:2608502 [0] NCCL INFO Channel 01/0 : 4[404000] -> 6[404000] [receive] via NET/IB/0
ln01:2720768:2720910 [0] NCCL INFO Channel 01/0 : 10[404000] -> 2[404000] [send] via NET/IB/0
cn06:2148393:2148533 [0] NCCL INFO Channel 00/0 : 8[404000] -> 0[404000] [send] via NET/IB/0
cn02:560106:560235 [0] NCCL INFO Channel 00/0 : 2[404000] -> 5[3503000] [send] via NET/IB/0
cn01:308590:308733 [0] NCCL INFO Channel 00/0 : 8[404000] -> 0[404000] [receive] via NET/IB/0
cn04:576169:576308 [1] NCCL INFO Channel 00/0 : 5[3503000] -> 2[404000] [send] via NET/IB/0
cn04:576168:576309 [0] NCCL INFO Channel 00/0 : 4[404000] -> 9[3503000] [send] via NET/IB/0
cn05:2608362:2608502 [0] NCCL INFO Channel 01/0 : 3[3503000] -> 6[404000] [receive] via NET/IB/0
cn02:560106:560235 [0] NCCL INFO Channel 01/0 : 10[404000] -> 2[404000] [receive] via NET/IB/0
cn06:2148393:2148533 [0] NCCL INFO Channel 00/0 : 0[404000] -> 8[404000] [receive] via NET/IB/0
cn01:308590:308733 [0] NCCL INFO Channel 00/0 : 0[404000] -> 8[404000] [send] via NET/IB/0
cn02:560107:560234 [1] NCCL INFO Channel 01/0 : 6[404000] -> 3[3503000] [receive] via NET/IB/0
cn06:2148394:2148534 [1] NCCL INFO Channel 00/0 : 9[3503000] -> 4[404000] [send] via NET/IB/0
ln01:2720768:2720910 [0] NCCL INFO Channel 01/0 : 2[404000] -> 10[404000] [receive] via NET/IB/0
cn04:576168:576309 [0] NCCL INFO Channel 00/0 : 9[3503000] -> 4[404000] [receive] via NET/IB/0
cn06:2148394:2148534 [1] NCCL INFO Channel 00/0 : 9[3503000] -> 8[404000] via P2P/IPC
cn02:560106:560235 [0] NCCL INFO Channel 01/0 : 2[404000] -> 10[404000] [send] via NET/IB/0
cn06:2148393:2148533 [0] NCCL INFO Channel 00/0 : 10[404000] -> 8[404000] [receive] via NET/IB/0
cn01:308590:308733 [0] NCCL INFO Channel 01/0 : 2[404000] -> 0[404000] [receive] via NET/IB/0
cn05:2608362:2608502 [0] NCCL INFO Channel 01/0 : 6[404000] -> 3[3503000] [send] via NET/IB/0
cn02:560107:560234 [1] NCCL INFO Channel 00/0 : 3[3503000] -> 2[404000] via P2P/IPC
cn06:2148394:2148534 [1] NCCL INFO Channel 01/0 : 9[3503000] -> 8[404000] via P2P/IPC
ln01:2720768:2720910 [0] NCCL INFO Channel 00/0 : 10[404000] -> 8[404000] [send] via NET/IB/0
cn02:560107:560234 [1] NCCL INFO Channel 01/0 : 3[3503000] -> 2[404000] via P2P/IPC
cn04:576168:576309 [0] NCCL INFO Channel 00/0 : 6[404000] -> 4[404000] [receive] via NET/IB/0
cn02:560106:560235 [0] NCCL INFO Channel 00/0 : 5[3503000] -> 2[404000] [receive] via NET/IB/0
cn04:576169:576308 [1] NCCL INFO Channel 00/0 : 5[3503000] -> 4[404000] via P2P/IPC
cn05:2608362:2608502 [0] NCCL INFO Channel 00/0 : 6[404000] -> 4[404000] [send] via NET/IB/0
cn04:576169:576308 [1] NCCL INFO Channel 01/0 : 5[3503000] -> 4[404000] via P2P/IPC
ln01:2720769:2720909 [1] NCCL INFO Connected all trees
ln01:2720769:2720909 [1] NCCL INFO threadThresholds 8/8/64 | 96/8/64 | 512 | 512
ln01:2720769:2720909 [1] NCCL INFO 2 coll channels, 0 nvls channels, 2 p2p channels, 2 p2p channels per peer
cn04:576168:576309 [0] NCCL INFO Channel 01/0 : 6[404000] -> 4[404000] [receive] via NET/IB/0
cn02:560106:560235 [0] NCCL INFO Channel 01/0 : 2[404000] -> 0[404000] [send] via NET/IB/0
cn05:2608362:2608502 [0] NCCL INFO Channel 01/0 : 6[404000] -> 4[404000] [send] via NET/IB/0
cn06:2148393:2148533 [0] NCCL INFO Channel 01/0 : 8[404000] -> 7[3503000] [send] via NET/IB/0
cn01:308591:308734 [1] NCCL INFO Connected all trees
cn01:308591:308734 [1] NCCL INFO threadThresholds 8/8/64 | 96/8/64 | 512 | 512
cn01:308591:308734 [1] NCCL INFO 2 coll channels, 0 nvls channels, 2 p2p channels, 2 p2p channels per peer
ln01:2720768:2720910 [0] NCCL INFO Connected all trees
ln01:2720768:2720910 [0] NCCL INFO threadThresholds 8/8/64 | 96/8/64 | 512 | 512
ln01:2720768:2720910 [0] NCCL INFO 2 coll channels, 0 nvls channels, 2 p2p channels, 2 p2p channels per peer
cn05:2608363:2608503 [1] NCCL INFO Connected all trees
cn05:2608363:2608503 [1] NCCL INFO threadThresholds 8/8/64 | 96/8/64 | 512 | 512
cn05:2608363:2608503 [1] NCCL INFO 2 coll channels, 0 nvls channels, 2 p2p channels, 2 p2p channels per peer
cn04:576169:576308 [1] NCCL INFO Connected all trees
cn04:576169:576308 [1] NCCL INFO threadThresholds 8/8/64 | 96/8/64 | 512 | 512
cn04:576169:576308 [1] NCCL INFO 2 coll channels, 0 nvls channels, 2 p2p channels, 2 p2p channels per peer
cn06:2148393:2148533 [0] NCCL INFO Connected all trees
cn06:2148393:2148533 [0] NCCL INFO threadThresholds 8/8/64 | 96/8/64 | 512 | 512
cn06:2148393:2148533 [0] NCCL INFO 2 coll channels, 0 nvls channels, 2 p2p channels, 2 p2p channels per peer
cn02:560106:560235 [0] NCCL INFO Connected all trees
cn02:560106:560235 [0] NCCL INFO threadThresholds 8/8/64 | 96/8/64 | 512 | 512
cn02:560106:560235 [0] NCCL INFO 2 coll channels, 0 nvls channels, 2 p2p channels, 2 p2p channels per peer
cn06:2148394:2148534 [1] NCCL INFO Connected all trees
cn06:2148394:2148534 [1] NCCL INFO threadThresholds 8/8/64 | 96/8/64 | 512 | 512
cn06:2148394:2148534 [1] NCCL INFO 2 coll channels, 0 nvls channels, 2 p2p channels, 2 p2p channels per peer
cn02:560107:560234 [1] NCCL INFO Connected all trees
cn02:560107:560234 [1] NCCL INFO threadThresholds 8/8/64 | 96/8/64 | 512 | 512
cn02:560107:560234 [1] NCCL INFO 2 coll channels, 0 nvls channels, 2 p2p channels, 2 p2p channels per peer
ln01:2720769:2720909 [1] NCCL INFO comm 0x17e653cb0 rank 11 nranks 12 cudaDev 1 busId 3503000 commId 0xe1b820af104edcde - Init COMPLETE
ln01:2720768:2720910 [0] NCCL INFO comm 0x18801fd70 rank 10 nranks 12 cudaDev 0 busId 404000 commId 0xe1b820af104edcde - Init COMPLETE
cn01:308590:308733 [0] NCCL INFO Connected all trees
cn01:308590:308733 [0] NCCL INFO threadThresholds 8/8/64 | 96/8/64 | 512 | 512
cn01:308590:308733 [0] NCCL INFO 2 coll channels, 0 nvls channels, 2 p2p channels, 2 p2p channels per peer
cn04:576168:576309 [0] NCCL INFO Connected all trees
cn04:576168:576309 [0] NCCL INFO threadThresholds 8/8/64 | 96/8/64 | 512 | 512
cn04:576168:576309 [0] NCCL INFO 2 coll channels, 0 nvls channels, 2 p2p channels, 2 p2p channels per peer
cn05:2608362:2608502 [0] NCCL INFO Connected all trees
cn05:2608362:2608502 [0] NCCL INFO threadThresholds 8/8/64 | 96/8/64 | 512 | 512
cn05:2608362:2608502 [0] NCCL INFO 2 coll channels, 0 nvls channels, 2 p2p channels, 2 p2p channels per peer
cn02:560106:560235 [0] NCCL INFO comm 0x1859205e0 rank 2 nranks 12 cudaDev 0 busId 404000 commId 0xe1b820af104edcde - Init COMPLETE
cn02:560107:560234 [1] NCCL INFO comm 0x188914660 rank 3 nranks 12 cudaDev 1 busId 3503000 commId 0xe1b820af104edcde - Init COMPLETE
cn06:2148393:2148533 [0] NCCL INFO comm 0x1b9640d90 rank 8 nranks 12 cudaDev 0 busId 404000 commId 0xe1b820af104edcde - Init COMPLETE
cn06:2148394:2148534 [1] NCCL INFO comm 0x18b5161b0 rank 9 nranks 12 cudaDev 1 busId 3503000 commId 0xe1b820af104edcde - Init COMPLETE
cn01:308590:308733 [0] NCCL INFO comm 0x188d70d30 rank 0 nranks 12 cudaDev 0 busId 404000 commId 0xe1b820af104edcde - Init COMPLETE
cn01:308591:308734 [1] NCCL INFO comm 0x1b0431190 rank 1 nranks 12 cudaDev 1 busId 3503000 commId 0xe1b820af104edcde - Init COMPLETE
cn04:576169:576308 [1] NCCL INFO comm 0x1c056e4f0 rank 5 nranks 12 cudaDev 1 busId 3503000 commId 0xe1b820af104edcde - Init COMPLETE
cn04:576168:576309 [0] NCCL INFO comm 0x197b0dd40 rank 4 nranks 12 cudaDev 0 busId 404000 commId 0xe1b820af104edcde - Init COMPLETE
cn05:2608363:2608503 [1] NCCL INFO comm 0x1bb892da0 rank 7 nranks 12 cudaDev 1 busId 3503000 commId 0xe1b820af104edcde - Init COMPLETE
cn05:2608362:2608502 [0] NCCL INFO comm 0x19b465de0 rank 6 nranks 12 cudaDev 0 busId 404000 commId 0xe1b820af104edcde - Init COMPLETE
[lstm h=30] epoch 0: val RMSE=38.3234
[lstm h=30] epoch 1: val RMSE=38.2596
[lstm h=30] epoch 2: val RMSE=38.1806
[lstm h=30] epoch 3: val RMSE=38.0755
[lstm h=30] epoch 4: val RMSE=37.9284
[lstm h=30] epoch 5: val RMSE=37.7140
[lstm h=30] epoch 6: val RMSE=37.4060
[lstm h=30] epoch 7: val RMSE=36.9915
[lstm h=30] epoch 8: val RMSE=36.5031
[lstm h=30] epoch 9: val RMSE=36.0002
[lstm h=30] epoch 10: val RMSE=35.5336
[lstm h=30] epoch 11: val RMSE=35.1050
[lstm h=30] epoch 12: val RMSE=34.6980
[lstm h=30] epoch 13: val RMSE=34.3077
[lstm h=30] epoch 14: val RMSE=33.9408
[lstm h=30] epoch 15: val RMSE=33.6088
[lstm h=30] epoch 16: val RMSE=33.3128
[lstm h=30] epoch 17: val RMSE=33.0478
[lstm h=30] epoch 18: val RMSE=32.8078
[lstm h=30] epoch 19: val RMSE=32.5875
[lstm h=30] epoch 20: val RMSE=32.3827
[lstm h=30] epoch 21: val RMSE=32.1897
[lstm h=30] epoch 22: val RMSE=32.0056
[lstm h=30] epoch 23: val RMSE=31.8280
[lstm h=30] epoch 24: val RMSE=31.6551
[lstm h=30] epoch 25: val RMSE=31.4859
[lstm h=30] epoch 26: val RMSE=31.3197
[lstm h=30] epoch 27: val RMSE=31.1558
[lstm h=30] epoch 28: val RMSE=30.9941
[lstm h=30] epoch 29: val RMSE=30.8344
[lstm h=30] epoch 30: val RMSE=30.6767
[lstm h=30] epoch 31: val RMSE=30.5206
[lstm h=30] epoch 32: val RMSE=30.3659
[lstm h=30] epoch 33: val RMSE=30.2124
[lstm h=30] epoch 34: val RMSE=30.0601
[lstm h=30] epoch 35: val RMSE=29.9091
[lstm h=30] epoch 36: val RMSE=29.7594
[lstm h=30] epoch 37: val RMSE=29.6108
[lstm h=30] epoch 38: val RMSE=29.4635
[lstm h=30] epoch 39: val RMSE=29.3173
[lstm h=30] epoch 40: val RMSE=29.1719
[lstm h=30] epoch 41: val RMSE=29.0274
[lstm h=30] epoch 42: val RMSE=28.8840
[lstm h=30] epoch 43: val RMSE=28.7416
[lstm h=30] epoch 44: val RMSE=28.6002
[lstm h=30] epoch 45: val RMSE=28.4595
[lstm h=30] epoch 46: val RMSE=28.3196
[lstm h=30] epoch 47: val RMSE=28.1807
[lstm h=30] epoch 48: val RMSE=28.0424
[lstm h=30] epoch 49: val RMSE=27.9049
[lstm h=30] epoch 50: val RMSE=27.7681
[lstm h=30] epoch 51: val RMSE=27.6316
[lstm h=30] epoch 52: val RMSE=27.4957
[lstm h=30] epoch 53: val RMSE=27.3603
[lstm h=30] epoch 54: val RMSE=27.2254
[lstm h=30] epoch 55: val RMSE=27.0908
[lstm h=30] epoch 56: val RMSE=26.9567
[lstm h=30] epoch 57: val RMSE=26.8233
[lstm h=30] epoch 58: val RMSE=26.6904
[lstm h=30] epoch 59: val RMSE=26.5582
[lstm h=30] epoch 60: val RMSE=26.4265
[lstm h=30] epoch 61: val RMSE=26.2949
[lstm h=30] epoch 62: val RMSE=26.1633
[lstm h=30] epoch 63: val RMSE=26.0315
[lstm h=30] epoch 64: val RMSE=25.8991
[lstm h=30] epoch 65: val RMSE=25.7660
[lstm h=30] epoch 66: val RMSE=25.6320
[lstm h=30] epoch 67: val RMSE=25.4975
[lstm h=30] epoch 68: val RMSE=25.3635
[lstm h=30] epoch 69: val RMSE=25.2306
[lstm h=30] epoch 70: val RMSE=25.0984
[lstm h=30] epoch 71: val RMSE=24.9666
[lstm h=30] epoch 72: val RMSE=24.8351
[lstm h=30] epoch 73: val RMSE=24.7041
[lstm h=30] epoch 74: val RMSE=24.5736
[lstm h=30] epoch 75: val RMSE=24.4436
[lstm h=30] epoch 76: val RMSE=24.3143
[lstm h=30] epoch 77: val RMSE=24.1852
[lstm h=30] epoch 78: val RMSE=24.0565
[lstm h=30] epoch 79: val RMSE=23.9284
[lstm h=30] epoch 80: val RMSE=23.8009
[lstm h=30] epoch 81: val RMSE=23.6738
[lstm h=30] epoch 82: val RMSE=23.5472
[lstm h=30] epoch 83: val RMSE=23.4211
[lstm h=30] epoch 84: val RMSE=23.2954
[lstm h=30] epoch 85: val RMSE=23.1701
[lstm h=30] epoch 86: val RMSE=23.0451
[lstm h=30] epoch 87: val RMSE=22.9206
[lstm h=30] epoch 88: val RMSE=22.7966
[lstm h=30] epoch 89: val RMSE=22.6729
[lstm h=30] epoch 90: val RMSE=22.5491
[lstm h=30] epoch 91: val RMSE=22.4258
[lstm h=30] epoch 92: val RMSE=22.3031
[lstm h=30] epoch 93: val RMSE=22.1808
[lstm h=30] epoch 94: val RMSE=22.0589
[lstm h=30] epoch 95: val RMSE=21.9374
[lstm h=30] epoch 96: val RMSE=21.8163
[lstm h=30] epoch 97: val RMSE=21.6953
[lstm h=30] epoch 98: val RMSE=21.5746
[lstm h=30] epoch 99: val RMSE=21.4545
[lstm h=30] test metrics: {'rmse': 20.409513473510742, 'mae': 19.439228057861328, 'mape': 52.182263135910034, 'directional_accuracy': 0.458477508650519, 'n': 578}
cn06:2148394:2148538 [1] NCCL INFO [Service thread] Connection closed by localRank 1
cn06:2148393:2148537 [0] NCCL INFO [Service thread] Connection closed by localRank 0
ln01:2720768:2720916 [0] NCCL INFO [Service thread] Connection closed by localRank 0
cn01:308591:308740 [1] NCCL INFO [Service thread] Connection closed by localRank 1
cn05:2608363:2608507 [1] NCCL INFO [Service thread] Connection closed by localRank 1
cn05:2608362:2608506 [0] NCCL INFO [Service thread] Connection closed by localRank 0
ln01:2720769:2720915 [1] NCCL INFO [Service thread] Connection closed by localRank 1
cn01:308590:308741 [0] NCCL INFO [Service thread] Connection closed by localRank 0
cn02:560106:560239 [0] NCCL INFO [Service thread] Connection closed by localRank 0
cn04:576169:576315 [1] NCCL INFO [Service thread] Connection closed by localRank 1
cn04:576168:576314 [0] NCCL INFO [Service thread] Connection closed by localRank 0
cn02:560107:560238 [1] NCCL INFO [Service thread] Connection closed by localRank 1
ln01:2720769:2720769 [1] NCCL INFO comm 0x17e653cb0 rank 11 nranks 12 cudaDev 1 busId 3503000 - Abort COMPLETE
cn01:308591:308591 [1] NCCL INFO comm 0x1b0431190 rank 1 nranks 12 cudaDev 1 busId 3503000 - Abort COMPLETE
cn05:2608363:2608363 [1] NCCL INFO comm 0x1bb892da0 rank 7 nranks 12 cudaDev 1 busId 3503000 - Abort COMPLETE
cn06:2148394:2148394 [1] NCCL INFO comm 0x18b5161b0 rank 9 nranks 12 cudaDev 1 busId 3503000 - Abort COMPLETE
cn02:560107:560107 [1] NCCL INFO comm 0x188914660 rank 3 nranks 12 cudaDev 1 busId 3503000 - Abort COMPLETE
cn04:576169:576169 [1] NCCL INFO comm 0x1c056e4f0 rank 5 nranks 12 cudaDev 1 busId 3503000 - Abort COMPLETE
ln01:2720768:2720768 [0] NCCL INFO comm 0x18801fd70 rank 10 nranks 12 cudaDev 0 busId 404000 - Abort COMPLETE
cn02:560106:560106 [0] NCCL INFO comm 0x1859205e0 rank 2 nranks 12 cudaDev 0 busId 404000 - Abort COMPLETE
cn06:2148393:2148393 [0] NCCL INFO comm 0x1b9640d90 rank 8 nranks 12 cudaDev 0 busId 404000 - Abort COMPLETE
cn04:576168:576168 [0] NCCL INFO comm 0x197b0dd40 rank 4 nranks 12 cudaDev 0 busId 404000 - Abort COMPLETE
cn05:2608362:2608362 [0] NCCL INFO comm 0x19b465de0 rank 6 nranks 12 cudaDev 0 busId 404000 - Abort COMPLETE
cn01:308590:308590 [0] NCCL INFO comm 0x188d70d30 rank 0 nranks 12 cudaDev 0 busId 404000 - Abort COMPLETE
Job completed.


PS:

Read file <poprad_cds.74489.err> for stderr output of this job.

